******************************************************************************
                  TI ARM Linker PC v20.2.2                     
******************************************************************************
>> Linked Fri Jan 20 03:30:53 2023

OUTPUT FILE NAME:   <adc_sample.out>
ENTRY POINT SYMBOL: "_c_int00"  address: 00005b11


MEMORY CONFIGURATION

         name            origin    length      used     unused   attr    fill
----------------------  --------  ---------  --------  --------  ----  --------
  MAIN                  00000000   00040000  00008f83  0003707d  R  X
  INFO                  00200000   00004000  00000000  00004000  R  X
  SRAM_CODE             01000000   00010000  00009281  00006d7f  RW X
  SRAM_DATA             20000000   00010000  00009281  00006d7f  RW  


SEGMENT ALLOCATION MAP

run origin  load origin   length   init length attrs members
----------  ----------- ---------- ----------- ----- -------
00000000    00000000    00008f90   00008f90    r-x
  00000000    00000000    0000003c   0000003c    r-- .resetVecs
  00000040    00000040    000081ea   000081ea    r-x .text
  0000822c    0000822c    00000ac5   00000ac5    r-- .const
  00008cf8    00008cf8    00000298   00000298    r-- .cinit
20000140    20000140    00008000   00000000    r--
  20000140    20000140    00008000   00000000    r-- .priheap
20008140    20008140    00000d42   00000000    rw-
  20008140    20008140    000007f7   00000000    rw- .data
  20008938    20008938    0000054a   00000000    rw- .bss
2000fc00    2000fc00    00000400   00000000    rw-
  2000fc00    2000fc00    00000400   00000000    rw- .stack


SECTION ALLOCATION MAP

 output                                  attributes/
section   page    origin      length       input sections
--------  ----  ----------  ----------   ----------------
.text      0    00000040    000081ea     
                  00000040    00000a4e     rtsv7M4_T_le_v4SPD16_eabi.lib : _printfi.c.obj (.text:__TI_printfi)
                  00000a8e    0000047e     grlib.a : string.obj (.text:Graphics_drawString)
                  00000f0c    000002f8     drivers_msp432p401x.aem4f : PowerMSP432.oem4f (.text:Power_sleep)
                  00001204    0000028a     msp432p4xx_driverlib.lib : pcm.o (.text:__PCM_setPowerStateAdvanced)
                  0000148e    00000002     ti_drivers_config.obj (.text:Board_initHook)
                  00001490    00000288     drivers_msp432p401x.aem4f : PowerMSP432.oem4f (.text:initPerfControl)
                  00001718    00000270     rtsv7M4_T_le_v4SPD16_eabi.lib : _printfi.c.obj (.text:_pconv_a)
                  00001988    000001d8     Crystalfontz128x128_ST7735.obj (.text:Crystalfontz128x128_PixelDrawMultiple)
                  00001b60    000001d0     rtsv7M4_T_le_v4SPD16_eabi.lib : _printfi.c.obj (.text:_pconv_g)
                  00001d30    000001b6                                   : fd_add_t2.asm.obj (.text)
                  00001ee6    00000002     dpl_msp432p401x.aem4f : PowerMSP432_tirtos.oem4f (.text:PowerMSP432_initPolicy)
                  00001ee8    00000160     msp432p4xx_driverlib.lib : adc14.o (.text:_getIndexForMemRegister)
                  00002048    0000015c                              : pcm.o (.text:__PCM_setPowerModeAdvanced)
                  000021a4    0000013c     rtsv7M4_T_le_v4SPD16_eabi.lib : _printfi.c.obj (.text:_pconv_e)
                  000022e0    00000136                                   : fd_div_t2.asm.obj (.text)
                  00002416    00000002                                   : _lock.c.obj (.text:_nop)
                  00002418    00000134     Crystalfontz128x128_ST7735.obj (.text:Crystalfontz128x128_SetDrawFrame)
                  0000254c    00000004     msp432p4xx_driverlib.lib : cpu.o (.text:CPU_wfi)
                  00002550    00000130     sysbios.aem4f : BIOS.obj (.text:ti_sysbios_knl_Semaphore_pend__E)
                  00002680    0000012c     Crystalfontz128x128_ST7735.obj (.text:Crystalfontz128x128_Init)
                  000027ac    00000124     rtsv7M4_T_le_v4SPD16_eabi.lib : _printfi.c.obj (.text:fcvt)
                  000028d0    00000114                                   : fputs.c.obj (.text:fputs)
                  000029e4    00000110                                   : s_scalbn.c.obj (.text:scalbn)
                  00002af4    00000108     msp432p4xx_driverlib.lib : pcm.o (.text:__PCM_setCoreVoltageLevelAdvanced)
                  00002bfc    00000004     dpl_msp432p401x.aem4f : HwiP_tirtos.oem4f (.text:HwiP_disable)
                  00002c00    00000108     sysbios.aem4f : BIOS.obj (.text:ti_sysbios_knl_Task_postInit__I)
                  00002d08    00000108                   : BIOS.obj (.text:xdc_runtime_Startup_startMods__I)
                  00002e10    00000104                   : BIOS.obj (.text:ti_sysbios_knl_Task_Instance_finalize__E)
                  00002f14    000000fc     drivers_msp432p401x.aem4f : ADCMSP432.oem4f (.text:ADCMSP432_convert)
                  00003010    000000fc     rtsv7M4_T_le_v4SPD16_eabi.lib : fd_mul_t2.asm.obj (.text)
                  0000310c    00000004     dpl_msp432p401x.aem4f : SemaphoreP_tirtos.oem4f (.text:SemaphoreP_post)
                  00003110    000000f8     sysbios.aem4f : BIOS.obj (.text:ti_sysbios_family_arm_msp432_init_Boot_configureClocksHigh)
                  00003208    000000f0                   : m3_Hwi_asm.obj (.text:ti_sysbios_family_arm_m3_Hwi_dispatch__I)
                  000032f8    000000e4     msp432p4xx_driverlib.lib : cs.o (.text:CS_startHFXTWithTimeout)
                  000033dc    000000e0                              : cs.o (.text:CS_startLFXTWithTimeout)
                  000034bc    00000004     rtsv7M4_T_le_v4SPD16_eabi.lib : exit.c.obj (.text:abort:abort)
                  000034c0    000000e0     sysbios.aem4f : BIOS.obj (.text:ti_sysbios_knl_Task_Instance_init__E)
                  000035a0    000000dc     msp432p4xx_driverlib.lib : cs.o (.text:_CSGetHFXTFrequency)
                  0000367c    000000dc     rtsv7M4_T_le_v4SPD16_eabi.lib : setvbuf.c.obj (.text:setvbuf)
                  00003758    000000d8     sysbios.aem4f : BIOS.obj (.text:ti_sysbios_knl_Mailbox_Instance_init__E)
                  00003830    000000d0                   : BIOS.obj (.text:ti_sysbios_heaps_HeapMem_alloc__E)
                  00003900    000000c4                   : BIOS.obj (.text:ti_sysbios_knl_Task_sleep__E)
                  000039c4    000000c0     main_tirtos.obj (.text:startup_task)
                  00003a84    00000004     release_pem4f.oem4f (.text:ti_sysbios_BIOS_RtsGateProxy_enter__E)
                  00003a88    000000b8     sysbios.aem4f : BIOS.obj (.text:ti_sysbios_family_arm_m3_Hwi_Instance_init__E)
                  00003b40    000000b4     msp432p4xx_driverlib.lib : adc14.o (.text:ADC14_configureConversionMemory)
                  00003bf4    000000b1     rtsv7M4_T_le_v4SPD16_eabi.lib : _printfi.c.obj (.text:_ltostr)
                  00003ca5    00000001     --HOLE-- [fill = 0]
                  00003ca6    000000b0     msp432p4xx_driverlib.lib : spi.o (.text:SPI_initMaster)
                  00003d56    00000002     rtsv7M4_T_le_v4SPD16_eabi.lib : div0.asm.obj (.text)
                  00003d58    000000ac     main_tirtos.obj (.text:main)
                  00003e04    00000004     release_pem4f.oem4f (.text:ti_sysbios_BIOS_RtsGateProxy_leave__E)
                  00003e08    000000a8     sysbios.aem4f : BIOS.obj (.text:ti_sysbios_family_arm_msp432_Timer_periodicStub__E)
                  00003eb0    000000a8                   : BIOS.obj (.text:ti_sysbios_gates_GateMutexPri_enter__E)
                  00003f58    000000a6                   : BIOS.obj (.text:xdc_runtime_Core_createObject__I)
                  00003ffe    00000002     release_pem4f.oem4f (.text:ti_sysbios_BIOS_nullFunc__I)
                  00004000    000000a4     sysbios.aem4f : BIOS.obj (.text:ti_sysbios_knl_Task_setPri__E)
                  000040a4    000000a0     auto_init.aem4f : auto_init.oem4f (.text)
                  00004144    0000009c     Crystalfontz128x128_ST7735.obj (.text:Crystalfontz128x128_RectFill)
                  000041e0    0000009c     grlib.a : line.obj (.text:Graphics_drawLineH)
                  0000427c    0000009c     drivers_msp432p401x.aem4f : PowerMSP432.oem4f (.text:Power_init)
                  00004318    0000009c     rtsv7M4_T_le_v4SPD16_eabi.lib : memcpy_t2.asm.obj (.text)
                  000043b4    00000096                                   : ull_div_t2.asm.obj (.text)
                  0000444a    00000006     drivers_msp432p401x.aem4f : ADCMSP432.oem4f (.text:ADCMSP432_control)
                  00004450    00000094     sysbios.aem4f : BIOS.obj (.text:ti_sysbios_family_arm_m3_Hwi_initNVIC__E)
                  000044e4    00000004     release_pem4f.oem4f (.text:ti_sysbios_family_arm_m3_TaskSupport_Module__startupDone__S)
                  000044e8    00000094     sysbios.aem4f : BIOS.obj (.text:ti_sysbios_knl_Task_exit__E)
                  0000457c    00000004     release_pem4f.oem4f (.text:ti_sysbios_heaps_HeapMem_Module_GateProxy_enter__E)
                  00004580    00000090     sysbios.aem4f : BIOS.obj (.text:ti_sysbios_knl_Task_Module_startup__E)
                  00004610    0000008c     drivers_msp432p401x.aem4f : ADCMSP432.oem4f (.text:ADCMSP432_open)
                  0000469c    0000008c     sysbios.aem4f : m3_TaskSupport_asm.obj (.text:ti_sysbios_family_arm_m3_TaskSupport_buildTaskStack)
                  00004728    0000008c                   : BIOS.obj (.text:xdc_runtime_Memory_alloc__E)
                  000047b4    00000088     msp432p4xx_driverlib.lib : gpio.o (.text:GPIO_setAsPeripheralModuleFunctionOutputPin)
                  0000483c    00000004     release_pem4f.oem4f (.text:ti_sysbios_heaps_HeapMem_Module_GateProxy_leave__E)
                  00004840    00000088     sysbios.aem4f : BIOS.obj (.text:ti_sysbios_knl_Mailbox_post__E)
                  000048c8    00000086     rtsv7M4_T_le_v4SPD16_eabi.lib : fd_cmp_t2.asm.obj (.text:__aeabi_cdcmple)
                  0000494e    00000086                                   : fd_cmp_t2.asm.obj (.text:__aeabi_cdrcmple)
                  000049d4    00000004     release_pem4f.oem4f (.text:ti_sysbios_knl_Clock_TimerProxy_getMaxTicks__E)
                  000049d8    00000086     sysbios.aem4f : BIOS.obj (.text:xdc_runtime_Core_constructObject__I)
                  00004a5e    00000002     --HOLE-- [fill = 0]
                  00004a60    00000084     msp432p4xx_driverlib.lib : pcm.o (.text:PCM_gotoLPM3)
                  00004ae4    00000084     main_tirtos.obj (.text:display_task)
                  00004b68    00000084     drivers_msp432p401x.aem4f : PowerMSP432.oem4f (.text:restartHFXT)
                  00004bec    00000004     release_pem4f.oem4f (.text:ti_sysbios_knl_Semaphore_delete)
                  00004bf0    00000084     sysbios.aem4f : BIOS.obj (.text:ti_sysbios_family_arm_m3_Hwi_postInit__I)
                  00004c74    00000004     release_pem4f.oem4f (.text:ti_sysbios_knl_Task_delete)
                  00004c78    00000084     sysbios.aem4f : BIOS.obj (.text:ti_sysbios_heaps_HeapMem_free__E)
                  00004cfc    00000004     release_pem4f.oem4f (.text:xdc_runtime_System_Module_GateProxy_enter__E)
                  00004d00    00000080     sysbios.aem4f : BIOS.obj (.text:ti_sysbios_knl_Clock_workFunc__E)
                  00004d80    0000007c     rtsv7M4_T_le_v4SPD16_eabi.lib : fflush.c.obj (.text:fflush)
                  00004dfc    0000007a                                   : memset_t2.asm.obj (.text)
                  00004e76    00000002     --HOLE-- [fill = 0]
                  00004e78    00000074                                   : fclose.c.obj (.text:__TI_closefile)
                  00004eec    00000004     release_pem4f.oem4f (.text:xdc_runtime_System_Module_GateProxy_leave__E)
                  00004ef0    00000074     sysbios.aem4f : BIOS.obj (.text:ti_sysbios_knl_Mailbox_pend__E)
                  00004f64    00000004     --HOLE-- [fill = 0]
                  00004f68    00000070                   : BIOS.obj (.text:ti_sysbios_heaps_HeapMem_initPrimary__I)
                  00004fd8    00000070                   : BIOS.obj (.text:ti_sysbios_knl_Mailbox_Instance_finalize__E)
                  00005048    0000006e     rtsv7M4_T_le_v4SPD16_eabi.lib : _printfi.c.obj (.text:_mcpy)
                  000050b6    00000002     --HOLE-- [fill = 0]
                  000050b8    0000006c                                   : hostrename.c.obj (.text:HOSTrename)
                  00005124    00000004     --HOLE-- [fill = 0]
                  00005128    0000006c     sysbios.aem4f : BIOS.obj (.text:ti_sysbios_gates_GateMutexPri_leave__E)
                  00005194    00000004     --HOLE-- [fill = 0]
                  00005198    0000006c                   : BIOS.obj (.text:ti_sysbios_knl_Swi_restoreHwi__E)
                  00005204    00000068     rtsv7M4_T_le_v4SPD16_eabi.lib : hostlseek.c.obj (.text:HOSTlseek)
                  0000526c    00000068                                   : copy_decompress_lzss.c.obj (.text:decompress:lzss:__TI_decompress_lzss)
                  000052d4    00000068     protectedlcd.obj (.text:protected_lcd_init)
                  0000533c    00000004     --HOLE-- [fill = 0]
                  00005340    00000066     sysbios.aem4f : BIOS.obj (.text:xdc_runtime_Core_deleteObject__I)
                  000053a6    00000002     --HOLE-- [fill = 0]
                  000053a8    00000064     rtsv7M4_T_le_v4SPD16_eabi.lib : s_frexp.c.obj (.text:frexp)
                  0000540c    00000064                                   : fseek.c.obj (.text:fseek)
                  00005470    00000064     sysbios.aem4f : BIOS.obj (.text:ti_sysbios_family_arm_m3_Hwi_dispatchC__I)
                  000054d4    00000062     rtsv7M4_T_le_v4SPD16_eabi.lib : _io_perm.c.obj (.text:__TI_wrt_ok)
                  00005536    00000002     --HOLE-- [fill = 0]
                  00005538    00000060     drivers_msp432p401x.aem4f : ADCMSP432.oem4f (.text:ADCMSP432_convertToMicroVolts)
                  00005598    00000060     Crystalfontz128x128_ST7735.obj (.text:Crystalfontz128x128_LineDrawH)
                  000055f8    00000060     Crystalfontz128x128_ST7735.obj (.text:Crystalfontz128x128_LineDrawV)
                  00005658    00000060     rtsv7M4_T_le_v4SPD16_eabi.lib : hostopen.c.obj (.text:HOSTopen)
                  000056b8    00000060     sysbios.aem4f : BIOS.obj (.text:ti_sysbios_knl_Semaphore_post__E)
                  00005718    00000060                   : BIOS.obj (.text:ti_sysbios_knl_Swi_run__I)
                  00005778    0000005e     msp432p4xx_driverlib.lib : pcm.o (.text:PCM_getCoreVoltageLevel)
                  000057d6    00000002     --HOLE-- [fill = 0]
                  000057d8    0000005c     rtsv7M4_T_le_v4SPD16_eabi.lib : close.c.obj (.text:close)
                  00005834    00000004     --HOLE-- [fill = 0]
                  00005838    0000005c     sysbios.aem4f : BIOS.obj (.text:ti_sysbios_knl_Swi_schedule__I)
                  00005894    00000004     --HOLE-- [fill = 0]
                  00005898    0000005c                   : BIOS.obj (.text:ti_sysbios_knl_Task_startCore__E)
                  000058f4    00000004     --HOLE-- [fill = 0]
                  000058f8    0000005c                   : BIOS.obj (.text:xdc_runtime_Startup_exec__E)
                  00005954    0000005a     msp432p4xx_driverlib.lib : pcm.o (.text:PCM_getPowerMode)
                  000059ae    0000005a     drivers_msp432p401x.aem4f : ADCMSP432.oem4f (.text:initHw)
                  00005a08    00000058     rtsv7M4_T_le_v4SPD16_eabi.lib : hostread.c.obj (.text:HOSTread)
                  00005a60    00000058                                   : hostwrite.c.obj (.text:HOSTwrite)
                  00005ab8    00000058     main_tirtos.obj (.text:adc_task)
                  00005b10    00000058     boot.aem4f : boot.oem4f (.text)
                  00005b68    00000058     sysbios.aem4f : m3_Hwi_asm_switch.obj (.text:ti_sysbios_family_arm_m3_Hwi_initStacks__E)
                  00005bc0    00000056     rtsv7M4_T_le_v4SPD16_eabi.lib : _printfi.c.obj (.text:_pconv_f)
                  00005c16    00000002     --HOLE-- [fill = 0]
                  00005c18    00000054     Crystalfontz128x128_ST7735.obj (.text:Crystalfontz128x128_SetOrientation)
                  00005c6c    00000054     msp432p4xx_driverlib.lib : pcm.o (.text:PCM_shutdownDevice)
                  00005cc0    00000054     rtsv7M4_T_le_v4SPD16_eabi.lib : _ltoa.c.obj (.text:__TI_ltoa)
                  00005d14    00000054     release_pem4f.oem4f (.text:ti_sysbios_family_arm_m3_Hwi_create)
                  00005d68    00000054     sysbios.aem4f : BIOS.obj (.text:ti_sysbios_family_arm_msp432_Timer_initDevice__I)
                  00005dbc    00000054     release_pem4f.oem4f (.text:ti_sysbios_knl_Mailbox_create)
                  00005e10    00000052     grlib.a : context.obj (.text:Graphics_initContext)
                  00005e62    00000052     rtsv7M4_T_le_v4SPD16_eabi.lib : _printfi.c.obj (.text:_ecpy)
                  00005eb4    00000004     --HOLE-- [fill = 0]
                  00005eb8    00000050     sysbios.aem4f : BIOS.obj (.text:ti_sysbios_family_arm_m3_Hwi_Module_startup__E)
                  00005f08    00000050     release_pem4f.oem4f (.text:ti_sysbios_knl_Task_create)
                  00005f58    0000004c     dpl_msp432p401x.aem4f : PowerMSP432_tirtos.oem4f (.text:PowerMSP432_sleepPolicy)
                  00005fa4    0000004c     rtsv7M4_T_le_v4SPD16_eabi.lib : fflush.c.obj (.text:__TI_doflush)
                  00005ff0    0000004c                                   : atoi.c.obj (.text:atoi)
                  0000603c    0000004c                                   : cpy_tbl.c.obj (.text:copy_in)
                  00006088    0000004c     protectedlcd.obj (.text:protected_lcd_display)
                  000060d4    0000004c     rtsv7M4_T_le_v4SPD16_eabi.lib : snprintf.c.obj (.text:snprintf)
                  00006120    0000004c     sysbios.aem4f : BIOS.obj (.text:ti_sysbios_family_arm_msp432_Timer_start__E)
                  0000616c    00000004     --HOLE-- [fill = 0]
                  00006170    0000004c                   : BIOS.obj (.text:ti_sysbios_heaps_HeapMem_getStats__E)
                  000061bc    00000004     --HOLE-- [fill = 0]
                  000061c0    0000004c                   : BIOS.obj (.text:ti_sysbios_knl_Swi_runLoop__I)
                  0000620c    00000004     --HOLE-- [fill = 0]
                  00006210    0000004c                   : BIOS.obj (.text:ti_sysbios_knl_Task_allBlockedFunction__I)
                  0000625c    00000004     --HOLE-- [fill = 0]
                  00006260    0000004c                   : BIOS.obj (.text:ti_sysbios_knl_Task_block__E)
                  000062ac    00000004     --HOLE-- [fill = 0]
                  000062b0    0000004c                   : BIOS.obj (.text:ti_sysbios_knl_Task_schedule__I)
                  000062fc    00000048     drivers_msp432p401x.aem4f : PowerMSP432.oem4f (.text:Power_releaseConstraint)
                  00006344    00000048     rtsv7M4_T_le_v4SPD16_eabi.lib : fd_toi_t2.asm.obj (.text)
                  0000638c    00000004     --HOLE-- [fill = 0]
                  00006390    00000048     sysbios.aem4f : BIOS.obj (.text:ti_sysbios_family_arm_m3_Hwi_disableInterrupt__E)
                  000063d8    00000048                   : BIOS.obj (.text:ti_sysbios_family_arm_m3_Hwi_enableInterrupt__E)
                  00006420    00000048                   : BIOS.obj (.text:ti_sysbios_knl_Mailbox_Module_startup__E)
                  00006468    00000048                   : BIOS.obj (.text:xdc_runtime_Core_assignParams__I)
                  000064b0    00000044     drivers_msp432p401x.aem4f : ADC.oem4f (.text:ADC_init)
                  000064f4    00000044     rtsv7M4_T_le_v4SPD16_eabi.lib : hostclose.c.obj (.text:HOSTclose)
                  00006538    00000044                                   : hostunlink.c.obj (.text:HOSTunlink)
                  0000657c    00000044                                   : getdevice.c.obj (.text:getdevice)
                  000065c0    00000044     sysbios.aem4f : BIOS.obj (.text:ti_sysbios_family_arm_m3_Hwi_getStackInfo__E)
                  00006604    00000004     --HOLE-- [fill = 0]
                  00006608    00000044                   : BIOS.obj (.text:ti_sysbios_knl_Swi_post__E)
                  0000664c    00000040     drivers_msp432p401x.aem4f : ADCMSP432.oem4f (.text:ADCMSP432_close)
                  0000668c    00000040                               : ADC.oem4f (.text:ADC_open)
                  000066cc    00000040     Crystalfontz128x128_ST7735.obj (.text:Crystalfontz128x128_PixelDraw)
                  0000670c    00000040     msp432p4xx_driverlib.lib : gpio.o (.text:GPIO_setAsOutputPin)
                  0000674c    00000040     grlib.a : string.obj (.text:Graphics_getNumberOfLeadingZeros)
                  0000678c    00000040     HAL_MSP_EXP432P401R_Crystalfontz128x128_ST7735.obj (.text:HAL_LCD_SpiInit)
                  000067cc    00000040     dpl_msp432p401x.aem4f : HwiP_tirtos.oem4f (.text:HwiP_create)
                  0000680c    00000040     msp432p4xx_driverlib.lib : spi.o (.text:is_A_Module)
                  0000684c    00000004     --HOLE-- [fill = 0]
                  00006850    00000040     sysbios.aem4f : BIOS.obj (.text:ti_sysbios_family_arm_msp432_Timer_Module_startup__E)
                  00006890    00000040                   : BIOS.obj (.text:ti_sysbios_family_arm_msp432_Timer_startup__E)
                  000068d0    00000040                   : BIOS.obj (.text:ti_sysbios_heaps_HeapMem_Instance_init__E)
                  00006910    0000003e     rtsv7M4_T_le_v4SPD16_eabi.lib : _printfi.c.obj (.text:_fcpy)
                  0000694e    00000002     --HOLE-- [fill = 0]
                  00006950    0000003c     sysbios.aem4f : BIOS.obj (.text:ti_sysbios_family_arm_m3_Hwi_Instance_finalize__E)
                  0000698c    00000004     --HOLE-- [fill = 0]
                  00006990    0000003c                   : BIOS.obj (.text:ti_sysbios_family_arm_msp432_Seconds_Module_startup__E)
                  000069cc    00000004     --HOLE-- [fill = 0]
                  000069d0    0000003c                   : BIOS.obj (.text:ti_sysbios_knl_Swi_restore__E)
                  00006a0c    00000038     HAL_MSP_EXP432P401R_Crystalfontz128x128_ST7735.obj (.text:HAL_LCD_writeCommand)
                  00006a44    00000038     drivers_msp432p401x.aem4f : PowerMSP432.oem4f (.text:Power_setConstraint)
                  00006a7c    00000038     rtsv7M4_T_le_v4SPD16_eabi.lib : trgmsg.c.obj (.text:__TI_writemsg)
                  00006ab4    00000038     drivers_msp432p401x.aem4f : PowerMSP432.oem4f (.text:notify)
                  00006aec    00000004     --HOLE-- [fill = 0]
                  00006af0    00000038     sysbios.aem4f : BIOS.obj (.text:xdc_runtime_System_atexit__E)
                  00006b28    00000036     grlib.a : display.obj (.text:Graphics_drawHorizontalLineOnDisplay)
                  00006b5e    00000036     rtsv7M4_T_le_v4SPD16_eabi.lib : strncpy.c.obj (.text:strncpy)
                  00006b94    00000034                                   : fopen.c.obj (.text:__TI_cleanup)
                  00006bc8    00000034                                   : trgmsg.c.obj (.text:__TI_readmsg)
                  00006bfc    00000034     release_pem4f.oem4f (.text:ti_sysbios_knl_Semaphore_create)
                  00006c30    00000032     sysbios.aem4f : BIOS.obj (.text:ti_sysbios_hal_Hwi_initStack)
                  00006c62    00000002     --HOLE-- [fill = 0]
                  00006c64    00000030     drivers_msp432p401x.aem4f : ADCMSP432.oem4f (.text:ADCMSP432_init)
                  00006c94    00000030     HAL_MSP_EXP432P401R_Crystalfontz128x128_ST7735.obj (.text:HAL_LCD_PortInit)
                  00006cc4    00000030     rtsv7M4_T_le_v4SPD16_eabi.lib : snprintf.c.obj (.text:_outs)
                  00006cf4    00000030                                   : getdevice.c.obj (.text:finddevice)
                  00006d24    00000030     release_pem4f.oem4f (.text:ti_sysbios_BIOS_atExitFunc__I)
                  00006d54    00000030     release_pem4f.oem4f (.text:ti_sysbios_BIOS_startFunc__I)
                  00006d84    00000004     --HOLE-- [fill = 0]
                  00006d88    00000030     sysbios.aem4f : BIOS.obj (.text:ti_sysbios_family_arm_m3_TaskSupport_start__E)
                  00006db8    00000030                   : BIOS.obj (.text:ti_sysbios_family_arm_msp432_Timer_setPeriod__E)
                  00006de8    00000030     release_pem4f.oem4f (.text:ti_sysbios_gates_GateHwi_Object__create__S)
                  00006e18    00000030     release_pem4f.oem4f (.text:ti_sysbios_gates_GateMutexPri_Object__create__S)
                  00006e48    00000030     release_pem4f.oem4f (.text:ti_sysbios_gates_GateMutexPri_create)
                  00006e78    00000030     release_pem4f.oem4f (.text:ti_sysbios_gates_GateMutex_Object__create__S)
                  00006ea8    00000030     sysbios.aem4f : BIOS.obj (.text:ti_sysbios_gates_GateMutex_enter__E)
                  00006ed8    00000030     release_pem4f.oem4f (.text:ti_sysbios_heaps_HeapMem_Object__create__S)
                  00006f08    00000030     sysbios.aem4f : BIOS.obj (.text:ti_sysbios_knl_Mailbox_postInit__I)
                  00006f38    00000030     release_pem4f.oem4f (.text:ti_sysbios_knl_Semaphore_construct)
                  00006f68    00000030     sysbios.aem4f : BIOS.obj (.text:ti_sysbios_knl_Semaphore_pendTimeout__I)
                  00006f98    00000030                   : BIOS.obj (.text:ti_sysbios_knl_Task_processVitalTaskFlag__I)
                  00006fc8    00000030                   : BIOS.obj (.text:ti_sysbios_knl_Task_restore__E)
                  00006ff8    00000030                   : BIOS.obj (.text:ti_sysbios_knl_Task_unblockI__E)
                  00007028    00000030                   : BIOS.obj (.text:xdc_runtime_System_processAtExit__E)
                  00007058    0000002e     rtsv7M4_T_le_v4SPD16_eabi.lib : i_tofd_t2.asm.obj (.text)
                  00007086    0000002e     release_pem4f.oem4f (.text:ti_sysbios_rts_MemAlloc_alloc)
                  000070b4    0000002c     Crystalfontz128x128_ST7735.obj (.text:Crystalfontz128x128_ClearScreen)
                  000070e0    0000002c     grlib.a : display.obj (.text:Graphics_drawPixelOnDisplay)
                  0000710c    0000002c     HAL_MSP_EXP432P401R_Crystalfontz128x128_ST7735.obj (.text:HAL_LCD_writeData)
                  00007138    0000002c     dpl_msp432p401x.aem4f : PowerMSP432_tirtos.oem4f (.text:PowerMSP432_updateFreqs)
                  00007164    0000002c     msp432p4xx_driverlib.lib : rtc_c.o (.text:RTC_C_holdClock)
                  00007190    0000002c     dpl_msp432p401x.aem4f : SemaphoreP_tirtos.oem4f (.text:SemaphoreP_createBinary)
                  000071bc    00000004     --HOLE-- [fill = 0]
                  000071c0    0000002c     sysbios.aem4f : BIOS.obj (.text:_pthread_cleanupFxn)
                  000071ec    00000004     --HOLE-- [fill = 0]
                  000071f0    0000002c                   : BIOS.obj (.text:_pthread_delete$44)
                  0000721c    0000002c     release_pem4f.oem4f (.text:ti_sysbios_gates_GateHwi_Handle__label__S)
                  00007248    0000002c     release_pem4f.oem4f (.text:ti_sysbios_gates_GateMutexPri_Handle__label__S)
                  00007274    0000002c     release_pem4f.oem4f (.text:ti_sysbios_gates_GateMutex_Handle__label__S)
                  000072a0    0000002c     release_pem4f.oem4f (.text:ti_sysbios_heaps_HeapMem_Handle__label__S)
                  000072cc    0000002c     release_pem4f.oem4f (.text:ti_sysbios_knl_Clock_doTick__I)
                  000072f8    0000002c     release_pem4f.oem4f (.text:ti_sysbios_knl_Queue_construct)
                  00007324    0000002c     rtsv7M4_T_le_v4SPD16_eabi.lib : unlink.c.obj (.text:unlink)
                  00007350    00000028     msp432p4xx_driverlib.lib : adc14.o (.text:ADC14_getResult)
                  00007378    00000028     Crystalfontz128x128_ST7735.obj (.text:Crystalfontz128x128_ColorTranslate)
                  000073a0    00000028     msp432p4xx_driverlib.lib : gpio.o (.text:GPIO_setOutputHighOnPin)
                  000073c8    00000028                              : gpio.o (.text:GPIO_setOutputLowOnPin)
                  000073f0    00000028                              : pcm.o (.text:PCM_gotoLPM0)
                  00007418    00000028     drivers_msp432p401x.aem4f : PowerMSP432.oem4f (.text:disableFaultCounter)
                  00007440    00000028                               : PowerMSP432.oem4f (.text:disableHFXT)
                  00007468    00000028     rtsv7M4_T_le_v4SPD16_eabi.lib : lseek.c.obj (.text:lseek)
                  00007490    00000028     protectedlcd.obj (.text:protected_lcd_clear)
                  000074b8    00000028     sysbios.aem4f : m3_Hwi_asm.obj (.text:ti_sysbios_family_arm_m3_Hwi_excHandlerAsm__I)
                  000074e0    00000028                   : BIOS.obj (.text:ti_sysbios_knl_Clock_addI__E)
                  00007508    00000028                   : BIOS.obj (.text:ti_sysbios_knl_Swi_Module_startup__E)
                  00007530    00000028     rtsv7M4_T_le_v4SPD16_eabi.lib : write.c.obj (.text:write)
                  00007558    00000026     sysbios.aem4f : m3_Hwi_asm.obj (.text:ti_sysbios_family_arm_m3_Hwi_pendSV__I)
                  0000757e    00000002     --HOLE-- [fill = 0]
                  00007580    00000024     msp432p4xx_driverlib.lib : wdt_a.o (.text:WDT_A_holdTimer)
                  000075a4    00000024     bsp.obj (.text:led_blocking_wait)
                  000075c8    00000024     release_pem4f.oem4f (.text:ti_sysbios_BIOS_registerRTSLock__I)
                  000075ec    00000024     release_pem4f.oem4f (.text:ti_sysbios_BIOS_removeRTSLock__I)
                  00007610    00000024     sysbios.aem4f : BIOS.obj (.text:ti_sysbios_family_arm_msp432_ClockFreqs_setFrequency__E)
                  00007634    00000004     --HOLE-- [fill = 0]
                  00007638    00000024                   : BIOS.obj (.text:ti_sysbios_family_arm_msp432_Timer_postInit__I)
                  0000765c    00000024     release_pem4f.oem4f (.text:ti_sysbios_gates_GateMutexPri_Object__delete__S)
                  00007680    00000024     release_pem4f.oem4f (.text:ti_sysbios_gates_GateMutex_Object__delete__S)
                  000076a4    00000004     --HOLE-- [fill = 0]
                  000076a8    00000024     sysbios.aem4f : BIOS.obj (.text:ti_sysbios_knl_Clock_Module_startup__E)
                  000076cc    00000004     --HOLE-- [fill = 0]
                  000076d0    00000024                   : BIOS.obj (.text:ti_sysbios_knl_Semaphore_Instance_init__E)
                  000076f4    00000024     release_pem4f.oem4f (.text:ti_sysbios_knl_Semaphore_Object__delete__S)
                  00007718    00000024     sysbios.aem4f : BIOS.obj (.text:ti_sysbios_knl_Task_restoreHwi__E)
                  0000773c    00000004     --HOLE-- [fill = 0]
                  00007740    00000024                   : BIOS.obj (.text:xdc_runtime_Error_policyMin__E)
                  00007764    00000020     msp432p4xx_driverlib.lib : cs.o (.text:CS_setExternalClockSourceFrequency)
                  00007784    00000020     rtsv7M4_T_le_v4SPD16_eabi.lib : memchr.c.obj (.text:memchr)
                  000077a4    00000020     release_pem4f.oem4f (.text:ti_sysbios_BIOS_rtsLock__I)
                  000077c4    00000020     release_pem4f.oem4f (.text:ti_sysbios_gates_GateHwi_Object__delete__S)
                  000077e4    00000020     release_pem4f.oem4f (.text:ti_sysbios_heaps_HeapMem_Object__delete__S)
                  00007804    00000004     --HOLE-- [fill = 0]
                  00007808    00000020     sysbios.aem4f : BIOS.obj (.text:ti_sysbios_knl_Idle_run__E)
                  00007828    00000020     release_pem4f.oem4f (.text:ti_sysbios_knl_Semaphore_destruct)
                  00007848    00000020     release_pem4f.oem4f (.text:ti_sysbios_knl_Task_Object__delete__S)
                  00007868    0000001e     sysbios.aem4f : m3_Hwi_asm_switch.obj (.text:ti_sysbios_family_xxx_Hwi_switchAndRunFunc)
                  00007886    0000001c     msp432p4xx_driverlib.lib : spi.o (.text:SPI_enableModule)
                  000078a2    00000002     --HOLE-- [fill = 0]
                  000078a4    0000001c     rtsv7M4_T_le_v4SPD16_eabi.lib : assert.c.obj (.text:_abort_msg)
                  000078c0    0000001c     bsp.obj (.text:bsp_led1_off)
                  000078dc    0000001c     bsp.obj (.text:bsp_led1_on)
                  000078f8    0000001c     rtsv7M4_T_le_v4SPD16_eabi.lib : memccpy.c.obj (.text:memccpy)
                  00007914    0000001c     bsp.obj (.text:safe_mode)
                  00007930    0000001c     sysbios.aem4f : BIOS.obj (.text:ti_sysbios_family_arm_m3_Hwi_excHandler__I)
                  0000794c    00000004     --HOLE-- [fill = 0]
                  00007950    0000001c                   : BIOS.obj (.text:ti_sysbios_gates_GateMutexPri_Instance_init__E)
                  0000796c    00000004     --HOLE-- [fill = 0]
                  00007970    0000001c                   : BIOS.obj (.text:ti_sysbios_gates_GateMutex_Instance_init__E)
                  0000798c    0000001c     release_pem4f.oem4f (.text:ti_sysbios_knl_Queue_destruct)
                  000079a8    0000001c     sysbios.aem4f : BIOS.obj (.text:ti_sysbios_knl_Queue_get__E)
                  000079c4    00000004     --HOLE-- [fill = 0]
                  000079c8    0000001c                   : BIOS.obj (.text:ti_sysbios_knl_Queue_put__E)
                  000079e4    00000004     --HOLE-- [fill = 0]
                  000079e8    0000001c                   : BIOS.obj (.text:ti_sysbios_knl_Task_enter__I)
                  00007a04    00000004     --HOLE-- [fill = 0]
                  00007a08    0000001c                   : BIOS.obj (.text:ti_sysbios_rts_ti_ReentSupport_getReent__F)
                  00007a24    00000004     --HOLE-- [fill = 0]
                  00007a28    0000001c                   : BIOS.obj (.text:xdc_runtime_Error_check__E)
                  00007a44    00000004     --HOLE-- [fill = 0]
                  00007a48    0000001c                   : BIOS.obj (.text:xdc_runtime_Memory_valloc__E)
                  00007a64    00000004     --HOLE-- [fill = 0]
                  00007a68    0000001c                   : BIOS.obj (.text:xdc_runtime_System_abort__E)
                  00007a84    0000001a     grlib.a : display.obj (.text:Graphics_clearDisplayOnDisplay)
                  00007a9e    0000001a             : context.obj (.text:Graphics_setBackgroundColor)
                  00007ab8    0000001a             : context.obj (.text:Graphics_setFont)
                  00007ad2    0000001a     rtsv7M4_T_le_v4SPD16_eabi.lib : s_copysign.c.obj (.text:copysign)
                  00007aec    0000001a     release_pem4f.oem4f (.text:free)
                  00007b06    00000002     --HOLE-- [fill = 0]
                  00007b08    00000018     release_pem4f.oem4f (.text:.bootCodeSection:ti_sysbios_family_arm_msp432_init_Boot_init__I)
                  00007b20    00000018     msp432p4xx_driverlib.lib : sysctl_a.o (.text:SysCtl_A_disableNMISource)
                  00007b38    00000018                              : sysctl_a.o (.text:SysCtl_A_enableNMISource)
                  00007b50    00000018     rtsv7M4_T_le_v4SPD16_eabi.lib : args_main.c.obj (.text:_args_main)
                  00007b68    00000018                                   : snprintf.c.obj (.text:_outc)
                  00007b80    00000018                                   : strcmp.c.obj (.text:strcmp)
                  00007b98    00000018     release_pem4f.oem4f (.text:ti_sysbios_BIOS_rtsUnlock__I)
                  00007bb0    00000018     release_pem4f.oem4f (.text:ti_sysbios_family_arm_m3_Hwi_Module__startupDone__F)
                  00007bc8    00000018     sysbios.aem4f : m3_TaskSupport_asm.obj (.text:ti_sysbios_family_arm_m3_TaskSupport_swap__E)
                  00007be0    00000018     release_pem4f.oem4f (.text:ti_sysbios_family_arm_msp432_Timer_Module__startupDone__F)
                  00007bf8    00000018     sysbios.aem4f : BIOS.obj (.text:ti_sysbios_gates_GateMutex_leave__E)
                  00007c10    00000018                   : BIOS.obj (.text:ti_sysbios_knl_Task_sleepTimeout__I)
                  00007c28    00000018     release_pem4f.oem4f (.text:ti_sysbios_rts_ti_ReentSupport_getTlsAddr__I)
                  00007c40    00000018     sysbios.aem4f : BIOS.obj (.text:xdc_runtime_Error_init__E)
                  00007c58    00000018                   : BIOS.obj (.text:xdc_runtime_System_exit__E)
                  00007c70    00000016     msp432p4xx_driverlib.lib : spi.o (.text:EUSCI_A_SPI_enable)
                  00007c86    00000016                              : spi.o (.text:EUSCI_B_SPI_enable)
                  00007c9c    00000016     grlib.a : context.obj (.text:Graphics_setForegroundColor)
                  00007cb2    00000016             : display.obj (.text:Graphics_translateColorOnDisplay)
                  00007cc8    00000016     rtsv7M4_T_le_v4SPD16_eabi.lib : strchr.c.obj (.text:strchr)
                  00007cde    00000016     release_pem4f.oem4f (.text:ti_sysbios_BIOS_exitFunc__I)
                  00007cf4    00000016     protectedlcd.obj (.text:ti_sysbios_gates_GateMutexPri_Params_init)
                  00007d0a    00000016     main_tirtos.obj (.text:ti_sysbios_knl_Mailbox_Params_init)
                  00007d20    00000016     main_tirtos.obj (.text:ti_sysbios_knl_Task_Params_init)
                  00007d36    00000002     --HOLE-- [fill = 0]
                  00007d38    00000016     sysbios.aem4f : BIOS.obj (.text:ti_sysbios_knl_Task_unblock__E)
                  00007d4e    00000002     --HOLE-- [fill = 0]
                  00007d50    00000014     msp432p4xx_driverlib.lib : pcm.o (.text:PCM_getPowerState)
                  00007d64    00000014     drivers_msp432p401x.aem4f : PowerMSP432.oem4f (.text:Power_idleFunc)
                  00007d78    00000014     rtsv7M4_T_le_v4SPD16_eabi.lib : strcpy.c.obj (.text:strcpy)
                  00007d8c    00000014                                   : strlen.c.obj (.text:strlen)
                  00007da0    00000014     release_pem4f.oem4f (.text:ti_sysbios_family_arm_m3_Hwi_Object__get__S)
                  00007db4    00000004     --HOLE-- [fill = 0]
                  00007db8    00000014     sysbios.aem4f : BIOS.obj (.text:ti_sysbios_family_arm_m3_Hwi_switchFromBootStack__E)
                  00007dcc    00000014     release_pem4f.oem4f (.text:ti_sysbios_heaps_HeapMem_Object__get__S)
                  00007de0    00000014     release_pem4f.oem4f (.text:ti_sysbios_knl_Swi_Object__get__S)
                  00007df4    00000012     grlib.a : context.obj (.text:Graphics_clearDisplay)
                  00007e06    00000012     dpl_msp432p401x.aem4f : SemaphoreP_tirtos.oem4f (.text:SemaphoreP_pend)
                  00007e18    00000012     sysbios.aem4f : BIOS.obj (.text:ti_sysbios_hal_Hwi_Module_startup__E)
                  00007e2a    00000012     rtsv7M4_T_le_v4SPD16_eabi.lib : wcslen.c.obj (.text:wcslen)
                  00007e3c    00000012     release_pem4f.oem4f (.text:xdc_runtime_Startup_exec__I)
                  00007e4e    00000002     --HOLE-- [fill = 0]
                  00007e50    00000010     msp432p4xx_driverlib.lib : adc14.o (.text:ADCIsConversionRunning)
                  00007e60    00000010     dpl_msp432p401x.aem4f : HwiP_tirtos.oem4f (.text:HwiP_Params_init)
                  00007e70    00000010     msp432p4xx_driverlib.lib : pcm.o (.text:PCM_gotoLPM4)
                  00007e80    00000010                              : pcm.o (.text:PCM_setPowerMode)
                  00007e90    00000010                              : pcm.o (.text:PCM_setPowerState)
                  00007ea0    00000010                              : sysctl_a.o (.text:SysCtl_A_getNMISourceStatus)
                  00007eb0    00000010                              : sysctl.o (.text:SysCtl_getNMISourceStatus)
                  00007ec0    00000010     sysbios.aem4f : BIOS.obj (.text:ti_sysbios_BIOS_exit__E)
                  00007ed0    00000010                   : BIOS.obj (.text:ti_sysbios_BIOS_setCpuFreq__E)
                  00007ee0    00000010                   : BIOS.obj (.text:ti_sysbios_BIOS_setThreadType__E)
                  00007ef0    00000010                   : BIOS.obj (.text:ti_sysbios_BIOS_start__E)
                  00007f00    00000010                   : m3_TaskSupport_asm.obj (.text:ti_sysbios_family_arm_m3_TaskSupport_glue)
                  00007f10    00000010                   : BIOS.obj (.text:ti_sysbios_family_arm_msp432_init_Boot_disableWatchdog)
                  00007f20    00000010                   : BIOS.obj (.text:ti_sysbios_gates_GateMutexPri_Instance_finalize__E)
                  00007f30    00000010                   : BIOS.obj (.text:ti_sysbios_gates_GateMutex_Instance_finalize__E)
                  00007f40    00000010     release_pem4f.oem4f (.text:ti_sysbios_knl_Mailbox_Object__get__S)
                  00007f50    00000010     sysbios.aem4f : BIOS.obj (.text:ti_sysbios_knl_Semaphore_Instance_finalize__E)
                  00007f60    00000010                   : BIOS.obj (.text:ti_sysbios_knl_Swi_disable__E)
                  00007f70    00000010     release_pem4f.oem4f (.text:ti_sysbios_knl_Task_Object__get__S)
                  00007f80    00000010     sysbios.aem4f : BIOS.obj (.text:ti_sysbios_knl_Task_disable__E)
                  00007f90    00000010                   : BIOS.obj (.text:xdc_runtime_Gate_leaveSystem__E)
                  00007fa0    00000010                   : BIOS.obj (.text:xdc_runtime_Memory_free__E)
                  00007fb0    00000010                   : BIOS.obj (.text:xdc_runtime_SysCallback_abort__E)
                  00007fc0    00000010                   : BIOS.obj (.text:xdc_runtime_SysCallback_exit__E)
                  00007fd0    0000000e     bsp.obj (.text:bsp_halt)
                  00007fde    0000000e     rtsv7M4_T_le_v4SPD16_eabi.lib : copy_decompress_none.c.obj (.text:decompress:none:__TI_decompress_none)
                  00007fec    00000004     --HOLE-- [fill = 0]
                  00007ff0    0000000e     sysbios.aem4f : BIOS.obj (.text:ti_sysbios_knl_Idle_loop__E)
                  00007ffe    00000002     --HOLE-- [fill = 0]
                  00008000    0000000e                   : BIOS.obj (.text:ti_sysbios_knl_Queue_empty__E)
                  0000800e    0000000c     ti_drivers_config.obj (.text:Board_init)
                  0000801a    0000000c     msp432p4xx_driverlib.lib : cpu.o (.text:CPU_cpsid)
                  00008026    0000000c                              : cpu.o (.text:CPU_cpsie)
                  00008032    00000002     --HOLE-- [fill = 0]
                  00008034    0000000c     drivers_msp432p401x.aem4f : PowerMSP432.oem4f (.text:Power_getConstraintMask)
                  00008040    0000000c     dpl_msp432p401x.aem4f : SemaphoreP_tirtos.oem4f (.text:SemaphoreP_delete)
                  0000804c    0000000c     rtsv7M4_T_le_v4SPD16_eabi.lib : _lock.c.obj (.text:_register_lock)
                  00008058    0000000c                                   : _lock.c.obj (.text:_register_unlock)
                  00008064    0000000c     bsp.obj (.text:bsp_master_int_disable)
                  00008070    0000000c     rtsv7M4_T_le_v4SPD16_eabi.lib : copy_zero_init.c.obj (.text:decompress:ZI:__TI_zero_init)
                  0000807c    0000000c     release_pem4f.oem4f (.text:ti_sysbios_family_arm_m3_Hwi_Params__init__S)
                  00008088    0000000c     sysbios.aem4f : BIOS.obj (.text:ti_sysbios_family_arm_m3_Hwi_disableFxn__E)
                  00008094    00000004     --HOLE-- [fill = 0]
                  00008098    0000000c                   : BIOS.obj (.text:ti_sysbios_family_arm_m3_TaskSupport_getStackAlignment__E)
                  000080a4    00000004     --HOLE-- [fill = 0]
                  000080a8    0000000c                   : BIOS.obj (.text:ti_sysbios_family_arm_msp432_Timer_getMaxTicks__E)
                  000080b4    00000004     --HOLE-- [fill = 0]
                  000080b8    0000000c                   : BIOS.obj (.text:ti_sysbios_gates_GateHwi_enter__E)
                  000080c4    0000000c     release_pem4f.oem4f (.text:ti_sysbios_gates_GateMutexPri_Params__init__S)
                  000080d0    0000000c     release_pem4f.oem4f (.text:ti_sysbios_knl_Mailbox_Params__init__S)
                  000080dc    0000000c     release_pem4f.oem4f (.text:ti_sysbios_knl_Queue_Object__get__S)
                  000080e8    0000000c     release_pem4f.oem4f (.text:ti_sysbios_knl_Semaphore_Params__init__S)
                  000080f4    0000000c     release_pem4f.oem4f (.text:ti_sysbios_knl_Task_Params__init__S)
                  00008100    0000000c     sysbios.aem4f : BIOS.obj (.text:ti_sysbios_knl_Task_self__E)
                  0000810c    00000004     --HOLE-- [fill = 0]
                  00008110    0000000c                   : BIOS.obj (.text:ti_sysbios_rts_ti_ReentSupport_taskRegHook__I)
                  0000811c    00000004     --HOLE-- [fill = 0]
                  00008120    0000000c                   : BIOS.obj (.text:xdc_runtime_Gate_enterSystem__E)
                  0000812c    00000004     --HOLE-- [fill = 0]
                  00008130    0000000c                   : BIOS.obj (.text:xdc_runtime_Memory_calloc__E)
                  0000813c    00000004     --HOLE-- [fill = 0]
                  00008140    0000000c                   : BIOS.obj (.text:xdc_runtime_Startup_rtsDone__E)
                  0000814c    0000000a     drivers_msp432p401x.aem4f : ADC.oem4f (.text:ADC_Params_init)
                  00008156    0000000a                               : ADC.oem4f (.text:ADC_convert)
                  00008160    0000000a                               : ADC.oem4f (.text:ADC_convertToMicroVolts)
                  0000816a    0000000a     Crystalfontz128x128_ST7735.obj (.text:Crystalfontz128x128_Flush)
                  00008174    0000000a     release_pem4f.oem4f (.text:xdc_runtime_IHeap_alloc)
                  0000817e    0000000a     release_pem4f.oem4f (.text:xdc_runtime_IHeap_free)
                  00008188    00000008     sysbios.aem4f : BIOS.obj (.text:ti_sysbios_family_arm_m3_Hwi_doSwiRestore__I)
                  00008190    00000008                   : BIOS.obj (.text:ti_sysbios_family_arm_m3_Hwi_startup__E)
                  00008198    00000006                   : BIOS.obj (.text:ti_sysbios_family_arm_m3_Hwi_doTaskRestore__I)
                  0000819e    00000002     --HOLE-- [fill = 0]
                  000081a0    00000006                   : BIOS.obj (.text:ti_sysbios_family_arm_m3_Hwi_restoreFxn__E)
                  000081a6    00000002     --HOLE-- [fill = 0]
                  000081a8    00000006                   : BIOS.obj (.text:ti_sysbios_gates_GateHwi_leave__E)
                  000081ae    00000002     --HOLE-- [fill = 0]
                  000081b0    00000006                   : BIOS.obj (.text:ti_sysbios_heaps_HeapMem_isBlocking__E)
                  000081b6    00000002     --HOLE-- [fill = 0]
                  000081b8    00000006                   : BIOS.obj (.text:ti_sysbios_knl_Queue_Instance_init__E)
                  000081be    00000002     --HOLE-- [fill = 0]
                  000081c0    00000006                   : BIOS.obj (.text:ti_sysbios_knl_Swi_startup__E)
                  000081c6    00000002     --HOLE-- [fill = 0]
                  000081c8    00000006                   : BIOS.obj (.text:xdc_runtime_System_Module_startup__E)
                  000081ce    00000002     --HOLE-- [fill = 0]
                  000081d0    00000004                   : BIOS.obj (.text:__aeabi_errno_addr)
                  000081d4    00000004     --HOLE-- [fill = 0]
                  000081d8    00000004                   : BIOS.obj (.text:ti_sysbios_gates_GateHwi_query__E)
                  000081dc    00000004     --HOLE-- [fill = 0]
                  000081e0    00000004                   : BIOS.obj (.text:ti_sysbios_gates_GateMutexPri_query__E)
                  000081e4    00000004     --HOLE-- [fill = 0]
                  000081e8    00000004                   : BIOS.obj (.text:ti_sysbios_gates_GateMutex_query__E)
                  000081ec    00000004     --HOLE-- [fill = 0]
                  000081f0    00000004                   : BIOS.obj (.text:ti_sysbios_knl_Task_startup__E)
                  000081f4    00000004     --HOLE-- [fill = 0]
                  000081f8    00000002                   : BIOS.obj (.text:ti_sysbios_BIOS_linkedWithIncorrectBootLibrary__E)
                  000081fa    00000006     --HOLE-- [fill = 0]
                  00008200    00000002                   : BIOS.obj (.text:ti_sysbios_gates_GateHwi_Instance_init__E)
                  00008202    00000006     --HOLE-- [fill = 0]
                  00008208    00000002                   : BIOS.obj (.text:ti_sysbios_knl_Clock_logTick__E)
                  0000820a    00000006     --HOLE-- [fill = 0]
                  00008210    00000002                   : BIOS.obj (.text:xdc_runtime_SysCallback_defaultAbort)
                  00008212    00000006     --HOLE-- [fill = 0]
                  00008218    00000002                   : BIOS.obj (.text:xdc_runtime_SysCallback_defaultExit)
                  0000821a    00000006     --HOLE-- [fill = 0]
                  00008220    00000002                   : BIOS.obj (.text:xdc_runtime_System_abortSpin__E)
                  00008222    00000006     --HOLE-- [fill = 0]
                  00008228    00000002                   : BIOS.obj (.text:xdc_runtime_System_exitSpin__E)

.const     0    0000822c    00000ac5     
                  0000822c    000002f8     grlib.a : fontfixed6x8.obj (.const:.string:g_pucFontFixed6x8Data)
                  00008524    00000101     rtsv7M4_T_le_v4SPD16_eabi.lib : ctype.c.obj (.const:.string:_ctypes_)
                  00008625    00000003     ti_drivers_config.obj (.const)
                  00008628    000000c8     grlib.a : fontfixed6x8.obj (.const:g_sFontFixed6x8)
                  000086f0    00000080     msp432p4xx_driverlib.lib : adc14.o (.const:_ctlRegs)
                  00008770    0000003c     release_pem4f.oem4f (.const:ti_sysbios_knl_Task_Object__PARAMS__C)
                  000087ac    00000038     ti_drivers_config.obj (.const:PowerMSP432_config)
                  000087e4    00000034     release_pem4f.oem4f (.const:ti_sysbios_knl_Mailbox_Object__PARAMS__C)
                  00008818    00000030     msp432p4xx_driverlib.lib : gpio.o (.const:GPIO_PORT_TO_BASE)
                  00008848    00000030     ti_drivers_config.obj (.const:adcMSP432HWAttrs)
                  00008878    00000030     release_pem4f.oem4f (.const:ti_sysbios_family_arm_m3_Hwi_Object__PARAMS__C)
                  000088a8    00000028     release_pem4f.oem4f (.const:ti_sysbios_heaps_HeapMem_Module__FXNS__C)
                  000088d0    00000024     ti_drivers_config.obj (.const:ADC_config)
                  000088f4    00000024     release_pem4f.oem4f (.const:ti_sysbios_gates_GateHwi_Module__FXNS__C)
                  00008918    00000024     release_pem4f.oem4f (.const:ti_sysbios_gates_GateMutexPri_Module__FXNS__C)
                  0000893c    00000024     release_pem4f.oem4f (.const:ti_sysbios_gates_GateMutex_Module__FXNS__C)
                  00008960    00000024     release_pem4f.oem4f (.const:ti_sysbios_heaps_HeapMem_Object__PARAMS__C)
                  00008984    00000024     release_pem4f.oem4f (.const:ti_sysbios_knl_Semaphore_Object__PARAMS__C)
                  000089a8    00000024     release_pem4f.oem4f (.const:xdc_runtime_Startup_sfxnTab__A)
                  000089cc    00000020     Crystalfontz128x128_ST7735.obj (.const:g_sCrystalfontz128x128_funcs)
                  000089ec    00000020     release_pem4f.oem4f (.const:ti_sysbios_family_arm_m3_Hwi_Object__DESC__C)
                  00008a0c    00000020     release_pem4f.oem4f (.const:ti_sysbios_gates_GateHwi_Object__DESC__C)
                  00008a2c    00000020     release_pem4f.oem4f (.const:ti_sysbios_gates_GateMutexPri_Object__DESC__C)
                  00008a4c    00000020     release_pem4f.oem4f (.const:ti_sysbios_gates_GateMutex_Object__DESC__C)
                  00008a6c    00000020     release_pem4f.oem4f (.const:ti_sysbios_heaps_HeapMem_Object__DESC__C)
                  00008a8c    00000020     release_pem4f.oem4f (.const:ti_sysbios_knl_Mailbox_Object__DESC__C)
                  00008aac    00000020     release_pem4f.oem4f (.const:ti_sysbios_knl_Queue_Object__DESC__C)
                  00008acc    00000020     release_pem4f.oem4f (.const:ti_sysbios_knl_Semaphore_Object__DESC__C)
                  00008aec    00000020     release_pem4f.oem4f (.const:ti_sysbios_knl_Task_Object__DESC__C)
                  00008b0c    0000001c     HAL_MSP_EXP432P401R_Crystalfontz128x128_ST7735.obj (.const:$P$T0$1)
                  00008b28    00000018     drivers_msp432p401x.aem4f : ADCMSP432.oem4f (.const:ADCMSP432_fxnTable)
                  00008b40    00000018     release_pem4f.oem4f (.const:ti_sysbios_gates_GateHwi_Object__PARAMS__C)
                  00008b58    00000018     release_pem4f.oem4f (.const:ti_sysbios_gates_GateMutexPri_Object__PARAMS__C)
                  00008b70    00000018     release_pem4f.oem4f (.const:ti_sysbios_gates_GateMutex_Object__PARAMS__C)
                  00008b88    00000018     release_pem4f.oem4f (.const:ti_sysbios_knl_Queue_Object__PARAMS__C)
                  00008ba0    00000018     release_pem4f.oem4f (.const:ti_sysbios_knl_Task_hooks__A)
                  00008bb8    00000012     release_pem4f.oem4f (.const:xdc_runtime_Startup_sfxnRts__A)
                  00008bca    00000002     release_pem4f.oem4f (.const:ti_sysbios_family_arm_m3_Hwi_Module__id__C)
                  00008bcc    0000000c     release_pem4f.oem4f (.const:xdc_runtime_Startup_firstFxns__A)
                  00008bd8    00000008     Crystalfontz128x128_ST7735.obj (.const:$P$T0$1)
                  00008be0    00000008     drivers_msp432p401x.aem4f : ADC.oem4f (.const:ADC_defaultParams)
                  00008be8    00000008     release_pem4f.oem4f (.const:ti_sysbios_knl_Idle_funcList__A)
                  00008bf0    00000008     release_pem4f.oem4f (.const:ti_sysbios_knl_Idle_funcList__C)
                  00008bf8    00000008     release_pem4f.oem4f (.const:ti_sysbios_knl_Task_hooks__C)
                  00008c00    00000008     release_pem4f.oem4f (.const:xdc_runtime_Startup_firstFxns__C)
                  00008c08    00000008     release_pem4f.oem4f (.const:xdc_runtime_Startup_lastFxns__C)
                  00008c10    00000004     release_pem4f.oem4f (.const:ti_sysbios_family_arm_m3_Hwi_E_alreadyDefined__C)
                  00008c14    00000004     release_pem4f.oem4f (.const:ti_sysbios_family_arm_m3_Hwi_E_badIntNum__C)
                  00008c18    00000004     release_pem4f.oem4f (.const:ti_sysbios_family_arm_m3_Hwi_NUM_INTERRUPTS__C)
                  00008c1c    00000004     release_pem4f.oem4f (.const:ti_sysbios_family_arm_m3_Hwi_Object__count__C)
                  00008c20    00000004     release_pem4f.oem4f (.const:ti_sysbios_family_arm_m3_Hwi_ccr__C)
                  00008c24    00000004     release_pem4f.oem4f (.const:ti_sysbios_family_arm_m3_Hwi_excHandlerFunc__C)
                  00008c28    00000004     release_pem4f.oem4f (.const:ti_sysbios_family_arm_m3_Hwi_nullIsrFunc__C)
                  00008c2c    00000004     release_pem4f.oem4f (.const:ti_sysbios_family_arm_m3_Hwi_priGroup__C)
                  00008c30    00000004     release_pem4f.oem4f (.const:ti_sysbios_family_arm_m3_Hwi_swiDisable__C)
                  00008c34    00000004     release_pem4f.oem4f (.const:ti_sysbios_family_arm_m3_Hwi_swiRestore__C)
                  00008c38    00000004     release_pem4f.oem4f (.const:ti_sysbios_family_arm_m3_TaskSupport_stackAlignment__C)
                  00008c3c    00000004     release_pem4f.oem4f (.const:ti_sysbios_family_arm_msp432_Timer_numTimerDevices__C)
                  00008c40    00000004     release_pem4f.oem4f (.const:ti_sysbios_family_arm_msp432_Timer_startupNeeded__C)
                  00008c44    00000004     release_pem4f.oem4f (.const:ti_sysbios_gates_GateMutexPri_Instance_State_pendQ__O)
                  00008c48    00000004     release_pem4f.oem4f (.const:ti_sysbios_gates_GateMutex_Instance_State_sem__O)
                  00008c4c    00000004     release_pem4f.oem4f (.const:ti_sysbios_heaps_HeapMem_E_memory__C)
                  00008c50    00000004     release_pem4f.oem4f (.const:ti_sysbios_heaps_HeapMem_Module__gateObj__C)
                  00008c54    00000004     release_pem4f.oem4f (.const:ti_sysbios_heaps_HeapMem_Object__count__C)
                  00008c58    00000004     release_pem4f.oem4f (.const:ti_sysbios_heaps_HeapMem_primaryHeapBaseAddr__C)
                  00008c5c    00000004     release_pem4f.oem4f (.const:ti_sysbios_heaps_HeapMem_primaryHeapEndAddr__C)
                  00008c60    00000004     release_pem4f.oem4f (.const:ti_sysbios_heaps_HeapMem_reqAlign__C)
                  00008c64    00000004     release_pem4f.oem4f (.const:ti_sysbios_knl_Clock_Module_State_clockQ__O)
                  00008c68    00000004     release_pem4f.oem4f (.const:ti_sysbios_knl_Mailbox_Instance_State_dataQue__O)
                  00008c6c    00000004     release_pem4f.oem4f (.const:ti_sysbios_knl_Mailbox_Instance_State_dataSem__O)
                  00008c70    00000004     release_pem4f.oem4f (.const:ti_sysbios_knl_Mailbox_Instance_State_freeQue__O)
                  00008c74    00000004     release_pem4f.oem4f (.const:ti_sysbios_knl_Mailbox_Instance_State_freeSem__O)
                  00008c78    00000004     release_pem4f.oem4f (.const:ti_sysbios_knl_Mailbox_Object__count__C)
                  00008c7c    00000004     release_pem4f.oem4f (.const:ti_sysbios_knl_Mailbox_maxTypeAlign__C)
                  00008c80    00000004     release_pem4f.oem4f (.const:ti_sysbios_knl_Semaphore_Instance_State_pendQ__O)
                  00008c84    00000004     release_pem4f.oem4f (.const:ti_sysbios_knl_Swi_Object__count__C)
                  00008c88    00000004     release_pem4f.oem4f (.const:ti_sysbios_knl_Task_Module_State_inactiveQ__O)
                  00008c8c    00000004     release_pem4f.oem4f (.const:ti_sysbios_knl_Task_Object__count__C)
                  00008c90    00000004     release_pem4f.oem4f (.const:ti_sysbios_knl_Task_Object__heap__C)
                  00008c94    00000004     release_pem4f.oem4f (.const:ti_sysbios_knl_Task_allBlockedFunc__C)
                  00008c98    00000004     release_pem4f.oem4f (.const:ti_sysbios_knl_Task_defaultStackHeap__C)
                  00008c9c    00000004     release_pem4f.oem4f (.const:ti_sysbios_knl_Task_defaultStackSize__C)
                  00008ca0    00000004     release_pem4f.oem4f (.const:ti_sysbios_knl_Task_numConstructedTasks__C)
                  00008ca4    00000004     release_pem4f.oem4f (.const:xdc_runtime_Error_E_memory__C)
                  00008ca8    00000004     release_pem4f.oem4f (.const:xdc_runtime_Error_policyFxn__C)
                  00008cac    00000004     release_pem4f.oem4f (.const:xdc_runtime_IGateProvider_Interface__BASE__C)
                  00008cb0    00000004     release_pem4f.oem4f (.const:xdc_runtime_IHeap_Interface__BASE__C)
                  00008cb4    00000004     release_pem4f.oem4f (.const:xdc_runtime_IModule_Interface__BASE__C)
                  00008cb8    00000004     release_pem4f.oem4f (.const:xdc_runtime_Memory_defaultHeapInstance__C)
                  00008cbc    00000004     release_pem4f.oem4f (.const:xdc_runtime_Startup_execImpl__C)
                  00008cc0    00000004     release_pem4f.oem4f (.const:xdc_runtime_Startup_maxPasses__C)
                  00008cc4    00000004     release_pem4f.oem4f (.const:xdc_runtime_Startup_sfxnRts__C)
                  00008cc8    00000004     release_pem4f.oem4f (.const:xdc_runtime_Startup_sfxnTab__C)
                  00008ccc    00000004     release_pem4f.oem4f (.const:xdc_runtime_SysCallback_abortFxn__C)
                  00008cd0    00000004     release_pem4f.oem4f (.const:xdc_runtime_SysCallback_exitFxn__C)
                  00008cd4    00000004     release_pem4f.oem4f (.const:xdc_runtime_System_Module__gateObj__C)
                  00008cd8    00000004     release_pem4f.oem4f (.const:xdc_runtime_System_abortFxn__C)
                  00008cdc    00000004     release_pem4f.oem4f (.const:xdc_runtime_System_exitFxn__C)
                  00008ce0    00000004     release_pem4f.oem4f (.const:xdc_runtime_System_maxAtexitHandlers__C)
                  00008ce4    00000002     release_pem4f.oem4f (.const:ti_sysbios_family_arm_msp432_init_Boot_bypassHFXT__C)
                  00008ce6    00000002     release_pem4f.oem4f (.const:ti_sysbios_family_arm_msp432_init_Boot_bypassLFXT__C)
                  00008ce8    00000002     release_pem4f.oem4f (.const:ti_sysbios_family_arm_msp432_init_Boot_enableHFXT__C)
                  00008cea    00000002     release_pem4f.oem4f (.const:ti_sysbios_family_arm_msp432_init_Boot_enableLFXT__C)
                  00008cec    00000002     release_pem4f.oem4f (.const:ti_sysbios_heaps_HeapMem_Module__id__C)
                  00008cee    00000002     release_pem4f.oem4f (.const:xdc_runtime_Memory_Module__id__C)
                  00008cf0    00000001     release_pem4f.oem4f (.const:xdc_runtime_Error_policy__C)

.cinit     0    00008cf8    00000298     
                  00008cf8    0000026d     (.cinit..data.load) [load image, compression = lzss]
                  00008f65    00000003     --HOLE-- [fill = 0]
                  00008f68    0000000c     (__TI_handler_table)
                  00008f74    00000004     --HOLE-- [fill = 0]
                  00008f78    00000008     (.cinit..bss.load) [load image, compression = zero_init]
                  00008f80    00000010     (__TI_cinit_table)

.init_array 
*          0    00000000    00000000     UNINITIALIZED

.data      0    20008140    000007f7     UNINITIALIZED
                  20008140    00000140     drivers_msp432p401x.aem4f : PowerMSP432.oem4f (.data:PowerMSP432_perfLevels)
                  20008280    000000f0     rtsv7M4_T_le_v4SPD16_eabi.lib : defs.c.obj (.data:_ftable)
                  20008370    00000088     sysbios.aem4f : BIOS.obj (.data:$O1$$)
                  200083f8    00000080     release_pem4f.oem4f (.data:ti_sysbios_knl_Swi_Module_State_0_readyQ__A)
                  20008478    00000080     release_pem4f.oem4f (.data:ti_sysbios_knl_Task_Module_State_0_readyQ__A)
                  200084f8    00000078     rtsv7M4_T_le_v4SPD16_eabi.lib : host_device.c.obj (.data:_device)
                  20008570    00000054     release_pem4f.oem4f (.data:ti_sysbios_gates_GateMutex_Object__table__V)
                  200085c4    00000050     rtsv7M4_T_le_v4SPD16_eabi.lib : host_device.c.obj (.data:_stream)
                  20008614    0000004c     release_pem4f.oem4f (.data:ti_sysbios_knl_Task_Object__table__V)
                  20008660    00000044     release_pem4f.oem4f (.data:ti_sysbios_family_arm_msp432_Timer_Object__table__V)
                  200086a4    00000044     release_pem4f.oem4f (.data:ti_sysbios_knl_Task_Module__state__V)
                  200086e8    00000034     release_pem4f.oem4f (.data:ti_sysbios_family_arm_m3_Hwi_Module__state__V)
                  2000871c    00000030     release_pem4f.oem4f (.data:ti_sysbios_knl_Swi_Object__table__V)
                  2000874c    0000002c     drivers_msp432p401x.aem4f : PowerMSP432.oem4f (.data:PowerMSP432_module)
                  20008778    0000002c     release_pem4f.oem4f (.data:ti_sysbios_knl_Clock_Module__state__V)
                  200087a4    00000024     release_pem4f.oem4f (.data:ti_sysbios_BIOS_Module__state__V)
                  200087c8    00000020     release_pem4f.oem4f (.data:ti_sysbios_family_arm_msp432_Timer_Module_State_0_device__A)
                  200087e8    00000020     release_pem4f.oem4f (.data:xdc_runtime_Error_IgnoreBlock)
                  20008808    0000001c     release_pem4f.oem4f (.data:ti_sysbios_knl_Swi_Module__state__V)
                  20008824    00000018     release_pem4f.oem4f (.data:ti_sysbios_family_arm_m3_Hwi_Object__table__V)
                  2000883c    00000018     release_pem4f.oem4f (.data:ti_sysbios_heaps_HeapMem_Object__table__V)
                  20008854    00000010     Crystalfontz128x128_ST7735.obj (.data:g_sCrystalfontz128x128)
                  20008864    00000010     rtsv7M4_T_le_v4SPD16_eabi.lib : defs.c.obj (.data)
                  20008874    00000010     release_pem4f.oem4f (.data:ti_sysbios_family_arm_msp432_Timer_Module_State_0_handles__A)
                  20008884    0000000c     rtsv7M4_T_le_v4SPD16_eabi.lib : exit.c.obj (.data:$O1$$)
                  20008890    0000000c     release_pem4f.oem4f (.data:ti_sysbios_family_arm_msp432_ClockFreqs_Module__state__V)
                  2000889c    0000000c     release_pem4f.oem4f (.data:ti_sysbios_family_arm_msp432_Timer_Module__state__V)
                  200088a8    00000008     rtsv7M4_T_le_v4SPD16_eabi.lib : _lock.c.obj (.data:$O1$$)
                  200088b0    00000008     drivers_msp432p401x.aem4f : ADCMSP432.oem4f (.data)
                  200088b8    00000008     release_pem4f.oem4f (.data:ti_sysbios_family_arm_m3_Hwi_Module__root__V)
                  200088c0    00000008     release_pem4f.oem4f (.data:ti_sysbios_gates_GateHwi_Module__root__V)
                  200088c8    00000008     release_pem4f.oem4f (.data:ti_sysbios_gates_GateMutexPri_Module__root__V)
                  200088d0    00000008     release_pem4f.oem4f (.data:ti_sysbios_gates_GateMutex_Module__root__V)
                  200088d8    00000008     release_pem4f.oem4f (.data:ti_sysbios_heaps_HeapMem_Module__root__V)
                  200088e0    00000008     release_pem4f.oem4f (.data:ti_sysbios_knl_Mailbox_Module__root__V)
                  200088e8    00000008     release_pem4f.oem4f (.data:ti_sysbios_knl_Queue_Module__root__V)
                  200088f0    00000008     release_pem4f.oem4f (.data:ti_sysbios_knl_Semaphore_Module__root__V)
                  200088f8    00000008     release_pem4f.oem4f (.data:ti_sysbios_knl_Task_Module__root__V)
                  20008900    00000008     release_pem4f.oem4f (.data:xdc_runtime_Startup_Module__state__V)
                  20008908    00000008     release_pem4f.oem4f (.data:xdc_runtime_System_Module_State_0_atexitHandlers__A)
                  20008910    00000008     release_pem4f.oem4f (.data:xdc_runtime_System_Module__state__V)
                  20008918    00000004     rtsv7M4_T_le_v4SPD16_eabi.lib : stkdepth_vars.c.obj (.data)
                  2000891c    00000004     release_pem4f.oem4f (.data:ti_sysbios_family_arm_m3_Hwi_Module_State_0_excContext__A)
                  20008920    00000004     release_pem4f.oem4f (.data:ti_sysbios_family_arm_m3_Hwi_Module_State_0_excStack__A)
                  20008924    00000004     release_pem4f.oem4f (.data:ti_sysbios_gates_GateHwi_Object__table__V)
                  20008928    00000004     release_pem4f.oem4f (.data:ti_sysbios_knl_Task_Module_State_0_idleTask__A)
                  2000892c    00000004     release_pem4f.oem4f (.data:ti_sysbios_rts_ti_ReentSupport_Module__state__V)
                  20008930    00000004     release_pem4f.oem4f (.data:xdc_runtime_Memory_Module__state__V)
                  20008934    00000002     release_pem4f.oem4f (.data:ti_sysbios_family_arm_m3_Hwi_Module_State_0_excActive__A)
                  20008936    00000001     drivers_msp432p401x.aem4f : ADC.oem4f (.data)

.bss       0    20008938    0000054a     UNINITIALIZED
                  20008938    00000200     release_pem4f.oem4f (.bss:taskStackSection)
                  20008b38    00000140     (.common:ti_sysbios_family_arm_m3_Hwi_dispatchTable)
                  20008c78    00000120     rtsv7M4_T_le_v4SPD16_eabi.lib : trgmsg.c.obj (.bss:_CIOBUF_)
                  20008d98    000000a0     (.common:__TI_tmpnams)
                  20008e38    0000001c     protectedlcd.obj (.bss:g_context)
                  20008e54    00000008     msp432p4xx_driverlib.lib : cs.o (.bss)
                  20008e5c    00000008     (.common:adcMSP432Objects)
                  20008e64    00000008     (.common:parmbuf)
                  20008e6c    00000004     protectedlcd.obj (.bss)
                  20008e70    00000004     (.common:g_mail_adc)
                  20008e74    00000004     (.common:ti_sysbios_knl_Task_Instance_State_0_hookEnv__A)
                  20008e78    00000002     (.common:Lcd_ScreenHeigth)
                  20008e7a    00000002     (.common:Lcd_ScreenWidth)
                  20008e7c    00000002     (.common:Lcd_TouchTrim)
                  20008e7e    00000001     (.common:Lcd_FlagRead)
                  20008e7f    00000001     (.common:Lcd_FontSolid)
                  20008e80    00000001     (.common:Lcd_Orientation)
                  20008e81    00000001     (.common:Lcd_PenSolid)

.priheap   0    20000140    00008000     UNINITIALIZED
                  20000140    00008000     --HOLE--

.stack     0    2000fc00    00000400     UNINITIALIZED
                  2000fc00    00000400     --HOLE--

.bootVecs 
*          0    00000000    00000008     DSECT
                  00000000    00000008     boot.aem4f : boot.oem4f (.bootVecs)

.resetVecs 
*          0    00000000    0000003c     
                  00000000    0000003c     release_pem4f.oem4f (.resetVecs)

.vecs      0    20000000    00000140     NOLOAD SECTION
                  20000000    00000140     release_pem4f.oem4f (.vecs)

xdc.meta   0    00000000    00000101     COPY SECTION
                  00000000    00000101     release_pem4f.oem4f (xdc.meta)

xdc.noload 
*          0    00000000    00000000     COPY SECTION

__llvm_prf_cnts 
*          0    20000000    00000000     UNINITIALIZED

.binit     0    00000000    00000000     

MODULE SUMMARY

       Module                                               code    ro data   rw data
       ------                                               ----    -------   -------
    .\
       main_tirtos.obj                                      628     0         8      
       protectedlcd.obj                                     242     0         64     
       bsp.obj                                              146     0         0      
    +--+----------------------------------------------------+-------+---------+---------+
       Total:                                               1016    0         72     
                                                                                     
    .\LcdDriver\
       Crystalfontz128x128_ST7735.obj                       1670    40        52     
       HAL_MSP_EXP432P401R_Crystalfontz128x128_ST7735.obj   212     28        0      
    +--+----------------------------------------------------+-------+---------+---------+
       Total:                                               1882    68        52     
                                                                                     
    .\syscfg\
       ti_drivers_config.obj                                14      143       16     
    +--+----------------------------------------------------+-------+---------+---------+
       Total:                                               14      143       16     
                                                                                     
    C:\Users\a0491002\workspace_v10\tirtos_builds_MSP_EXP432P401R_release_ccs\Debug\configPkg\package\cfg\
       release_pem4f.oem4f                                  1774    1181      4380   
    +--+----------------------------------------------------+-------+---------+---------+
       Total:                                               1774    1181      4380   
                                                                                     
    C:/ti/simplelink_msp432p4_sdk_3_40_01_02/kernel/tirtos/packages/ti/dpl/lib/dpl_msp432p401x.aem4f
       PowerMSP432_tirtos.oem4f                             122     0         0      
       HwiP_tirtos.oem4f                                    84      0         0      
       SemaphoreP_tirtos.oem4f                              78      0         0      
    +--+----------------------------------------------------+-------+---------+---------+
       Total:                                               284     0         0      
                                                                                     
    C:/ti/simplelink_msp432p4_sdk_3_40_01_02/source/ti/devices/msp432p4xx/driverlib/ccs/msp432p4xx_driverlib.lib
       pcm.o                                                1770    0         0      
       cs.o                                                 704     0         16     
       adc14.o                                              588     128       0      
       gpio.o                                               280     48        0      
       spi.o                                                312     0         0      
       sysctl_a.o                                           64      0         0      
       rtc_c.o                                              44      0         0      
       wdt_a.o                                              36      0         0      
       cpu.o                                                28      0         0      
       sysctl.o                                             16      0         0      
    +--+----------------------------------------------------+-------+---------+---------+
       Total:                                               3842    176       16     
                                                                                     
    C:/ti/simplelink_msp432p4_sdk_3_40_01_02/source/ti/drivers/lib/drivers_msp432p401x.aem4f
       PowerMSP432.oem4f                                    1992    0         728    
       ADCMSP432.oem4f                                      696     24        16     
       ADC.oem4f                                            162     8         2      
    +--+----------------------------------------------------+-------+---------+---------+
       Total:                                               2850    32        746    
                                                                                     
    C:/ti/simplelink_msp432p4_sdk_3_40_01_02/source/ti/grlib/lib/ccs/m4f/grlib.a
       string.obj                                           1214    0         0      
       fontfixed6x8.obj                                     0       960       0      
       context.obj                                          174     0         0      
       line.obj                                             156     0         0      
       display.obj                                          146     0         0      
    +--+----------------------------------------------------+-------+---------+---------+
       Total:                                               1690    960       0      
                                                                                     
    C:\Users\a0491002\workspace_v10\tirtos_builds_MSP_EXP432P401R_release_ccs\src\sysbios\sysbios.aem4f
       BIOS.obj                                             8760    0         272    
       m3_Hwi_asm.obj                                       318     0         0      
       m3_TaskSupport_asm.obj                               180     0         0      
       m3_Hwi_asm_switch.obj                                118     0         0      
    +--+----------------------------------------------------+-------+---------+---------+
       Total:                                               9376    0         272    
                                                                                     
    C:\ti\ccs1020\ccs\tools\compiler\ti-cgt-arm_20.2.2.LTS\lib\rtsv7M4_T_le_v4SPD16_eabi.lib
       _printfi.c.obj                                       4851    0         0      
       defs.c.obj                                           0       0         832    
       trgmsg.c.obj                                         108     0         576    
       fd_add_t2.asm.obj                                    438     0         0      
       host_device.c.obj                                    0       0         400    
       fd_div_t2.asm.obj                                    310     0         0      
       fputs.c.obj                                          276     0         0      
       s_scalbn.c.obj                                       272     0         0      
       fd_cmp_t2.asm.obj                                    268     0         0      
       ctype.c.obj                                          0       257       0      
       fd_mul_t2.asm.obj                                    252     0         0      
       setvbuf.c.obj                                        220     0         0      
       fflush.c.obj                                         200     0         0      
       memcpy_t2.asm.obj                                    156     0         0      
       ull_div_t2.asm.obj                                   150     0         0      
       snprintf.c.obj                                       148     0         0      
       memset_t2.asm.obj                                    122     0         0      
       fclose.c.obj                                         116     0         0      
       getdevice.c.obj                                      116     0         0      
       hostopen.c.obj                                       96      0         16     
       hostrename.c.obj                                     108     0         0      
       copy_decompress_lzss.c.obj                           104     0         0      
       hostlseek.c.obj                                      104     0         0      
       fseek.c.obj                                          100     0         0      
       s_frexp.c.obj                                        100     0         0      
       _io_perm.c.obj                                       98      0         0      
       close.c.obj                                          92      0         0      
       hostread.c.obj                                       88      0         0      
[...]
00007fb1  xdc_runtime_SysCallback_abort__E                                
00007fb1  xdc_runtime_System_SupportProxy_abort__E                        
00007fc1  xdc_runtime_SysCallback_exit__E                                 
00007fc1  xdc_runtime_System_SupportProxy_exit__E                         
00007fd1  bsp_halt                                                        
00007fdf  __TI_decompress_none                                            
00007ff1  ti_sysbios_knl_Idle_loop__E                                     
00008000  HEAPSIZE                                                        
00008001  ti_sysbios_knl_Queue_empty__E                                   
0000800f  Board_init                                                      
0000801b  CPU_cpsid                                                       
00008027  CPU_cpsie                                                       
00008035  Power_getConstraintMask                                         
00008041  SemaphoreP_delete                                               
0000804d  _register_lock                                                  
00008059  _register_unlock                                                
00008071  __TI_zero_init                                                  
0000807d  ti_sysbios_family_arm_m3_Hwi_Params__init__S                    
0000807d  ti_sysbios_hal_Hwi_HwiProxy_Params__init__S                     
00008089  ti_sysbios_family_arm_m3_Hwi_disableFxn__E                      
00008089  ti_sysbios_hal_Hwi_HwiProxy_disable__E                          
00008099  ti_sysbios_family_arm_m3_TaskSupport_getStackAlignment__E       
00008099  ti_sysbios_knl_Task_SupportProxy_getStackAlignment__E           
000080a9  ti_sysbios_family_arm_msp432_Timer_getMaxTicks__E               
000080b9  ti_sysbios_gates_GateHwi_enter__E                               
000080c5  ti_sysbios_gates_GateMutexPri_Params__init__S                   
000080d1  ti_sysbios_knl_Mailbox_Params__init__S                          
000080dd  ti_sysbios_knl_Queue_Object__get__S                             
000080e9  ti_sysbios_knl_Semaphore_Params__init__S                        
000080f5  ti_sysbios_knl_Task_Params__init__S                             
00008101  ti_sysbios_knl_Task_self__E                                     
00008111  ti_sysbios_rts_ti_ReentSupport_taskRegHook__I                   
00008121  xdc_runtime_Gate_enterSystem__E                                 
00008131  xdc_runtime_Memory_calloc__E                                    
00008141  xdc_runtime_Startup_rtsDone__E                                  
0000814d  ADC_Params_init                                                 
00008157  ADC_convert                                                     
00008161  ADC_convertToMicroVolts                                         
00008175  xdc_runtime_Memory_HeapProxy_alloc__E                           
0000817f  xdc_runtime_Memory_HeapProxy_free__E                            
00008189  ti_sysbios_family_arm_m3_Hwi_doSwiRestore__I                    
00008191  ti_sysbios_family_arm_m3_Hwi_startup__E                         
00008191  ti_sysbios_hal_Hwi_HwiProxy_startup__E                          
00008191  ti_sysbios_hal_Hwi_startup__E                                   
00008199  ti_sysbios_family_arm_m3_Hwi_doTaskRestore__I                   
000081a1  HwiP_restore                                                    
000081a1  ti_sysbios_family_arm_m3_Hwi_restoreFxn__E                      
000081a1  ti_sysbios_hal_Hwi_HwiProxy_restore__E                          
000081a9  ti_sysbios_gates_GateHwi_leave__E                               
000081b1  ti_sysbios_heaps_HeapMem_isBlocking__E                          
000081b9  ti_sysbios_knl_Queue_Instance_init__E                           
000081c1  ti_sysbios_knl_Swi_startup__E                                   
000081c9  xdc_runtime_System_Module_startup__E                            
000081d1  __aeabi_errno_addr                                              
000081d9  ti_sysbios_gates_GateHwi_query__E                               
000081d9  xdc_runtime_Main_Module_GateProxy_query__E                      
000081d9  xdc_runtime_System_Module_GateProxy_query__E                    
000081e1  ti_sysbios_gates_GateMutexPri_query__E                          
000081e9  ti_sysbios_BIOS_RtsGateProxy_query__E                           
000081e9  ti_sysbios_gates_GateMutex_query__E                             
000081e9  ti_sysbios_heaps_HeapMem_Module_GateProxy_query__E              
000081f1  ti_sysbios_knl_Task_startup__E                                  
000081f9  ti_sysbios_BIOS_linkedWithIncorrectBootLibrary__E               
00008201  ti_sysbios_gates_GateHwi_Instance_init__E                       
00008209  ti_sysbios_knl_Clock_logTick__E                                 
00008211  xdc_runtime_SysCallback_defaultAbort                            
00008219  xdc_runtime_SysCallback_defaultExit                             
00008221  xdc_runtime_System_abortSpin__E                                 
00008229  xdc_runtime_System_exitSpin__E                                  
00008524  _ctypes_                                                        
00008625  Display_count                                                   
00008626  ADC_count                                                       
00008627  UART_count                                                      
00008628  g_sFontFixed6x8                                                 
00008770  ti_sysbios_knl_Task_Object__PARAMS__C                           
000087ac  PowerMSP432_config                                              
000087e4  ti_sysbios_knl_Mailbox_Object__PARAMS__C                        
00008848  adcMSP432HWAttrs                                                
00008878  ti_sysbios_family_arm_m3_Hwi_Object__PARAMS__C                  
000088a8  ti_sysbios_heaps_HeapMem_Module__FXNS__C                        
000088d0  ADC_config                                                      
000088f4  ti_sysbios_gates_GateHwi_Module__FXNS__C                        
00008918  ti_sysbios_gates_GateMutexPri_Module__FXNS__C                   
0000893c  ti_sysbios_gates_GateMutex_Module__FXNS__C                      
00008960  ti_sysbios_heaps_HeapMem_Object__PARAMS__C                      
00008984  ti_sysbios_knl_Semaphore_Object__PARAMS__C                      
000089a8  xdc_runtime_Startup_sfxnTab__A                                  
000089cc  g_sCrystalfontz128x128_funcs                                    
000089ec  ti_sysbios_family_arm_m3_Hwi_Object__DESC__C                    
00008a0c  ti_sysbios_gates_GateHwi_Object__DESC__C                        
00008a2c  ti_sysbios_gates_GateMutexPri_Object__DESC__C                   
00008a4c  ti_sysbios_gates_GateMutex_Object__DESC__C                      
00008a6c  ti_sysbios_heaps_HeapMem_Object__DESC__C                        
00008a8c  ti_sysbios_knl_Mailbox_Object__DESC__C                          
00008aac  ti_sysbios_knl_Queue_Object__DESC__C                            
00008acc  ti_sysbios_knl_Semaphore_Object__DESC__C                        
00008aec  ti_sysbios_knl_Task_Object__DESC__C                             
00008b28  ADCMSP432_fxnTable                                              
00008b40  ti_sysbios_gates_GateHwi_Object__PARAMS__C                      
00008b58  ti_sysbios_gates_GateMutexPri_Object__PARAMS__C                 
00008b70  ti_sysbios_gates_GateMutex_Object__PARAMS__C                    
00008b88  ti_sysbios_knl_Queue_Object__PARAMS__C                          
00008ba0  ti_sysbios_knl_Task_hooks__A                                    
00008bb8  xdc_runtime_Startup_sfxnRts__A                                  
00008bca  ti_sysbios_family_arm_m3_Hwi_Module__id__C                      
00008bcc  xdc_runtime_Startup_firstFxns__A                                
00008be0  ADC_defaultParams                                               
00008be8  ti_sysbios_knl_Idle_funcList__A                                 
00008bf0  ti_sysbios_knl_Idle_funcList__C                                 
00008bf8  ti_sysbios_knl_Task_hooks__C                                    
00008c00  xdc_runtime_Startup_firstFxns__C                                
00008c08  xdc_runtime_Startup_lastFxns__C                                 
00008c10  ti_sysbios_family_arm_m3_Hwi_E_alreadyDefined__C                
00008c14  ti_sysbios_family_arm_m3_Hwi_E_badIntNum__C                     
00008c18  ti_sysbios_family_arm_m3_Hwi_NUM_INTERRUPTS__C                  
00008c1c  ti_sysbios_family_arm_m3_Hwi_Object__count__C                   
00008c20  ti_sysbios_family_arm_m3_Hwi_ccr__C                             
00008c24  ti_sysbios_family_arm_m3_Hwi_excHandlerFunc__C                  
00008c28  ti_sysbios_family_arm_m3_Hwi_nullIsrFunc__C                     
00008c2c  ti_sysbios_family_arm_m3_Hwi_priGroup__C                        
00008c30  ti_sysbios_family_arm_m3_Hwi_swiDisable__C                      
00008c34  ti_sysbios_family_arm_m3_Hwi_swiRestore__C                      
00008c38  ti_sysbios_family_arm_m3_TaskSupport_stackAlignment__C          
00008c3c  ti_sysbios_family_arm_msp432_Timer_numTimerDevices__C           
00008c40  ti_sysbios_family_arm_msp432_Timer_startupNeeded__C             
00008c44  ti_sysbios_gates_GateMutexPri_Instance_State_pendQ__O           
00008c48  ti_sysbios_gates_GateMutex_Instance_State_sem__O                
00008c4c  ti_sysbios_heaps_HeapMem_E_memory__C                            
00008c50  ti_sysbios_heaps_HeapMem_Module__gateObj__C                     
00008c54  ti_sysbios_heaps_HeapMem_Object__count__C                       
00008c58  ti_sysbios_heaps_HeapMem_primaryHeapBaseAddr__C                 
00008c5c  ti_sysbios_heaps_HeapMem_primaryHeapEndAddr__C                  
00008c60  ti_sysbios_heaps_HeapMem_reqAlign__C                            
00008c64  ti_sysbios_knl_Clock_Module_State_clockQ__O                     
00008c68  ti_sysbios_knl_Mailbox_Instance_State_dataQue__O                
00008c6c  ti_sysbios_knl_Mailbox_Instance_State_dataSem__O                
00008c70  ti_sysbios_knl_Mailbox_Instance_State_freeQue__O                
00008c74  ti_sysbios_knl_Mailbox_Instance_State_freeSem__O                
00008c78  ti_sysbios_knl_Mailbox_Object__count__C                         
00008c7c  ti_sysbios_knl_Mailbox_maxTypeAlign__C                          
00008c80  ti_sysbios_knl_Semaphore_Instance_State_pendQ__O                
00008c84  ti_sysbios_knl_Swi_Object__count__C                             
00008c88  ti_sysbios_knl_Task_Module_State_inactiveQ__O                   
00008c8c  ti_sysbios_knl_Task_Object__count__C                            
00008c90  ti_sysbios_knl_Task_Object__heap__C                             
00008c94  ti_sysbios_knl_Task_allBlockedFunc__C                           
00008c98  ti_sysbios_knl_Task_defaultStackHeap__C                         
00008c9c  ti_sysbios_knl_Task_defaultStackSize__C                         
00008ca0  ti_sysbios_knl_Task_numConstructedTasks__C                      
00008ca4  xdc_runtime_Error_E_memory__C                                   
00008ca8  xdc_runtime_Error_policyFxn__C                                  
00008cac  xdc_runtime_IGateProvider_Interface__BASE__C                    
00008cb0  xdc_runtime_IHeap_Interface__BASE__C                            
00008cb4  xdc_runtime_IModule_Interface__BASE__C                          
00008cb8  xdc_runtime_Memory_defaultHeapInstance__C                       
00008cbc  xdc_runtime_Startup_execImpl__C                                 
00008cc0  xdc_runtime_Startup_maxPasses__C                                
00008cc4  xdc_runtime_Startup_sfxnRts__C                                  
00008cc8  xdc_runtime_Startup_sfxnTab__C                                  
00008ccc  xdc_runtime_SysCallback_abortFxn__C                             
00008cd0  xdc_runtime_SysCallback_exitFxn__C                              
00008cd4  xdc_runtime_System_Module__gateObj__C                           
00008cd8  xdc_runtime_System_abortFxn__C                                  
00008cdc  xdc_runtime_System_exitFxn__C                                   
00008ce0  xdc_runtime_System_maxAtexitHandlers__C                         
00008ce4  ti_sysbios_family_arm_msp432_init_Boot_bypassHFXT__C            
00008ce6  ti_sysbios_family_arm_msp432_init_Boot_bypassLFXT__C            
00008ce8  ti_sysbios_family_arm_msp432_init_Boot_enableHFXT__C            
00008cea  ti_sysbios_family_arm_msp432_init_Boot_enableLFXT__C            
00008cec  ti_sysbios_heaps_HeapMem_Module__id__C                          
00008cee  xdc_runtime_Memory_Module__id__C                                
00008cf0  xdc_runtime_Error_policy__C                                     
00008cf8  __TI_static_base__                                              
00008f68  __TI_Handler_Table_Base                                         
00008f74  __TI_Handler_Table_Limit                                        
00008f80  __TI_CINIT_Base                                                 
00008f90  __TI_CINIT_Limit                                                
20000000  __start___llvm_prf_cnts                                         
20000000  __stop___llvm_prf_cnts                                          
20000000  ti_sysbios_family_arm_m3_Hwi_ramVectors                         
20000140  __primary_heap_start__                                          
20008140  PowerMSP432_perfLevels                                          
20008140  __primary_heap_end__                                            
20008280  _ftable                                                         
200083f8  ti_sysbios_knl_Swi_Module_State_0_readyQ__A                     
20008478  ti_sysbios_knl_Task_Module_State_0_readyQ__A                    
200084f8  _device                                                         
20008570  ti_sysbios_gates_GateMutex_Object__table__V                     
200085c4  _stream                                                         
20008614  ti_sysbios_knl_Task_Object__table__V                            
20008660  ti_sysbios_family_arm_msp432_Timer_Object__table__V             
200086a4  ti_sysbios_knl_Task_Module__state__V                            
200086e8  ti_sysbios_family_arm_m3_Hwi_Module__state__V                   
2000871c  ti_sysbios_knl_Swi_Object__table__V                             
2000874c  PowerMSP432_module                                              
20008778  ti_sysbios_knl_Clock_Module__state__V                           
200087a4  ti_sysbios_BIOS_Module__state__V                                
200087c8  ti_sysbios_family_arm_msp432_Timer_Module_State_0_device__A     
200087e8  xdc_runtime_Error_IgnoreBlock                                   
20008808  ti_sysbios_knl_Swi_Module__state__V                             
20008824  ti_sysbios_family_arm_m3_Hwi_Object__table__V                   
2000883c  ti_sysbios_heaps_HeapMem_Object__table__V                       
20008854  g_sCrystalfontz128x128                                          
20008864  __TI_ft_end                                                     
20008868  __aeabi_stdin                                                   
2000886c  __aeabi_stdout                                                  
20008870  __aeabi_stderr                                                  
20008874  ti_sysbios_family_arm_msp432_Timer_Module_State_0_handles__A    
20008884  __TI_cleanup_ptr                                                
20008888  __TI_dtors_ptr                                                  
2000888c  __TI_enable_exit_profile_output                                 
20008890  ti_sysbios_family_arm_msp432_ClockFreqs_Module__state__V        
2000889c  ti_sysbios_family_arm_msp432_Timer_Module__state__V             
200088a8  _lock                                                           
200088ac  _unlock                                                         
200088b8  ti_sysbios_family_arm_m3_Hwi_Module__root__V                    
200088c0  ti_sysbios_gates_GateHwi_Module__root__V                        
200088c8  ti_sysbios_gates_GateMutexPri_Module__root__V                   
200088d0  ti_sysbios_gates_GateMutex_Module__root__V                      
200088d8  ti_sysbios_heaps_HeapMem_Module__root__V                        
200088e0  ti_sysbios_knl_Mailbox_Module__root__V                          
200088e8  ti_sysbios_knl_Queue_Module__root__V                            
200088f0  ti_sysbios_knl_Semaphore_Module__root__V                        
200088f8  ti_sysbios_knl_Task_Module__root__V                             
20008900  xdc_runtime_Startup_Module__state__V                            
20008908  xdc_runtime_System_Module_State_0_atexitHandlers__A             
20008910  xdc_runtime_System_Module__state__V                             
20008918  main_func_sp                                                    
2000891c  ti_sysbios_family_arm_m3_Hwi_Module_State_0_excContext__A       
20008920  ti_sysbios_family_arm_m3_Hwi_Module_State_0_excStack__A         
20008924  ti_sysbios_gates_GateHwi_Object__table__V                       
20008928  ti_sysbios_knl_Task_Module_State_0_idleTask__A                  
2000892c  ti_sysbios_rts_ti_ReentSupport_Module__state__V                 
20008930  xdc_runtime_Memory_Module__state__V                             
20008934  ti_sysbios_family_arm_m3_Hwi_Module_State_0_excActive__A        
20008938  ti_sysbios_knl_Task_Instance_State_0_stack__A                   
20008b38  ti_sysbios_family_arm_m3_Hwi_dispatchTable                      
20008c78  __CIOBUF_                                                       
20008d98  __TI_tmpnams                                                    
20008e5c  adcMSP432Objects                                                
20008e64  parmbuf                                                         
20008e70  g_mail_adc                                                      
20008e74  ti_sysbios_knl_Task_Instance_State_0_hookEnv__A                 
20008e78  Lcd_ScreenHeigth                                                
20008e7a  Lcd_ScreenWidth                                                 
20008e7c  Lcd_TouchTrim                                                   
20008e7e  Lcd_FlagRead                                                    
20008e7f  Lcd_FontSolid                                                   
20008e80  Lcd_Orientation                                                 
20008e81  Lcd_PenSolid                                                    
2000fc00  __stack                                                         
20010000  __STACK_END                                                     
4000480c  WDTCTL_SYM                                                      
e000e000  ti_sysbios_family_arm_m3_Hwi_nvic                               
ffffffff  __TI_pprof_out_hndl                                             
ffffffff  __TI_prof_data_size                                             
ffffffff  __TI_prof_data_start                                            
ffffffff  __binit__                                                       
ffffffff  __c_args__                                                      
ffffffff  binit                                                           
UNDEFED   SHT$$INIT_ARRAY$$Base                                           
UNDEFED   SHT$$INIT_ARRAY$$Limit                                          

[620 symbols]
