******************************************************************************
                  TI ARM Linker PC v20.2.1                     
******************************************************************************
>> Linked Sun Jan 10 13:57:19 2021

OUTPUT FILE NAME:   <adcsinglechannel_MSP_EXP432P401R_tirtos_ccs2.out>
ENTRY POINT SYMBOL: "_c_int00"  address: 00005c71


MEMORY CONFIGURATION

         name            origin    length      used     unused   attr    fill
----------------------  --------  ---------  --------  --------  ----  --------
  MAIN                  00000000   00040000  0000908b  00036f75  R  X
  INFO                  00200000   00004000  00000000  00004000  R  X
  SRAM_CODE             01000000   00010000  000093fd  00006c03  RW X
  SRAM_DATA             20000000   00010000  000093fd  00006c03  RW  


SEGMENT ALLOCATION MAP

run origin  load origin   length   init length attrs members
----------  ----------- ---------- ----------- ----- -------
00000000    00000000    00009098   00009098    r-x
  00000000    00000000    0000003c   0000003c    r-- .resetVecs
  00000040    00000040    000082f2   000082f2    r-x .text
  00008334    00008334    00000ac5   00000ac5    r-- .const
  00008e00    00008e00    00000298   00000298    r-- .cinit
20000140    20000140    00008000   00000000    r--
  20000140    20000140    00008000   00000000    r-- .priheap
20008140    20008140    00000ebe   00000000    rw-
  20008140    20008140    000007f7   00000000    rw- .data
  20008938    20008938    000006c6   00000000    rw- .bss
2000fc00    2000fc00    00000400   00000000    rw-
  2000fc00    2000fc00    00000400   00000000    rw- .stack


SECTION ALLOCATION MAP

 output                                  attributes/
section   page    origin      length       input sections
--------  ----  ----------  ----------   ----------------
.text      0    00000040    000082f2     
                  00000040    00000a4e     rtsv7M4_T_le_v4SPD16_eabi.lib : _printfi.c.obj (.text:__TI_printfi)
                  00000a8e    0000047e     grlib.a : string.obj (.text:Graphics_drawString)
                  00000f0c    000002f8     drivers_msp432p401x.aem4f : PowerMSP432.oem4f (.text:Power_sleep)
                  00001204    0000028a     msp432p4xx_driverlib.lib : pcm.o (.text:__PCM_setPowerStateAdvanced)
                  0000148e    00000002     ti_drivers_config.obj (.text:Board_initHook)
                  00001490    00000288     drivers_msp432p401x.aem4f : PowerMSP432.oem4f (.text:initPerfControl)
                  00001718    00000270     rtsv7M4_T_le_v4SPD16_eabi.lib : _printfi.c.obj (.text:_pconv_a)
                  00001988    0000020c     main_tirtos.obj (.text:startup_task)
                  00001b94    000001d8     Crystalfontz128x128_ST7735.obj (.text:Crystalfontz128x128_PixelDrawMultiple)
                  00001d6c    000001d0     rtsv7M4_T_le_v4SPD16_eabi.lib : _printfi.c.obj (.text:_pconv_g)
                  00001f3c    000001b6                                   : fd_add_t2.asm.obj (.text)
                  000020f2    00000002     dpl_msp432p401x.aem4f : PowerMSP432_tirtos.oem4f (.text:PowerMSP432_initPolicy)
                  000020f4    00000160     msp432p4xx_driverlib.lib : adc14.o (.text:_getIndexForMemRegister)
                  00002254    0000015c                              : pcm.o (.text:__PCM_setPowerModeAdvanced)
                  000023b0    0000013c     rtsv7M4_T_le_v4SPD16_eabi.lib : _printfi.c.obj (.text:_pconv_e)
                  000024ec    00000136                                   : fd_div_t2.asm.obj (.text)
                  00002622    00000002                                   : _lock.c.obj (.text:_nop)
                  00002624    00000134     Crystalfontz128x128_ST7735.obj (.text:Crystalfontz128x128_SetDrawFrame)
                  00002758    00000130     sysbios.aem4f : BIOS.obj (.text:ti_sysbios_knl_Semaphore_pend__E)
                  00002888    0000012c     Crystalfontz128x128_ST7735.obj (.text:Crystalfontz128x128_Init)
                  000029b4    00000124     rtsv7M4_T_le_v4SPD16_eabi.lib : _printfi.c.obj (.text:fcvt)
                  00002ad8    00000114                                   : fputs.c.obj (.text:fputs)
                  00002bec    00000110                                   : s_scalbn.c.obj (.text:scalbn)
                  00002cfc    00000108     msp432p4xx_driverlib.lib : pcm.o (.text:__PCM_setCoreVoltageLevelAdvanced)
                  00002e04    00000004                              : cpu.o (.text:CPU_wfi)
                  00002e08    00000108     sysbios.aem4f : BIOS.obj (.text:ti_sysbios_knl_Task_postInit__I)
                  00002f10    00000108                   : BIOS.obj (.text:xdc_runtime_Startup_startMods__I)
                  00003018    00000104                   : BIOS.obj (.text:ti_sysbios_knl_Task_Instance_finalize__E)
                  0000311c    000000fc     drivers_msp432p401x.aem4f : ADCMSP432.oem4f (.text:ADCMSP432_convert)
                  00003218    000000fc     rtsv7M4_T_le_v4SPD16_eabi.lib : fd_mul_t2.asm.obj (.text)
                  00003314    00000004     dpl_msp432p401x.aem4f : HwiP_tirtos.oem4f (.text:HwiP_disable)
                  00003318    000000f8     sysbios.aem4f : BIOS.obj (.text:ti_sysbios_family_arm_msp432_init_Boot_configureClocksHigh)
                  00003410    000000f4     main_tirtos.obj (.text:main)
                  00003504    000000f0     sysbios.aem4f : m3_Hwi_asm.obj (.text:ti_sysbios_family_arm_m3_Hwi_dispatch__I)
                  000035f4    000000e4     msp432p4xx_driverlib.lib : cs.o (.text:CS_startHFXTWithTimeout)
                  000036d8    000000e4     sysbios.aem4f : BIOS.obj (.text:ti_sysbios_knl_Task_Instance_init__E)
                  000037bc    000000e0     msp432p4xx_driverlib.lib : cs.o (.text:CS_startLFXTWithTimeout)
                  0000389c    000000dc                              : cs.o (.text:_CSGetHFXTFrequency)
                  00003978    000000dc     rtsv7M4_T_le_v4SPD16_eabi.lib : setvbuf.c.obj (.text:setvbuf)
                  00003a54    00000004     dpl_msp432p401x.aem4f : SemaphoreP_tirtos.oem4f (.text:SemaphoreP_post)
                  00003a58    000000d8     sysbios.aem4f : BIOS.obj (.text:ti_sysbios_knl_Mailbox_Instance_init__E)
                  00003b30    000000d0                   : BIOS.obj (.text:ti_sysbios_heaps_HeapMem_alloc__E)
                  00003c00    000000c4                   : BIOS.obj (.text:ti_sysbios_knl_Task_sleep__E)
                  00003cc4    00000004     rtsv7M4_T_le_v4SPD16_eabi.lib : exit.c.obj (.text:abort:abort)
                  00003cc8    000000b8     sysbios.aem4f : BIOS.obj (.text:ti_sysbios_family_arm_m3_Hwi_Instance_init__E)
                  00003d80    000000b4     msp432p4xx_driverlib.lib : adc14.o (.text:ADC14_configureConversionMemory)
                  00003e34    000000b1     rtsv7M4_T_le_v4SPD16_eabi.lib : _printfi.c.obj (.text:_ltostr)
                  00003ee5    00000001     --HOLE-- [fill = 0]
                  00003ee6    000000b0     msp432p4xx_driverlib.lib : spi.o (.text:SPI_initMaster)
                  00003f96    00000002     rtsv7M4_T_le_v4SPD16_eabi.lib : div0.asm.obj (.text)
                  00003f98    000000b0     main_tirtos.obj (.text:display_task)
                  00004048    000000a8     sysbios.aem4f : BIOS.obj (.text:ti_sysbios_family_arm_msp432_Timer_periodicStub__E)
                  000040f0    000000a8                   : BIOS.obj (.text:ti_sysbios_gates_GateMutexPri_enter__E)
                  00004198    000000a6                   : BIOS.obj (.text:xdc_runtime_Core_createObject__I)
                  0000423e    00000002     release_pem4f.oem4f (.text:ti_sysbios_BIOS_nullFunc__I)
                  00004240    000000a4     sysbios.aem4f : BIOS.obj (.text:ti_sysbios_knl_Task_setPri__E)
                  000042e4    000000a0     auto_init.aem4f : auto_init.oem4f (.text)
                  00004384    0000009c     Crystalfontz128x128_ST7735.obj (.text:Crystalfontz128x128_RectFill)
                  00004420    0000009c     grlib.a : line.obj (.text:Graphics_drawLineH)
                  000044bc    0000009c     drivers_msp432p401x.aem4f : PowerMSP432.oem4f (.text:Power_init)
                  00004558    0000009c     rtsv7M4_T_le_v4SPD16_eabi.lib : memcpy_t2.asm.obj (.text)
                  000045f4    00000096                                   : ull_div_t2.asm.obj (.text)
                  0000468a    00000006     drivers_msp432p401x.aem4f : ADCMSP432.oem4f (.text:ADCMSP432_control)
                  00004690    00000094     sysbios.aem4f : BIOS.obj (.text:ti_sysbios_family_arm_m3_Hwi_initNVIC__E)
                  00004724    00000004     release_pem4f.oem4f (.text:ti_sysbios_BIOS_RtsGateProxy_enter__E)
                  00004728    00000094     sysbios.aem4f : BIOS.obj (.text:ti_sysbios_knl_Task_exit__E)
                  000047bc    00000004     release_pem4f.oem4f (.text:ti_sysbios_BIOS_RtsGateProxy_leave__E)
                  000047c0    00000090     sysbios.aem4f : BIOS.obj (.text:ti_sysbios_knl_Task_Module_startup__E)
                  00004850    0000008c     drivers_msp432p401x.aem4f : ADCMSP432.oem4f (.text:ADCMSP432_open)
                  000048dc    0000008c     sysbios.aem4f : m3_TaskSupport_asm.obj (.text:ti_sysbios_family_arm_m3_TaskSupport_buildTaskStack)
                  00004968    0000008c                   : BIOS.obj (.text:xdc_runtime_Memory_alloc__E)
                  000049f4    00000088     msp432p4xx_driverlib.lib : gpio.o (.text:GPIO_setAsPeripheralModuleFunctionOutputPin)
                  00004a7c    00000004     release_pem4f.oem4f (.text:ti_sysbios_family_arm_m3_TaskSupport_Module__startupDone__S)
                  00004a80    00000088     sysbios.aem4f : BIOS.obj (.text:ti_sysbios_knl_Mailbox_post__E)
                  00004b08    00000086     rtsv7M4_T_le_v4SPD16_eabi.lib : fd_cmp_t2.asm.obj (.text:__aeabi_cdcmple)
                  00004b8e    00000086                                   : fd_cmp_t2.asm.obj (.text:__aeabi_cdrcmple)
                  00004c14    00000004     release_pem4f.oem4f (.text:ti_sysbios_heaps_HeapMem_Module_GateProxy_enter__E)
                  00004c18    00000086     sysbios.aem4f : BIOS.obj (.text:xdc_runtime_Core_constructObject__I)
                  00004c9e    00000002     --HOLE-- [fill = 0]
                  00004ca0    00000084     msp432p4xx_driverlib.lib : pcm.o (.text:PCM_gotoLPM3)
                  00004d24    00000084     drivers_msp432p401x.aem4f : PowerMSP432.oem4f (.text:restartHFXT)
                  00004da8    00000084     sysbios.aem4f : BIOS.obj (.text:ti_sysbios_family_arm_m3_Hwi_postInit__I)
                  00004e2c    00000004     release_pem4f.oem4f (.text:ti_sysbios_heaps_HeapMem_Module_GateProxy_leave__E)
                  00004e30    00000084     sysbios.aem4f : BIOS.obj (.text:ti_sysbios_heaps_HeapMem_free__E)
                  00004eb4    00000004     release_pem4f.oem4f (.text:ti_sysbios_knl_Clock_TimerProxy_getMaxTicks__E)
                  00004eb8    00000080     sysbios.aem4f : BIOS.obj (.text:ti_sysbios_knl_Clock_workFunc__E)
                  00004f38    0000007c     rtsv7M4_T_le_v4SPD16_eabi.lib : fflush.c.obj (.text:fflush)
                  00004fb4    0000007a                                   : memset_t2.asm.obj (.text)
                  0000502e    00000002     --HOLE-- [fill = 0]
                  00005030    00000074                                   : fclose.c.obj (.text:__TI_closefile)
                  000050a4    00000004     release_pem4f.oem4f (.text:ti_sysbios_knl_Semaphore_delete)
                  000050a8    00000074     sysbios.aem4f : BIOS.obj (.text:ti_sysbios_knl_Mailbox_pend__E)
                  0000511c    00000004     release_pem4f.oem4f (.text:ti_sysbios_knl_Task_delete)
                  00005120    00000070     sysbios.aem4f : BIOS.obj (.text:ti_sysbios_heaps_HeapMem_initPrimary__I)
                  00005190    00000070                   : BIOS.obj (.text:ti_sysbios_knl_Mailbox_Instance_finalize__E)
                  00005200    0000006e     rtsv7M4_T_le_v4SPD16_eabi.lib : _printfi.c.obj (.text:_mcpy)
                  0000526e    00000002     --HOLE-- [fill = 0]
                  00005270    0000006c                                   : hostrename.c.obj (.text:HOSTrename)
                  000052dc    00000004     release_pem4f.oem4f (.text:xdc_runtime_System_Module_GateProxy_enter__E)
                  000052e0    0000006c     sysbios.aem4f : BIOS.obj (.text:ti_sysbios_gates_GateMutexPri_leave__E)
                  0000534c    00000004     release_pem4f.oem4f (.text:xdc_runtime_System_Module_GateProxy_leave__E)
                  00005350    0000006c     sysbios.aem4f : BIOS.obj (.text:ti_sysbios_knl_Swi_restoreHwi__E)
                  000053bc    00000068     rtsv7M4_T_le_v4SPD16_eabi.lib : hostlseek.c.obj (.text:HOSTlseek)
                  00005424    00000068                                   : copy_decompress_lzss.c.obj (.text:decompress:lzss:__TI_decompress_lzss)
                  0000548c    00000068     protectedlcd.obj (.text:protected_lcd_init)
                  000054f4    00000004     --HOLE-- [fill = 0]
                  000054f8    00000066     sysbios.aem4f : BIOS.obj (.text:xdc_runtime_Core_deleteObject__I)
                  0000555e    00000002     --HOLE-- [fill = 0]
                  00005560    00000064     rtsv7M4_T_le_v4SPD16_eabi.lib : s_frexp.c.obj (.text:frexp)
                  000055c4    00000064                                   : fseek.c.obj (.text:fseek)
                  00005628    00000064     sysbios.aem4f : BIOS.obj (.text:ti_sysbios_family_arm_m3_Hwi_dispatchC__I)
                  0000568c    00000062     rtsv7M4_T_le_v4SPD16_eabi.lib : _io_perm.c.obj (.text:__TI_wrt_ok)
                  000056ee    00000002     --HOLE-- [fill = 0]
                  000056f0    00000060     drivers_msp432p401x.aem4f : ADCMSP432.oem4f (.text:ADCMSP432_convertToMicroVolts)
                  00005750    00000060     Crystalfontz128x128_ST7735.obj (.text:Crystalfontz128x128_LineDrawH)
                  000057b0    00000060     Crystalfontz128x128_ST7735.obj (.text:Crystalfontz128x128_LineDrawV)
                  00005810    00000060     rtsv7M4_T_le_v4SPD16_eabi.lib : hostopen.c.obj (.text:HOSTopen)
                  00005870    00000060     sysbios.aem4f : BIOS.obj (.text:ti_sysbios_knl_Semaphore_post__E)
                  000058d0    00000060                   : BIOS.obj (.text:ti_sysbios_knl_Swi_run__I)
                  00005930    0000005e     msp432p4xx_driverlib.lib : pcm.o (.text:PCM_getCoreVoltageLevel)
                  0000598e    00000002     --HOLE-- [fill = 0]
                  00005990    0000005c     rtsv7M4_T_le_v4SPD16_eabi.lib : close.c.obj (.text:close)
                  000059ec    00000004     --HOLE-- [fill = 0]
                  000059f0    0000005c     sysbios.aem4f : BIOS.obj (.text:ti_sysbios_knl_Swi_schedule__I)
                  00005a4c    00000004     --HOLE-- [fill = 0]
                  00005a50    0000005c                   : BIOS.obj (.text:ti_sysbios_knl_Task_startCore__E)
                  00005aac    00000004     --HOLE-- [fill = 0]
                  00005ab0    0000005c                   : BIOS.obj (.text:xdc_runtime_Startup_exec__E)
                  00005b0c    0000005a     msp432p4xx_driverlib.lib : pcm.o (.text:PCM_getPowerMode)
                  00005b66    0000005a     drivers_msp432p401x.aem4f : ADCMSP432.oem4f (.text:initHw)
                  00005bc0    00000058     rtsv7M4_T_le_v4SPD16_eabi.lib : hostread.c.obj (.text:HOSTread)
                  00005c18    00000058                                   : hostwrite.c.obj (.text:HOSTwrite)
                  00005c70    00000058     boot.aem4f : boot.oem4f (.text)
                  00005cc8    00000058     sysbios.aem4f : m3_Hwi_asm_switch.obj (.text:ti_sysbios_family_arm_m3_Hwi_initStacks__E)
                  00005d20    00000056     rtsv7M4_T_le_v4SPD16_eabi.lib : _printfi.c.obj (.text:_pconv_f)
                  00005d76    00000002     --HOLE-- [fill = 0]
                  00005d78    00000054     Crystalfontz128x128_ST7735.obj (.text:Crystalfontz128x128_SetOrientation)
                  00005dcc    00000054     msp432p4xx_driverlib.lib : pcm.o (.text:PCM_shutdownDevice)
                  00005e20    00000054     rtsv7M4_T_le_v4SPD16_eabi.lib : _ltoa.c.obj (.text:__TI_ltoa)
                  00005e74    00000054     adc_task.obj (.text:adc_task)
                  00005ec8    00000054     release_pem4f.oem4f (.text:ti_sysbios_family_arm_m3_Hwi_create)
                  00005f1c    00000004     --HOLE-- [fill = 0]
                  00005f20    00000054     sysbios.aem4f : BIOS.obj (.text:ti_sysbios_family_arm_msp432_Timer_initDevice__I)
                  00005f74    00000052     grlib.a : context.obj (.text:Graphics_initContext)
                  00005fc6    00000052     rtsv7M4_T_le_v4SPD16_eabi.lib : _printfi.c.obj (.text:_ecpy)
                  00006018    00000050     sysbios.aem4f : BIOS.obj (.text:ti_sysbios_family_arm_m3_Hwi_Module_startup__E)
                  00006068    00000050     release_pem4f.oem4f (.text:ti_sysbios_knl_Mailbox_construct)
                  000060b8    00000050     release_pem4f.oem4f (.text:ti_sysbios_knl_Task_create)
                  00006108    0000004c     dpl_msp432p401x.aem4f : PowerMSP432_tirtos.oem4f (.text:PowerMSP432_sleepPolicy)
                  00006154    0000004c     rtsv7M4_T_le_v4SPD16_eabi.lib : fflush.c.obj (.text:__TI_doflush)
                  000061a0    0000004c                                   : atoi.c.obj (.text:atoi)
                  000061ec    0000004c                                   : cpy_tbl.c.obj (.text:copy_in)
                  00006238    0000004c     protectedlcd.obj (.text:protected_lcd_display)
                  00006284    0000004c     rtsv7M4_T_le_v4SPD16_eabi.lib : snprintf.c.obj (.text:snprintf)
                  000062d0    0000004c     sysbios.aem4f : BIOS.obj (.text:ti_sysbios_family_arm_msp432_Timer_start__E)
                  0000631c    00000004     --HOLE-- [fill = 0]
                  00006320    0000004c                   : BIOS.obj (.text:ti_sysbios_heaps_HeapMem_getStats__E)
                  0000636c    00000004     --HOLE-- [fill = 0]
                  00006370    0000004c                   : BIOS.obj (.text:ti_sysbios_knl_Swi_runLoop__I)
                  000063bc    00000004     --HOLE-- [fill = 0]
                  000063c0    0000004c                   : BIOS.obj (.text:ti_sysbios_knl_Task_allBlockedFunction__I)
                  0000640c    00000004     --HOLE-- [fill = 0]
                  00006410    0000004c                   : BIOS.obj (.text:ti_sysbios_knl_Task_block__E)
                  0000645c    00000004     --HOLE-- [fill = 0]
                  00006460    0000004c                   : BIOS.obj (.text:ti_sysbios_knl_Task_schedule__I)
                  000064ac    00000048     drivers_msp432p401x.aem4f : PowerMSP432.oem4f (.text:Power_releaseConstraint)
                  000064f4    00000048     rtsv7M4_T_le_v4SPD16_eabi.lib : fd_toi_t2.asm.obj (.text)
                  0000653c    00000004     --HOLE-- [fill = 0]
                  00006540    00000048     sysbios.aem4f : BIOS.obj (.text:ti_sysbios_family_arm_m3_Hwi_disableInterrupt__E)
                  00006588    00000048                   : BIOS.obj (.text:ti_sysbios_family_arm_m3_Hwi_enableInterrupt__E)
                  000065d0    00000048                   : BIOS.obj (.text:ti_sysbios_knl_Mailbox_Module_startup__E)
                  00006618    00000048                   : BIOS.obj (.text:xdc_runtime_Core_assignParams__I)
                  00006660    00000044     drivers_msp432p401x.aem4f : ADC.oem4f (.text:ADC_init)
                  000066a4    00000044     rtsv7M4_T_le_v4SPD16_eabi.lib : hostclose.c.obj (.text:HOSTclose)
                  000066e8    00000044                                   : hostunlink.c.obj (.text:HOSTunlink)
                  0000672c    00000044                                   : getdevice.c.obj (.text:getdevice)
                  00006770    00000044     sysbios.aem4f : BIOS.obj (.text:ti_sysbios_family_arm_m3_Hwi_getStackInfo__E)
                  000067b4    00000004     --HOLE-- [fill = 0]
                  000067b8    00000044                   : BIOS.obj (.text:ti_sysbios_knl_Swi_post__E)
                  000067fc    00000040     drivers_msp432p401x.aem4f : ADCMSP432.oem4f (.text:ADCMSP432_close)
                  0000683c    00000040                               : ADC.oem4f (.text:ADC_open)
                  0000687c    00000040     Crystalfontz128x128_ST7735.obj (.text:Crystalfontz128x128_PixelDraw)
                  000068bc    00000040     msp432p4xx_driverlib.lib : gpio.o (.text:GPIO_setAsOutputPin)
                  000068fc    00000040     grlib.a : string.obj (.text:Graphics_getNumberOfLeadingZeros)
                  0000693c    00000040     HAL_MSP_EXP432P401R_Crystalfontz128x128_ST7735.obj (.text:HAL_LCD_SpiInit)
                  0000697c    00000040     dpl_msp432p401x.aem4f : HwiP_tirtos.oem4f (.text:HwiP_create)
                  000069bc    00000040     msp432p4xx_driverlib.lib : spi.o (.text:is_A_Module)
                  000069fc    00000004     --HOLE-- [fill = 0]
                  00006a00    00000040     sysbios.aem4f : BIOS.obj (.text:ti_sysbios_family_arm_msp432_Timer_Module_startup__E)
                  00006a40    00000040                   : BIOS.obj (.text:ti_sysbios_family_arm_msp432_Timer_startup__E)
                  00006a80    00000040                   : BIOS.obj (.text:ti_sysbios_heaps_HeapMem_Instance_init__E)
                  00006ac0    0000003e     rtsv7M4_T_le_v4SPD16_eabi.lib : _printfi.c.obj (.text:_fcpy)
                  00006afe    00000002     --HOLE-- [fill = 0]
                  00006b00    0000003c     sysbios.aem4f : BIOS.obj (.text:ti_sysbios_family_arm_m3_Hwi_Instance_finalize__E)
                  00006b3c    00000004     --HOLE-- [fill = 0]
                  00006b40    0000003c                   : BIOS.obj (.text:ti_sysbios_family_arm_msp432_Seconds_Module_startup__E)
                  00006b7c    00000004     --HOLE-- [fill = 0]
                  00006b80    0000003c                   : BIOS.obj (.text:ti_sysbios_knl_Swi_restore__E)
                  00006bbc    00000038     HAL_MSP_EXP432P401R_Crystalfontz128x128_ST7735.obj (.text:HAL_LCD_writeCommand)
                  00006bf4    00000038     drivers_msp432p401x.aem4f : PowerMSP432.oem4f (.text:Power_setConstraint)
                  00006c2c    00000038     rtsv7M4_T_le_v4SPD16_eabi.lib : trgmsg.c.obj (.text:__TI_writemsg)
                  00006c64    00000038     drivers_msp432p401x.aem4f : PowerMSP432.oem4f (.text:notify)
                  00006c9c    00000004     --HOLE-- [fill = 0]
                  00006ca0    00000038     sysbios.aem4f : BIOS.obj (.text:xdc_runtime_System_atexit__E)
                  00006cd8    00000036     grlib.a : display.obj (.text:Graphics_drawHorizontalLineOnDisplay)
                  00006d0e    00000036     rtsv7M4_T_le_v4SPD16_eabi.lib : strncpy.c.obj (.text:strncpy)
                  00006d44    00000034                                   : fopen.c.obj (.text:__TI_cleanup)
                  00006d78    00000034                                   : trgmsg.c.obj (.text:__TI_readmsg)
                  00006dac    00000034     release_pem4f.oem4f (.text:ti_sysbios_knl_Semaphore_create)
                  00006de0    00000032     sysbios.aem4f : BIOS.obj (.text:ti_sysbios_hal_Hwi_initStack)
                  00006e12    00000002     --HOLE-- [fill = 0]
                  00006e14    00000030     drivers_msp432p401x.aem4f : ADCMSP432.oem4f (.text:ADCMSP432_init)
                  00006e44    00000030     HAL_MSP_EXP432P401R_Crystalfontz128x128_ST7735.obj (.text:HAL_LCD_PortInit)
                  00006e74    00000030     rtsv7M4_T_le_v4SPD16_eabi.lib : snprintf.c.obj (.text:_outs)
                  00006ea4    00000030                                   : getdevice.c.obj (.text:finddevice)
                  00006ed4    00000030     release_pem4f.oem4f (.text:ti_sysbios_BIOS_atExitFunc__I)
                  00006f04    00000030     release_pem4f.oem4f (.text:ti_sysbios_BIOS_startFunc__I)
                  00006f34    00000004     --HOLE-- [fill = 0]
                  00006f38    00000030     sysbios.aem4f : BIOS.obj (.text:ti_sysbios_family_arm_m3_TaskSupport_start__E)
                  00006f68    00000030                   : BIOS.obj (.text:ti_sysbios_family_arm_msp432_Timer_setPeriod__E)
                  00006f98    00000030     release_pem4f.oem4f (.text:ti_sysbios_gates_GateHwi_Object__create__S)
                  00006fc8    00000030     release_pem4f.oem4f (.text:ti_sysbios_gates_GateMutexPri_Object__create__S)
                  00006ff8    00000030     release_pem4f.oem4f (.text:ti_sysbios_gates_GateMutexPri_create)
                  00007028    00000030     release_pem4f.oem4f (.text:ti_sysbios_gates_GateMutex_Object__create__S)
                  00007058    00000030     sysbios.aem4f : BIOS.obj (.text:ti_sysbios_gates_GateMutex_enter__E)
                  00007088    00000030     release_pem4f.oem4f (.text:ti_sysbios_heaps_HeapMem_Object__create__S)
                  000070b8    00000030     sysbios.aem4f : BIOS.obj (.text:ti_sysbios_knl_Mailbox_postInit__I)
                  000070e8    00000030     release_pem4f.oem4f (.text:ti_sysbios_knl_Semaphore_construct)
                  00007118    00000030     sysbios.aem4f : BIOS.obj (.text:ti_sysbios_knl_Semaphore_pendTimeout__I)
                  00007148    00000030                   : BIOS.obj (.text:ti_sysbios_knl_Task_processVitalTaskFlag__I)
                  00007178    00000030                   : BIOS.obj (.text:ti_sysbios_knl_Task_restore__E)
                  000071a8    00000030                   : BIOS.obj (.text:ti_sysbios_knl_Task_unblockI__E)
                  000071d8    00000030                   : BIOS.obj (.text:xdc_runtime_System_processAtExit__E)
                  00007208    0000002e     rtsv7M4_T_le_v4SPD16_eabi.lib : i_tofd_t2.asm.obj (.text)
                  00007236    0000002e     release_pem4f.oem4f (.text:ti_sysbios_rts_MemAlloc_alloc)
                  00007264    0000002c     Crystalfontz128x128_ST7735.obj (.text:Crystalfontz128x128_ClearScreen)
                  00007290    0000002c     grlib.a : display.obj (.text:Graphics_drawPixelOnDisplay)
                  000072bc    0000002c     HAL_MSP_EXP432P401R_Crystalfontz128x128_ST7735.obj (.text:HAL_LCD_writeData)
                  000072e8    0000002c     dpl_msp432p401x.aem4f : PowerMSP432_tirtos.oem4f (.text:PowerMSP432_updateFreqs)
                  00007314    0000002c     msp432p4xx_driverlib.lib : rtc_c.o (.text:RTC_C_holdClock)
                  00007340    0000002c     dpl_msp432p401x.aem4f : SemaphoreP_tirtos.oem4f (.text:SemaphoreP_createBinary)
                  0000736c    00000004     --HOLE-- [fill = 0]
                  00007370    0000002c     sysbios.aem4f : BIOS.obj (.text:_pthread_cleanupFxn)
                  0000739c    00000004     --HOLE-- [fill = 0]
                  000073a0    0000002c                   : BIOS.obj (.text:_pthread_delete$44)
                  000073cc    0000002c     release_pem4f.oem4f (.text:ti_sysbios_gates_GateHwi_Handle__label__S)
                  000073f8    0000002c     release_pem4f.oem4f (.text:ti_sysbios_gates_GateMutexPri_Handle__label__S)
                  00007424    0000002c     release_pem4f.oem4f (.text:ti_sysbios_gates_GateMutex_Handle__label__S)
                  00007450    0000002c     release_pem4f.oem4f (.text:ti_sysbios_heaps_HeapMem_Handle__label__S)
                  0000747c    0000002c     release_pem4f.oem4f (.text:ti_sysbios_knl_Clock_doTick__I)
                  000074a8    0000002c     release_pem4f.oem4f (.text:ti_sysbios_knl_Queue_construct)
                  000074d4    0000002c     rtsv7M4_T_le_v4SPD16_eabi.lib : unlink.c.obj (.text:unlink)
                  00007500    00000028     msp432p4xx_driverlib.lib : adc14.o (.text:ADC14_getResult)
                  00007528    00000028     Crystalfontz128x128_ST7735.obj (.text:Crystalfontz128x128_ColorTranslate)
                  00007550    00000028     msp432p4xx_driverlib.lib : gpio.o (.text:GPIO_setOutputHighOnPin)
                  00007578    00000028                              : gpio.o (.text:GPIO_setOutputLowOnPin)
                  000075a0    00000028                              : pcm.o (.text:PCM_gotoLPM0)
                  000075c8    00000028     drivers_msp432p401x.aem4f : PowerMSP432.oem4f (.text:disableFaultCounter)
                  000075f0    00000028                               : PowerMSP432.oem4f (.text:disableHFXT)
                  00007618    00000028     rtsv7M4_T_le_v4SPD16_eabi.lib : lseek.c.obj (.text:lseek)
                  00007640    00000028     sysbios.aem4f : m3_Hwi_asm.obj (.text:ti_sysbios_family_arm_m3_Hwi_excHandlerAsm__I)
                  00007668    00000028                   : BIOS.obj (.text:ti_sysbios_knl_Clock_addI__E)
                  00007690    00000028                   : BIOS.obj (.text:ti_sysbios_knl_Swi_Module_startup__E)
                  000076b8    00000028     rtsv7M4_T_le_v4SPD16_eabi.lib : write.c.obj (.text:write)
                  000076e0    00000026     sysbios.aem4f : m3_Hwi_asm.obj (.text:ti_sysbios_family_arm_m3_Hwi_pendSV__I)
                  00007706    00000002     --HOLE-- [fill = 0]
                  00007708    00000024     msp432p4xx_driverlib.lib : wdt_a.o (.text:WDT_A_holdTimer)
                  0000772c    00000024     release_pem4f.oem4f (.text:ti_sysbios_BIOS_registerRTSLock__I)
                  00007750    00000024     release_pem4f.oem4f (.text:ti_sysbios_BIOS_removeRTSLock__I)
                  00007774    00000004     --HOLE-- [fill = 0]
                  00007778    00000024     sysbios.aem4f : BIOS.obj (.text:ti_sysbios_family_arm_msp432_ClockFreqs_setFrequency__E)
                  0000779c    00000004     --HOLE-- [fill = 0]
                  000077a0    00000024                   : BIOS.obj (.text:ti_sysbios_family_arm_msp432_Timer_postInit__I)
                  000077c4    00000024     release_pem4f.oem4f (.text:ti_sysbios_gates_GateMutexPri_Object__delete__S)
                  000077e8    00000024     release_pem4f.oem4f (.text:ti_sysbios_gates_GateMutex_Object__delete__S)
                  0000780c    00000004     --HOLE-- [fill = 0]
                  00007810    00000024     sysbios.aem4f : BIOS.obj (.text:ti_sysbios_knl_Clock_Module_startup__E)
                  00007834    00000004     --HOLE-- [fill = 0]
                  00007838    00000024                   : BIOS.obj (.text:ti_sysbios_knl_Semaphore_Instance_init__E)
                  0000785c    00000024     release_pem4f.oem4f (.text:ti_sysbios_knl_Semaphore_Object__delete__S)
                  00007880    00000024     sysbios.aem4f : BIOS.obj (.text:ti_sysbios_knl_Task_restoreHwi__E)
                  000078a4    00000004     --HOLE-- [fill = 0]
                  000078a8    00000024                   : BIOS.obj (.text:xdc_runtime_Error_policyMin__E)
                  000078cc    00000020     msp432p4xx_driverlib.lib : cs.o (.text:CS_setExternalClockSourceFrequency)
                  000078ec    00000020     rtsv7M4_T_le_v4SPD16_eabi.lib : memchr.c.obj (.text:memchr)
                  0000790c    00000020     release_pem4f.oem4f (.text:ti_sysbios_BIOS_rtsLock__I)
                  0000792c    00000020     release_pem4f.oem4f (.text:ti_sysbios_gates_GateHwi_Object__delete__S)
                  0000794c    00000020     release_pem4f.oem4f (.text:ti_sysbios_heaps_HeapMem_Object__delete__S)
                  0000796c    00000004     --HOLE-- [fill = 0]
                  00007970    00000020     sysbios.aem4f : BIOS.obj (.text:ti_sysbios_knl_Idle_run__E)
                  00007990    00000020     release_pem4f.oem4f (.text:ti_sysbios_knl_Semaphore_destruct)
                  000079b0    00000020     release_pem4f.oem4f (.text:ti_sysbios_knl_Task_Object__delete__S)
                  000079d0    0000001e     sysbios.aem4f : m3_Hwi_asm_switch.obj (.text:ti_sysbios_family_xxx_Hwi_switchAndRunFunc)
                  000079ee    0000001c     msp432p4xx_driverlib.lib : spi.o (.text:SPI_enableModule)
                  00007a0a    00000002     --HOLE-- [fill = 0]
                  00007a0c    0000001c     rtsv7M4_T_le_v4SPD16_eabi.lib : assert.c.obj (.text:_abort_msg)
                  00007a28    0000001c                                   : memccpy.c.obj (.text:memccpy)
                  00007a44    00000004     --HOLE-- [fill = 0]
                  00007a48    0000001c     sysbios.aem4f : BIOS.obj (.text:ti_sysbios_family_arm_m3_Hwi_excHandler__I)
                  00007a64    00000004     --HOLE-- [fill = 0]
                  00007a68    0000001c                   : BIOS.obj (.text:ti_sysbios_gates_GateMutexPri_Instance_init__E)
                  00007a84    00000004     --HOLE-- [fill = 0]
                  00007a88    0000001c                   : BIOS.obj (.text:ti_sysbios_gates_GateMutex_Instance_init__E)
                  00007aa4    0000001c     release_pem4f.oem4f (.text:ti_sysbios_knl_Queue_destruct)
                  00007ac0    0000001c     sysbios.aem4f : BIOS.obj (.text:ti_sysbios_knl_Queue_get__E)
                  00007adc    00000004     --HOLE-- [fill = 0]
                  00007ae0    0000001c                   : BIOS.obj (.text:ti_sysbios_knl_Queue_put__E)
                  00007afc    00000004     --HOLE-- [fill = 0]
                  00007b00    0000001c                   : BIOS.obj (.text:ti_sysbios_knl_Task_enter__I)
                  00007b1c    00000004     --HOLE-- [fill = 0]
                  00007b20    0000001c                   : BIOS.obj (.text:ti_sysbios_rts_ti_ReentSupport_getReent__F)
                  00007b3c    00000004     --HOLE-- [fill = 0]
                  00007b40    0000001c                   : BIOS.obj (.text:xdc_runtime_Error_check__E)
                  00007b5c    00000004     --HOLE-- [fill = 0]
                  00007b60    0000001c                   : BIOS.obj (.text:xdc_runtime_Memory_valloc__E)
                  00007b7c    00000004     --HOLE-- [fill = 0]
                  00007b80    0000001c                   : BIOS.obj (.text:xdc_runtime_System_abort__E)
                  00007b9c    0000001a     grlib.a : display.obj (.text:Graphics_clearDisplayOnDisplay)
                  00007bb6    0000001a             : context.obj (.text:Graphics_setBackgroundColor)
                  00007bd0    0000001a             : context.obj (.text:Graphics_setFont)
                  00007bea    0000001a     rtsv7M4_T_le_v4SPD16_eabi.lib : s_copysign.c.obj (.text:copysign)
                  00007c04    0000001a     release_pem4f.oem4f (.text:free)
                  00007c1e    00000002     --HOLE-- [fill = 0]
                  00007c20    00000018     release_pem4f.oem4f (.text:.bootCodeSection:ti_sysbios_family_arm_msp432_init_Boot_init__I)
                  00007c38    00000018     msp432p4xx_driverlib.lib : sysctl_a.o (.text:SysCtl_A_disableNMISource)
                  00007c50    00000018                              : sysctl_a.o (.text:SysCtl_A_enableNMISource)
                  00007c68    00000018     rtsv7M4_T_le_v4SPD16_eabi.lib : args_main.c.obj (.text:_args_main)
                  00007c80    00000018                                   : snprintf.c.obj (.text:_outc)
                  00007c98    00000018                                   : strcmp.c.obj (.text:strcmp)
                  00007cb0    00000018     release_pem4f.oem4f (.text:ti_sysbios_BIOS_rtsUnlock__I)
                  00007cc8    00000018     release_pem4f.oem4f (.text:ti_sysbios_family_arm_m3_Hwi_Module__startupDone__F)
                  00007ce0    00000018     sysbios.aem4f : m3_TaskSupport_asm.obj (.text:ti_sysbios_family_arm_m3_TaskSupport_swap__E)
                  00007cf8    00000018     release_pem4f.oem4f (.text:ti_sysbios_family_arm_msp432_Timer_Module__startupDone__F)
                  00007d10    00000018     sysbios.aem4f : BIOS.obj (.text:ti_sysbios_gates_GateMutex_leave__E)
                  00007d28    00000018                   : BIOS.obj (.text:ti_sysbios_knl_Task_sleepTimeout__I)
                  00007d40    00000018     release_pem4f.oem4f (.text:ti_sysbios_rts_ti_ReentSupport_getTlsAddr__I)
                  00007d58    00000018     sysbios.aem4f : BIOS.obj (.text:xdc_runtime_Error_init__E)
                  00007d70    00000018                   : BIOS.obj (.text:xdc_runtime_System_exit__E)
                  00007d88    00000016     msp432p4xx_driverlib.lib : spi.o (.text:EUSCI_A_SPI_enable)
                  00007d9e    00000016                              : spi.o (.text:EUSCI_B_SPI_enable)
                  00007db4    00000016     grlib.a : context.obj (.text:Graphics_setForegroundColor)
                  00007dca    00000016             : display.obj (.text:Graphics_translateColorOnDisplay)
                  00007de0    00000016     rtsv7M4_T_le_v4SPD16_eabi.lib : strchr.c.obj (.text:strchr)
                  00007df6    00000016     release_pem4f.oem4f (.text:ti_sysbios_BIOS_exitFunc__I)
                  00007e0c    00000016     protectedlcd.obj (.text:ti_sysbios_gates_GateMutexPri_Params_init)
                  00007e22    00000016     main_tirtos.obj (.text:ti_sysbios_knl_Mailbox_Params_init)
                  00007e38    00000016     main_tirtos.obj (.text:ti_sysbios_knl_Task_Params_init)
                  00007e4e    00000002     --HOLE-- [fill = 0]
                  00007e50    00000016     sysbios.aem4f : BIOS.obj (.text:ti_sysbios_knl_Task_unblock__E)
                  00007e66    00000002     --HOLE-- [fill = 0]
                  00007e68    00000014     msp432p4xx_driverlib.lib : pcm.o (.text:PCM_getPowerState)
                  00007e7c    00000014     drivers_msp432p401x.aem4f : PowerMSP432.oem4f (.text:Power_idleFunc)
                  00007e90    00000014     rtsv7M4_T_le_v4SPD16_eabi.lib : strcpy.c.obj (.text:strcpy)
                  00007ea4    00000014                                   : strlen.c.obj (.text:strlen)
                  00007eb8    00000014     release_pem4f.oem4f (.text:ti_sysbios_family_arm_m3_Hwi_Object__get__S)
                  00007ecc    00000004     --HOLE-- [fill = 0]
                  00007ed0    00000014     sysbios.aem4f : BIOS.obj (.text:ti_sysbios_family_arm_m3_Hwi_switchFromBootStack__E)
                  00007ee4    00000014     release_pem4f.oem4f (.text:ti_sysbios_heaps_HeapMem_Object__get__S)
                  00007ef8    00000014     release_pem4f.oem4f (.text:ti_sysbios_knl_Swi_Object__get__S)
                  00007f0c    00000012     grlib.a : context.obj (.text:Graphics_clearDisplay)
                  00007f1e    00000012     dpl_msp432p401x.aem4f : SemaphoreP_tirtos.oem4f (.text:SemaphoreP_pend)
                  00007f30    00000012     sysbios.aem4f : BIOS.obj (.text:ti_sysbios_hal_Hwi_Module_startup__E)
                  00007f42    00000012     rtsv7M4_T_le_v4SPD16_eabi.lib : wcslen.c.obj (.text:wcslen)
                  00007f54    00000012     release_pem4f.oem4f (.text:xdc_runtime_Startup_exec__I)
                  00007f66    00000002     --HOLE-- [fill = 0]
                  00007f68    00000010     msp432p4xx_driverlib.lib : adc14.o (.text:ADCIsConversionRunning)
                  00007f78    00000010     dpl_msp432p401x.aem4f : HwiP_tirtos.oem4f (.text:HwiP_Params_init)
                  00007f88    00000010     msp432p4xx_driverlib.lib : pcm.o (.text:PCM_gotoLPM4)
                  00007f98    00000010                              : pcm.o (.text:PCM_setPowerMode)
                  00007fa8    00000010                              : pcm.o (.text:PCM_setPowerState)
                  00007fb8    00000010                              : sysctl_a.o (.text:SysCtl_A_getNMISourceStatus)
                  00007fc8    00000010                              : sysctl.o (.text:SysCtl_getNMISourceStatus)
                  00007fd8    00000010     sysbios.aem4f : BIOS.obj (.text:ti_sysbios_BIOS_exit__E)
                  00007fe8    00000010                   : BIOS.obj (.text:ti_sysbios_BIOS_setCpuFreq__E)
                  00007ff8    00000010                   : BIOS.obj (.text:ti_sysbios_BIOS_setThreadType__E)
                  00008008    00000010                   : BIOS.obj (.text:ti_sysbios_BIOS_start__E)
                  00008018    00000010                   : m3_TaskSupport_asm.obj (.text:ti_sysbios_family_arm_m3_TaskSupport_glue)
                  00008028    00000010                   : BIOS.obj (.text:ti_sysbios_family_arm_msp432_init_Boot_disableWatchdog)
                  00008038    00000010                   : BIOS.obj (.text:ti_sysbios_gates_GateMutexPri_Instance_finalize__E)
                  00008048    00000010                   : BIOS.obj (.text:ti_sysbios_gates_GateMutex_Instance_finalize__E)
                  00008058    00000010     release_pem4f.oem4f (.text:ti_sysbios_knl_Mailbox_Object__get__S)
                  00008068    00000010     sysbios.aem4f : BIOS.obj (.text:ti_sysbios_knl_Semaphore_Instance_finalize__E)
                  00008078    00000010                   : BIOS.obj (.text:ti_sysbios_knl_Swi_disable__E)
                  00008088    00000010     release_pem4f.oem4f (.text:ti_sysbios_knl_Task_Object__get__S)
                  00008098    00000010     sysbios.aem4f : BIOS.obj (.text:ti_sysbios_knl_Task_disable__E)
                  000080a8    00000010                   : BIOS.obj (.text:xdc_runtime_Gate_leaveSystem__E)
                  000080b8    00000010                   : BIOS.obj (.text:xdc_runtime_Memory_free__E)
                  000080c8    00000010                   : BIOS.obj (.text:xdc_runtime_SysCallback_abort__E)
                  000080d8    00000010                   : BIOS.obj (.text:xdc_runtime_SysCallback_exit__E)
                  000080e8    0000000e     rtsv7M4_T_le_v4SPD16_eabi.lib : copy_decompress_none.c.obj (.text:decompress:none:__TI_decompress_none)
                  000080f6    00000002     --HOLE-- [fill = 0]
                  000080f8    0000000e     sysbios.aem4f : BIOS.obj (.text:ti_sysbios_knl_Idle_loop__E)
                  00008106    00000002     --HOLE-- [fill = 0]
                  00008108    0000000e                   : BIOS.obj (.text:ti_sysbios_knl_Queue_empty__E)
                  00008116    0000000c     ti_drivers_config.obj (.text:Board_init)
                  00008122    0000000c     msp432p4xx_driverlib.lib : cpu.o (.text:CPU_cpsid)
                  0000812e    0000000c                              : cpu.o (.text:CPU_cpsie)
                  0000813a    00000002     --HOLE-- [fill = 0]
                  0000813c    0000000c     drivers_msp432p401x.aem4f : PowerMSP432.oem4f (.text:Power_getConstraintMask)
                  00008148    0000000c     dpl_msp432p401x.aem4f : SemaphoreP_tirtos.oem4f (.text:SemaphoreP_delete)
                  00008154    0000000c     rtsv7M4_T_le_v4SPD16_eabi.lib : _lock.c.obj (.text:_register_lock)
                  00008160    0000000c                                   : _lock.c.obj (.text:_register_unlock)
                  0000816c    0000000c                                   : copy_zero_init.c.obj (.text:decompress:ZI:__TI_zero_init)
                  00008178    0000000c     release_pem4f.oem4f (.text:ti_sysbios_family_arm_m3_Hwi_Params__init__S)
                  00008184    00000004     --HOLE-- [fill = 0]
                  00008188    0000000c     sysbios.aem4f : BIOS.obj (.text:ti_sysbios_family_arm_m3_Hwi_disableFxn__E)
                  00008194    00000004     --HOLE-- [fill = 0]
                  00008198    0000000c                   : BIOS.obj (.text:ti_sysbios_family_arm_m3_TaskSupport_getStackAlignment__E)
                  000081a4    00000004     --HOLE-- [fill = 0]
                  000081a8    0000000c                   : BIOS.obj (.text:ti_sysbios_family_arm_msp432_Timer_getMaxTicks__E)
                  000081b4    00000004     --HOLE-- [fill = 0]
                  000081b8    0000000c                   : BIOS.obj (.text:ti_sysbios_gates_GateHwi_enter__E)
                  000081c4    0000000c     release_pem4f.oem4f (.text:ti_sysbios_gates_GateMutexPri_Params__init__S)
                  000081d0    0000000c     release_pem4f.oem4f (.text:ti_sysbios_knl_Mailbox_Params__init__S)
                  000081dc    0000000c     main_tirtos.obj (.text:ti_sysbios_knl_Mailbox_handle)
                  000081e8    0000000c     release_pem4f.oem4f (.text:ti_sysbios_knl_Queue_Object__get__S)
                  000081f4    0000000c     release_pem4f.oem4f (.text:ti_sysbios_knl_Semaphore_Params__init__S)
                  00008200    0000000c     release_pem4f.oem4f (.text:ti_sysbios_knl_Task_Params__init__S)
                  0000820c    00000004     --HOLE-- [fill = 0]
                  00008210    0000000c     sysbios.aem4f : BIOS.obj (.text:ti_sysbios_knl_Task_self__E)
                  0000821c    00000004     --HOLE-- [fill = 0]
                  00008220    0000000c                   : BIOS.obj (.text:ti_sysbios_rts_ti_ReentSupport_taskRegHook__I)
                  0000822c    00000004     --HOLE-- [fill = 0]
                  00008230    0000000c                   : BIOS.obj (.text:xdc_runtime_Gate_enterSystem__E)
                  0000823c    00000004     --HOLE-- [fill = 0]
                  00008240    0000000c                   : BIOS.obj (.text:xdc_runtime_Memory_calloc__E)
                  0000824c    00000004     --HOLE-- [fill = 0]
                  00008250    0000000c                   : BIOS.obj (.text:xdc_runtime_Startup_rtsDone__E)
                  0000825c    0000000a     drivers_msp432p401x.aem4f : ADC.oem4f (.text:ADC_Params_init)
                  00008266    0000000a                               : ADC.oem4f (.text:ADC_convert)
                  00008270    0000000a     Crystalfontz128x128_ST7735.obj (.text:Crystalfontz128x128_Flush)
                  0000827a    0000000a     release_pem4f.oem4f (.text:xdc_runtime_IHeap_alloc)
                  00008284    0000000a     release_pem4f.oem4f (.text:xdc_runtime_IHeap_free)
                  0000828e    00000002     --HOLE-- [fill = 0]
                  00008290    00000008     sysbios.aem4f : BIOS.obj (.text:ti_sysbios_family_arm_m3_Hwi_doSwiRestore__I)
                  00008298    00000008                   : BIOS.obj (.text:ti_sysbios_family_arm_m3_Hwi_startup__E)
                  000082a0    00000006                   : BIOS.obj (.text:ti_sysbios_family_arm_m3_Hwi_doTaskRestore__I)
                  000082a6    00000002     --HOLE-- [fill = 0]
                  000082a8    00000006                   : BIOS.obj (.text:ti_sysbios_family_arm_m3_Hwi_restoreFxn__E)
                  000082ae    00000002     --HOLE-- [fill = 0]
                  000082b0    00000006                   : BIOS.obj (.text:ti_sysbios_gates_GateHwi_leave__E)
                  000082b6    00000002     --HOLE-- [fill = 0]
                  000082b8    00000006                   : BIOS.obj (.text:ti_sysbios_heaps_HeapMem_isBlocking__E)
                  000082be    00000002     --HOLE-- [fill = 0]
                  000082c0    00000006                   : BIOS.obj (.text:ti_sysbios_knl_Queue_Instance_init__E)
                  000082c6    00000002     --HOLE-- [fill = 0]
                  000082c8    00000006                   : BIOS.obj (.text:ti_sysbios_knl_Swi_startup__E)
                  000082ce    00000002     --HOLE-- [fill = 0]
                  000082d0    00000006                   : BIOS.obj (.text:xdc_runtime_System_Module_startup__E)
                  000082d6    00000002     --HOLE-- [fill = 0]
                  000082d8    00000004                   : BIOS.obj (.text:__aeabi_errno_addr)
                  000082dc    00000004     --HOLE-- [fill = 0]
                  000082e0    00000004                   : BIOS.obj (.text:ti_sysbios_gates_GateHwi_query__E)
                  000082e4    00000004     --HOLE-- [fill = 0]
                  000082e8    00000004                   : BIOS.obj (.text:ti_sysbios_gates_GateMutexPri_query__E)
                  000082ec    00000004     --HOLE-- [fill = 0]
                  000082f0    00000004                   : BIOS.obj (.text:ti_sysbios_gates_GateMutex_query__E)
                  000082f4    00000004     --HOLE-- [fill = 0]
                  000082f8    00000004                   : BIOS.obj (.text:ti_sysbios_knl_Task_startup__E)
                  000082fc    00000004     --HOLE-- [fill = 0]
                  00008300    00000002                   : BIOS.obj (.text:ti_sysbios_BIOS_linkedWithIncorrectBootLibrary__E)
                  00008302    00000006     --HOLE-- [fill = 0]
                  00008308    00000002                   : BIOS.obj (.text:ti_sysbios_gates_GateHwi_Instance_init__E)
                  0000830a    00000006     --HOLE-- [fill = 0]
                  00008310    00000002                   : BIOS.obj (.text:ti_sysbios_knl_Clock_logTick__E)
                  00008312    00000006     --HOLE-- [fill = 0]
                  00008318    00000002                   : BIOS.obj (.text:xdc_runtime_SysCallback_defaultAbort)
                  0000831a    00000006     --HOLE-- [fill = 0]
                  00008320    00000002                   : BIOS.obj (.text:xdc_runtime_SysCallback_defaultExit)
                  00008322    00000006     --HOLE-- [fill = 0]
                  00008328    00000002                   : BIOS.obj (.text:xdc_runtime_System_abortSpin__E)
                  0000832a    00000006     --HOLE-- [fill = 0]
                  00008330    00000002                   : BIOS.obj (.text:xdc_runtime_System_exitSpin__E)

.const     0    00008334    00000ac5     
                  00008334    000002f8     grlib.a : fontfixed6x8.obj (.const:.string:g_pucFontFixed6x8Data)
                  0000862c    00000101     rtsv7M4_T_le_v4SPD16_eabi.lib : ctype.c.obj (.const:.string:_ctypes_)
                  0000872d    00000003     ti_drivers_config.obj (.const)
                  00008730    000000c8     grlib.a : fontfixed6x8.obj (.const:g_sFontFixed6x8)
                  000087f8    00000080     msp432p4xx_driverlib.lib : adc14.o (.const:_ctlRegs)
                  00008878    0000003c     release_pem4f.oem4f (.const:ti_sysbios_knl_Task_Object__PARAMS__C)
                  000088b4    00000038     ti_drivers_config.obj (.const:PowerMSP432_config)
                  000088ec    00000034     release_pem4f.oem4f (.const:ti_sysbios_knl_Mailbox_Object__PARAMS__C)
                  00008920    00000030     msp432p4xx_driverlib.lib : gpio.o (.const:GPIO_PORT_TO_BASE)
                  00008950    00000030     ti_drivers_config.obj (.const:adcMSP432HWAttrs)
                  00008980    00000030     release_pem4f.oem4f (.const:ti_sysbios_family_arm_m3_Hwi_Object__PARAMS__C)
                  000089b0    00000028     release_pem4f.oem4f (.const:ti_sysbios_heaps_HeapMem_Module__FXNS__C)
                  000089d8    00000024     ti_drivers_config.obj (.const:ADC_config)
                  000089fc    00000024     release_pem4f.oem4f (.const:ti_sysbios_gates_GateHwi_Module__FXNS__C)
                  00008a20    00000024     release_pem4f.oem4f (.const:ti_sysbios_gates_GateMutexPri_Module__FXNS__C)
                  00008a44    00000024     release_pem4f.oem4f (.const:ti_sysbios_gates_GateMutex_Module__FXNS__C)
                  00008a68    00000024     release_pem4f.oem4f (.const:ti_sysbios_heaps_HeapMem_Object__PARAMS__C)
                  00008a8c    00000024     release_pem4f.oem4f (.const:ti_sysbios_knl_Semaphore_Object__PARAMS__C)
                  00008ab0    00000024     release_pem4f.oem4f (.const:xdc_runtime_Startup_sfxnTab__A)
                  00008ad4    00000020     Crystalfontz128x128_ST7735.obj (.const:g_sCrystalfontz128x128_funcs)
                  00008af4    00000020     release_pem4f.oem4f (.const:ti_sysbios_family_arm_m3_Hwi_Object__DESC__C)
                  00008b14    00000020     release_pem4f.oem4f (.const:ti_sysbios_gates_GateHwi_Object__DESC__C)
                  00008b34    00000020     release_pem4f.oem4f (.const:ti_sysbios_gates_GateMutexPri_Object__DESC__C)
                  00008b54    00000020     release_pem4f.oem4f (.const:ti_sysbios_gates_GateMutex_Object__DESC__C)
                  00008b74    00000020     release_pem4f.oem4f (.const:ti_sysbios_heaps_HeapMem_Object__DESC__C)
                  00008b94    00000020     release_pem4f.oem4f (.const:ti_sysbios_knl_Mailbox_Object__DESC__C)
                  00008bb4    00000020     release_pem4f.oem4f (.const:ti_sysbios_knl_Queue_Object__DESC__C)
                  00008bd4    00000020     release_pem4f.oem4f (.const:ti_sysbios_knl_Semaphore_Object__DESC__C)
                  00008bf4    00000020     release_pem4f.oem4f (.const:ti_sysbios_knl_Task_Object__DESC__C)
                  00008c14    0000001c     HAL_MSP_EXP432P401R_Crystalfontz128x128_ST7735.obj (.const:$P$T0$1)
                  00008c30    00000018     drivers_msp432p401x.aem4f : ADCMSP432.oem4f (.const:ADCMSP432_fxnTable)
                  00008c48    00000018     release_pem4f.oem4f (.const:ti_sysbios_gates_GateHwi_Object__PARAMS__C)
                  00008c60    00000018     release_pem4f.oem4f (.const:ti_sysbios_gates_GateMutexPri_Object__PARAMS__C)
                  00008c78    00000018     release_pem4f.oem4f (.const:ti_sysbios_gates_GateMutex_Object__PARAMS__C)
                  00008c90    00000018     release_pem4f.oem4f (.const:ti_sysbios_knl_Queue_Object__PARAMS__C)
                  00008ca8    00000018     release_pem4f.oem4f (.const:ti_sysbios_knl_Task_hooks__A)
                  00008cc0    00000012     release_pem4f.oem4f (.const:xdc_runtime_Startup_sfxnRts__A)
                  00008cd2    00000002     release_pem4f.oem4f (.const:ti_sysbios_family_arm_m3_Hwi_Module__id__C)
                  00008cd4    0000000c     release_pem4f.oem4f (.const:xdc_runtime_Startup_firstFxns__A)
                  00008ce0    00000008     Crystalfontz128x128_ST7735.obj (.const:$P$T0$1)
                  00008ce8    00000008     drivers_msp432p401x.aem4f : ADC.oem4f (.const:ADC_defaultParams)
                  00008cf0    00000008     release_pem4f.oem4f (.const:ti_sysbios_knl_Idle_funcList__A)
                  00008cf8    00000008     release_pem4f.oem4f (.const:ti_sysbios_knl_Idle_funcList__C)
                  00008d00    00000008     release_pem4f.oem4f (.const:ti_sysbios_knl_Task_hooks__C)
                  00008d08    00000008     release_pem4f.oem4f (.const:xdc_runtime_Startup_firstFxns__C)
                  00008d10    00000008     release_pem4f.oem4f (.const:xdc_runtime_Startup_lastFxns__C)
                  00008d18    00000004     release_pem4f.oem4f (.const:ti_sysbios_family_arm_m3_Hwi_E_alreadyDefined__C)
                  00008d1c    00000004     release_pem4f.oem4f (.const:ti_sysbios_family_arm_m3_Hwi_E_badIntNum__C)
                  00008d20    00000004     release_pem4f.oem4f (.const:ti_sysbios_family_arm_m3_Hwi_NUM_INTERRUPTS__C)
                  00008d24    00000004     release_pem4f.oem4f (.const:ti_sysbios_family_arm_m3_Hwi_Object__count__C)
                  00008d28    00000004     release_pem4f.oem4f (.const:ti_sysbios_family_arm_m3_Hwi_ccr__C)
                  00008d2c    00000004     release_pem4f.oem4f (.const:ti_sysbios_family_arm_m3_Hwi_excHandlerFunc__C)
                  00008d30    00000004     release_pem4f.oem4f (.const:ti_sysbios_family_arm_m3_Hwi_nullIsrFunc__C)
                  00008d34    00000004     release_pem4f.oem4f (.const:ti_sysbios_family_arm_m3_Hwi_priGroup__C)
                  00008d38    00000004     release_pem4f.oem4f (.const:ti_sysbios_family_arm_m3_Hwi_swiDisable__C)
                  00008d3c    00000004     release_pem4f.oem4f (.const:ti_sysbios_family_arm_m3_Hwi_swiRestore__C)
                  00008d40    00000004     release_pem4f.oem4f (.const:ti_sysbios_family_arm_m3_TaskSupport_stackAlignment__C)
                  00008d44    00000004     release_pem4f.oem4f (.const:ti_sysbios_family_arm_msp432_Timer_numTimerDevices__C)
                  00008d48    00000004     release_pem4f.oem4f (.const:ti_sysbios_family_arm_msp432_Timer_startupNeeded__C)
                  00008d4c    00000004     release_pem4f.oem4f (.const:ti_sysbios_gates_GateMutexPri_Instance_State_pendQ__O)
                  00008d50    00000004     release_pem4f.oem4f (.const:ti_sysbios_gates_GateMutex_Instance_State_sem__O)
                  00008d54    00000004     release_pem4f.oem4f (.const:ti_sysbios_heaps_HeapMem_E_memory__C)
                  00008d58    00000004     release_pem4f.oem4f (.const:ti_sysbios_heaps_HeapMem_Module__gateObj__C)
                  00008d5c    00000004     release_pem4f.oem4f (.const:ti_sysbios_heaps_HeapMem_Object__count__C)
                  00008d60    00000004     release_pem4f.oem4f (.const:ti_sysbios_heaps_HeapMem_primaryHeapBaseAddr__C)
                  00008d64    00000004     release_pem4f.oem4f (.const:ti_sysbios_heaps_HeapMem_primaryHeapEndAddr__C)
                  00008d68    00000004     release_pem4f.oem4f (.const:ti_sysbios_heaps_HeapMem_reqAlign__C)
                  00008d6c    00000004     release_pem4f.oem4f (.const:ti_sysbios_knl_Clock_Module_State_clockQ__O)
                  00008d70    00000004     release_pem4f.oem4f (.const:ti_sysbios_knl_Mailbox_Instance_State_dataQue__O)
                  00008d74    00000004     release_pem4f.oem4f (.const:ti_sysbios_knl_Mailbox_Instance_State_dataSem__O)
                  00008d78    00000004     release_pem4f.oem4f (.const:ti_sysbios_knl_Mailbox_Instance_State_freeQue__O)
                  00008d7c    00000004     release_pem4f.oem4f (.const:ti_sysbios_knl_Mailbox_Instance_State_freeSem__O)
                  00008d80    00000004     release_pem4f.oem4f (.const:ti_sysbios_knl_Mailbox_Object__count__C)
                  00008d84    00000004     release_pem4f.oem4f (.const:ti_sysbios_knl_Mailbox_maxTypeAlign__C)
                  00008d88    00000004     release_pem4f.oem4f (.const:ti_sysbios_knl_Semaphore_Instance_State_pendQ__O)
                  00008d8c    00000004     release_pem4f.oem4f (.const:ti_sysbios_knl_Swi_Object__count__C)
                  00008d90    00000004     release_pem4f.oem4f (.const:ti_sysbios_knl_Task_Module_State_inactiveQ__O)
                  00008d94    00000004     release_pem4f.oem4f (.const:ti_sysbios_knl_Task_Object__count__C)
                  00008d98    00000004     release_pem4f.oem4f (.const:ti_sysbios_knl_Task_Object__heap__C)
                  00008d9c    00000004     release_pem4f.oem4f (.const:ti_sysbios_knl_Task_allBlockedFunc__C)
                  00008da0    00000004     release_pem4f.oem4f (.const:ti_sysbios_knl_Task_defaultStackHeap__C)
                  00008da4    00000004     release_pem4f.oem4f (.const:ti_sysbios_knl_Task_defaultStackSize__C)
                  00008da8    00000004     release_pem4f.oem4f (.const:ti_sysbios_knl_Task_numConstructedTasks__C)
                  00008dac    00000004     release_pem4f.oem4f (.const:xdc_runtime_Error_E_memory__C)
                  00008db0    00000004     release_pem4f.oem4f (.const:xdc_runtime_Error_policyFxn__C)
                  00008db4    00000004     release_pem4f.oem4f (.const:xdc_runtime_IGateProvider_Interface__BASE__C)
                  00008db8    00000004     release_pem4f.oem4f (.const:xdc_runtime_IHeap_Interface__BASE__C)
                  00008dbc    00000004     release_pem4f.oem4f (.const:xdc_runtime_IModule_Interface__BASE__C)
                  00008dc0    00000004     release_pem4f.oem4f (.const:xdc_runtime_Memory_defaultHeapInstance__C)
                  00008dc4    00000004     release_pem4f.oem4f (.const:xdc_runtime_Startup_execImpl__C)
                  00008dc8    00000004     release_pem4f.oem4f (.const:xdc_runtime_Startup_maxPasses__C)
                  00008dcc    00000004     release_pem4f.oem4f (.const:xdc_runtime_Startup_sfxnRts__C)
                  00008dd0    00000004     release_pem4f.oem4f (.const:xdc_runtime_Startup_sfxnTab__C)
                  00008dd4    00000004     release_pem4f.oem4f (.const:xdc_runtime_SysCallback_abortFxn__C)
                  00008dd8    00000004     release_pem4f.oem4f (.const:xdc_runtime_SysCallback_exitFxn__C)
                  00008ddc    00000004     release_pem4f.oem4f (.const:xdc_runtime_System_Module__gateObj__C)
                  00008de0    00000004     release_pem4f.oem4f (.const:xdc_runtime_System_abortFxn__C)
                  00008de4    00000004     release_pem4f.oem4f (.const:xdc_runtime_System_exitFxn__C)
                  00008de8    00000004     release_pem4f.oem4f (.const:xdc_runtime_System_maxAtexitHandlers__C)
                  00008dec    00000002     release_pem4f.oem4f (.const:ti_sysbios_family_arm_msp432_init_Boot_bypassHFXT__C)
                  00008dee    00000002     release_pem4f.oem4f (.const:ti_sysbios_family_arm_msp432_init_Boot_bypassLFXT__C)
                  00008df0    00000002     release_pem4f.oem4f (.const:ti_sysbios_family_arm_msp432_init_Boot_enableHFXT__C)
                  00008df2    00000002     release_pem4f.oem4f (.const:ti_sysbios_family_arm_msp432_init_Boot_enableLFXT__C)
                  00008df4    00000002     release_pem4f.oem4f (.const:ti_sysbios_heaps_HeapMem_Module__id__C)
                  00008df6    00000002     release_pem4f.oem4f (.const:xdc_runtime_Memory_Module__id__C)
                  00008df8    00000001     release_pem4f.oem4f (.const:xdc_runtime_Error_policy__C)

.cinit     0    00008e00    00000298     
                  00008e00    0000026d     (.cinit..data.load) [load image, compression = lzss]
                  0000906d    00000003     --HOLE-- [fill = 0]
                  00009070    0000000c     (__TI_handler_table)
                  0000907c    00000004     --HOLE-- [fill = 0]
                  00009080    00000008     (.cinit..bss.load) [load image, compression = zero_init]
                  00009088    00000010     (__TI_cinit_table)

.init_array 
*          0    00000000    00000000     UNINITIALIZED

.data      0    20008140    000007f7     UNINITIALIZED
                  20008140    00000140     drivers_msp432p401x.aem4f : PowerMSP432.oem4f (.data:PowerMSP432_perfLevels)
                  20008280    000000f0     rtsv7M4_T_le_v4SPD16_eabi.lib : defs.c.obj (.data:_ftable)
                  20008370    00000088     sysbios.aem4f : BIOS.obj (.data:$O1$$)
                  200083f8    00000080     release_pem4f.oem4f (.data:ti_sysbios_knl_Swi_Module_State_0_readyQ__A)
                  20008478    00000080     release_pem4f.oem4f (.data:ti_sysbios_knl_Task_Module_State_0_readyQ__A)
                  200084f8    00000078     rtsv7M4_T_le_v4SPD16_eabi.lib : host_device.c.obj (.data:_device)
                  20008570    00000054     release_pem4f.oem4f (.data:ti_sysbios_gates_GateMutex_Object__table__V)
                  200085c4    00000050     rtsv7M4_T_le_v4SPD16_eabi.lib : host_device.c.obj (.data:_stream)
                  20008614    0000004c     release_pem4f.oem4f (.data:ti_sysbios_knl_Task_Object__table__V)
                  20008660    00000044     release_pem4f.oem4f (.data:ti_sysbios_family_arm_msp432_Timer_Object__table__V)
                  200086a4    00000044     release_pem4f.oem4f (.data:ti_sysbios_knl_Task_Module__state__V)
                  200086e8    00000034     release_pem4f.oem4f (.data:ti_sysbios_family_arm_m3_Hwi_Module__state__V)
                  2000871c    00000030     release_pem4f.oem4f (.data:ti_sysbios_knl_Swi_Object__table__V)
                  2000874c    0000002c     drivers_msp432p401x.aem4f : PowerMSP432.oem4f (.data:PowerMSP432_module)
                  20008778    0000002c     release_pem4f.oem4f (.data:ti_sysbios_knl_Clock_Module__state__V)
                  200087a4    00000024     release_pem4f.oem4f (.data:ti_sysbios_BIOS_Module__state__V)
                  200087c8    00000020     release_pem4f.oem4f (.data:ti_sysbios_family_arm_msp432_Timer_Module_State_0_device__A)
                  200087e8    00000020     release_pem4f.oem4f (.data:xdc_runtime_Error_IgnoreBlock)
                  20008808    0000001c     release_pem4f.oem4f (.data:ti_sysbios_knl_Swi_Module__state__V)
                  20008824    00000018     release_pem4f.oem4f (.data:ti_sysbios_family_arm_m3_Hwi_Object__table__V)
                  2000883c    00000018     release_pem4f.oem4f (.data:ti_sysbios_heaps_HeapMem_Object__table__V)
                  20008854    00000010     Crystalfontz128x128_ST7735.obj (.data:g_sCrystalfontz128x128)
                  20008864    00000010     rtsv7M4_T_le_v4SPD16_eabi.lib : defs.c.obj (.data)
                  20008874    00000010     release_pem4f.oem4f (.data:ti_sysbios_family_arm_msp432_Timer_Module_State_0_handles__A)
                  20008884    0000000c     rtsv7M4_T_le_v4SPD16_eabi.lib : exit.c.obj (.data:$O1$$)
                  20008890    0000000c     release_pem4f.oem4f (.data:ti_sysbios_family_arm_msp432_ClockFreqs_Module__state__V)
                  2000889c    0000000c     release_pem4f.oem4f (.data:ti_sysbios_family_arm_msp432_Timer_Module__state__V)
                  200088a8    00000008     rtsv7M4_T_le_v4SPD16_eabi.lib : _lock.c.obj (.data:$O1$$)
                  200088b0    00000008     drivers_msp432p401x.aem4f : ADCMSP432.oem4f (.data)
                  200088b8    00000008     release_pem4f.oem4f (.data:ti_sysbios_family_arm_m3_Hwi_Module__root__V)
                  200088c0    00000008     release_pem4f.oem4f (.data:ti_sysbios_gates_GateHwi_Module__root__V)
                  200088c8    00000008     release_pem4f.oem4f (.data:ti_sysbios_gates_GateMutexPri_Module__root__V)
                  200088d0    00000008     release_pem4f.oem4f (.data:ti_sysbios_gates_GateMutex_Module__root__V)
                  200088d8    00000008     release_pem4f.oem4f (.data:ti_sysbios_heaps_HeapMem_Module__root__V)
                  200088e0    00000008     release_pem4f.oem4f (.data:ti_sysbios_knl_Mailbox_Module__root__V)
                  200088e8    00000008     release_pem4f.oem4f (.data:ti_sysbios_knl_Queue_Module__root__V)
                  200088f0    00000008     release_pem4f.oem4f (.data:ti_sysbios_knl_Semaphore_Module__root__V)
                  200088f8    00000008     release_pem4f.oem4f (.data:ti_sysbios_knl_Task_Module__root__V)
                  20008900    00000008     release_pem4f.oem4f (.data:xdc_runtime_Startup_Module__state__V)
                  20008908    00000008     release_pem4f.oem4f (.data:xdc_runtime_System_Module_State_0_atexitHandlers__A)
                  20008910    00000008     release_pem4f.oem4f (.data:xdc_runtime_System_Module__state__V)
                  20008918    00000004     rtsv7M4_T_le_v4SPD16_eabi.lib : stkdepth_vars.c.obj (.data)
                  2000891c    00000004     release_pem4f.oem4f (.data:ti_sysbios_family_arm_m3_Hwi_Module_State_0_excContext__A)
                  20008920    00000004     release_pem4f.oem4f (.data:ti_sysbios_family_arm_m3_Hwi_Module_State_0_excStack__A)
                  20008924    00000004     release_pem4f.oem4f (.data:ti_sysbios_gates_GateHwi_Object__table__V)
                  20008928    00000004     release_pem4f.oem4f (.data:ti_sysbios_knl_Task_Module_State_0_idleTask__A)
                  2000892c    00000004     release_pem4f.oem4f (.data:ti_sysbios_rts_ti_ReentSupport_Module__state__V)
                  20008930    00000004     release_pem4f.oem4f (.data:xdc_runtime_Memory_Module__state__V)
                  20008934    00000002     release_pem4f.oem4f (.data:ti_sysbios_family_arm_m3_Hwi_Module_State_0_excActive__A)
                  20008936    00000001     drivers_msp432p401x.aem4f : ADC.oem4f (.data)

.bss       0    20008938    000006c6     UNINITIALIZED
                  20008938    00000200     release_pem4f.oem4f (.bss:taskStackSection)
                  20008b38    00000140     (.common:ti_sysbios_family_arm_m3_Hwi_dispatchTable)
                  20008c78    00000120     rtsv7M4_T_le_v4SPD16_eabi.lib : trgmsg.c.obj (.bss:_CIOBUF_)
                  20008d98    000000a0     (.common:__TI_tmpnams)
                  20008e38    00000078     (.common:g_adc_buf)
                  20008eb0    0000006c     main_tirtos.obj (.bss:mbx_struct_adc$4)
                  20008f1c    0000003c     main_tirtos.obj (.bss:task_params$1)
                  20008f58    00000034     main_tirtos.obj (.bss:mbx_params_adc$3)
                  20008f8c    00000020     main_tirtos.obj (.bss:eb$2)
                  20008fac    0000001c     protectedlcd.obj (.bss:g_context)
                  20008fc8    00000008     msp432p4xx_driverlib.lib : cs.o (.bss)
                  20008fd0    00000008     (.common:adcMSP432Objects)
                  20008fd8    00000008     (.common:parmbuf)
                  20008fe0    00000004     adc_task.obj (.bss)
                  20008fe4    00000004     main_tirtos.obj (.bss)
                  20008fe8    00000004     protectedlcd.obj (.bss)
                  20008fec    00000004     (.common:g_adc_mbox)
                  20008ff0    00000004     (.common:ti_sysbios_knl_Task_Instance_State_0_hookEnv__A)
                  20008ff4    00000002     (.common:Lcd_ScreenHeigth)
                  20008ff6    00000002     (.common:Lcd_ScreenWidth)
                  20008ff8    00000002     (.common:Lcd_TouchTrim)
                  20008ffa    00000001     (.common:Lcd_FlagRead)
                  20008ffb    00000001     (.common:Lcd_FontSolid)
                  20008ffc    00000001     (.common:Lcd_Orientation)
                  20008ffd    00000001     (.common:Lcd_PenSolid)

.priheap   0    20000140    00008000     UNINITIALIZED
                  20000140    00008000     --HOLE--

.stack     0    2000fc00    00000400     UNINITIALIZED
                  2000fc00    00000400     --HOLE--

.bootVecs 
*          0    00000000    00000008     DSECT
                  00000000    00000008     boot.aem4f : boot.oem4f (.bootVecs)

.resetVecs 
*          0    00000000    0000003c     
                  00000000    0000003c     release_pem4f.oem4f (.resetVecs)

.vecs      0    20000000    00000140     NOLOAD SECTION
                  20000000    00000140     release_pem4f.oem4f (.vecs)

xdc.meta   0    00000000    000000fe     COPY SECTION
                  00000000    000000fe     release_pem4f.oem4f (xdc.meta)

xdc.noload 
*          0    00000000    00000000     COPY SECTION

__llvm_prf_cnts 
*          0    20000000    00000000     UNINITIALIZED

.binit     0    00000000    00000000     

MODULE SUMMARY

       Module                                               code    ro data   rw data
       ------                                               ----    -------   -------
    .\
       main_tirtos.obj                                      1000    0         760    
       protectedlcd.obj                                     202     0         64     
       adc_task.obj                                         84      0         8      
    +--+----------------------------------------------------+-------+---------+---------+
       Total:                                               1286    0         832    
                                                                                     
    .\LcdDriver\
       Crystalfontz128x128_ST7735.obj                       1670    40        52     
       HAL_MSP_EXP432P401R_Crystalfontz128x128_ST7735.obj   212     28        0      
    +--+----------------------------------------------------+-------+---------+---------+
       Total:                                               1882    68        52     
                                                                                     
    .\syscfg\
       ti_drivers_config.obj                                14      143       16     
    +--+----------------------------------------------------+-------+---------+---------+
       Total:                                               14      143       16     
                                                                                     
    C:\Users\singe\workspace_v10\tirtos_builds_MSP_EXP432P401R_release_ccs\Debug\configPkg\package\cfg\
       release_pem4f.oem4f                                  1770    1181      4380   
    +--+----------------------------------------------------+-------+---------+---------+
       Total:                                               1770    1181      4380   
                                                                                     
    C:/ti/simplelink_msp432p4_sdk_3_40_01_02/kernel/tirtos/packages/ti/dpl/lib/dpl_msp432p401x.aem4f
       PowerMSP432_tirtos.oem4f                             122     0         0      
       HwiP_tirtos.oem4f                                    84      0         0      
       SemaphoreP_tirtos.oem4f                              78      0         0      
    +--+----------------------------------------------------+-------+---------+---------+
       Total:                                               284     0         0      
                                                                                     
    C:/ti/simplelink_msp432p4_sdk_3_40_01_02/source/ti/devices/msp432p4xx/driverlib/ccs/msp432p4xx_driverlib.lib
       pcm.o                                                1770    0         0      
       cs.o                                                 704     0         16     
       adc14.o                                              588     128       0      
       gpio.o                                               280     48        0      
       spi.o                                                312     0         0      
       sysctl_a.o                                           64      0         0      
       rtc_c.o                                              44      0         0      
       wdt_a.o                                              36      0         0      
       cpu.o                                                28      0         0      
       sysctl.o                                             16      0         0      
    +--+----------------------------------------------------+-------+---------+---------+
       Total:                                               3842    176       16     
                                                                                     
    C:/ti/simplelink_msp432p4_sdk_3_40_01_02/source/ti/drivers/lib/drivers_msp432p401x.aem4f
       PowerMSP432.oem4f                                    1992    0         728    
       ADCMSP432.oem4f                                      696     24        16     
       ADC.oem4f                                            152     8         2      
    +--+----------------------------------------------------+-------+---------+---------+
       Total:                                               2840    32        746    
                                                                                     
    C:/ti/simplelink_msp432p4_sdk_3_40_01_02/source/ti/grlib/lib/ccs/m4f/grlib.a
       string.obj                                           1214    0         0      
       fontfixed6x8.obj                                     0       960       0      
       context.obj                                          174     0         0      
       line.obj                                             156     0         0      
       display.obj                                          146     0         0      
    +--+----------------------------------------------------+-------+---------+---------+
       Total:                                               1690    960       0      
                                                                                     
    C:\Users\singe\workspace_v10\tirtos_builds_MSP_EXP432P401R_release_ccs\src\sysbios\sysbios.aem4f
       BIOS.obj                                             8764    0         272    
       m3_Hwi_asm.obj                                       318     0         0      
       m3_TaskSupport_asm.obj                               180     0         0      
       m3_Hwi_asm_switch.obj                                118     0         0      
    +--+----------------------------------------------------+-------+---------+---------+
       Total:                                               9380    0         272    
                                                                                     
    C:\ti\ccs1011\ccs\tools\compiler\ti-cgt-arm_20.2.1.LTS\lib\rtsv7M4_T_le_v4SPD16_eabi.lib
       _printfi.c.obj                                       4851    0         0      
       defs.c.obj                                           0       0         832    
       trgmsg.c.obj                                         108     0         576    
       fd_add_t2.asm.obj                                    438     0         0      
       host_device.c.obj                                    0       0         400    
       fd_div_t2.asm.obj                                    310     0         0      
       fputs.c.obj                                          276     0         0      
       s_scalbn.c.obj                                       272     0         0      
       fd_cmp_t2.asm.obj                                    268     0         0      
       ctype.c.obj                                          0       257       0      
       fd_mul_t2.asm.obj                                    252     0         0      
       setvbuf.c.obj                                        220     0         0      
       fflush.c.obj                                         200     0         0      
       memcpy_t2.asm.obj                                    156     0         0      
       ull_div_t2.asm.obj                                   150     0         0      
       snprintf.c.obj                                       148     0         0      
       memset_t2.asm.obj                                    122     0         0      
       fclose.c.obj                                         116     0         0      
       getdevice.c.obj                                      116     0         0      
       hostopen.c.obj                                       96      0         16     
       hostrename.c.obj                                     108     0         0      
       copy_decompress_lzss.c.obj                           104     0         0      
       hostlseek.c.obj                                      104     0         0      
       fseek.c.obj                                          100     0         0      
       s_frexp.c.obj                                        100     0         0      
       _io_perm.c.obj                                       98      0         0      
       close.c.obj                                          92      0         0      
[...]
000080a9  xdc_runtime_Gate_leaveSystem__E                                 
000080b9  xdc_runtime_Memory_free__E                                      
000080c9  xdc_runtime_SysCallback_abort__E                                
000080c9  xdc_runtime_System_SupportProxy_abort__E                        
000080d9  xdc_runtime_SysCallback_exit__E                                 
000080d9  xdc_runtime_System_SupportProxy_exit__E                         
000080e9  __TI_decompress_none                                            
000080f9  ti_sysbios_knl_Idle_loop__E                                     
00008109  ti_sysbios_knl_Queue_empty__E                                   
00008117  Board_init                                                      
00008123  CPU_cpsid                                                       
0000812f  CPU_cpsie                                                       
0000813d  Power_getConstraintMask                                         
00008149  SemaphoreP_delete                                               
00008155  _register_lock                                                  
00008161  _register_unlock                                                
0000816d  __TI_zero_init                                                  
00008179  ti_sysbios_family_arm_m3_Hwi_Params__init__S                    
00008179  ti_sysbios_hal_Hwi_HwiProxy_Params__init__S                     
00008189  ti_sysbios_family_arm_m3_Hwi_disableFxn__E                      
00008189  ti_sysbios_hal_Hwi_HwiProxy_disable__E                          
00008199  ti_sysbios_family_arm_m3_TaskSupport_getStackAlignment__E       
00008199  ti_sysbios_knl_Task_SupportProxy_getStackAlignment__E           
000081a9  ti_sysbios_family_arm_msp432_Timer_getMaxTicks__E               
000081b9  ti_sysbios_gates_GateHwi_enter__E                               
000081c5  ti_sysbios_gates_GateMutexPri_Params__init__S                   
000081d1  ti_sysbios_knl_Mailbox_Params__init__S                          
000081e9  ti_sysbios_knl_Queue_Object__get__S                             
000081f5  ti_sysbios_knl_Semaphore_Params__init__S                        
00008201  ti_sysbios_knl_Task_Params__init__S                             
00008211  ti_sysbios_knl_Task_self__E                                     
00008221  ti_sysbios_rts_ti_ReentSupport_taskRegHook__I                   
00008231  xdc_runtime_Gate_enterSystem__E                                 
00008241  xdc_runtime_Memory_calloc__E                                    
00008251  xdc_runtime_Startup_rtsDone__E                                  
0000825d  ADC_Params_init                                                 
00008267  ADC_convert                                                     
0000827b  xdc_runtime_Memory_HeapProxy_alloc__E                           
00008285  xdc_runtime_Memory_HeapProxy_free__E                            
00008291  ti_sysbios_family_arm_m3_Hwi_doSwiRestore__I                    
00008299  ti_sysbios_family_arm_m3_Hwi_startup__E                         
00008299  ti_sysbios_hal_Hwi_HwiProxy_startup__E                          
00008299  ti_sysbios_hal_Hwi_startup__E                                   
000082a1  ti_sysbios_family_arm_m3_Hwi_doTaskRestore__I                   
000082a9  HwiP_restore                                                    
000082a9  ti_sysbios_family_arm_m3_Hwi_restoreFxn__E                      
000082a9  ti_sysbios_hal_Hwi_HwiProxy_restore__E                          
000082b1  ti_sysbios_gates_GateHwi_leave__E                               
000082b9  ti_sysbios_heaps_HeapMem_isBlocking__E                          
000082c1  ti_sysbios_knl_Queue_Instance_init__E                           
000082c9  ti_sysbios_knl_Swi_startup__E                                   
000082d1  xdc_runtime_System_Module_startup__E                            
000082d9  __aeabi_errno_addr                                              
000082e1  ti_sysbios_gates_GateHwi_query__E                               
000082e1  xdc_runtime_Main_Module_GateProxy_query__E                      
000082e1  xdc_runtime_System_Module_GateProxy_query__E                    
000082e9  ti_sysbios_gates_GateMutexPri_query__E                          
000082f1  ti_sysbios_BIOS_RtsGateProxy_query__E                           
000082f1  ti_sysbios_gates_GateMutex_query__E                             
000082f1  ti_sysbios_heaps_HeapMem_Module_GateProxy_query__E              
000082f9  ti_sysbios_knl_Task_startup__E                                  
00008301  ti_sysbios_BIOS_linkedWithIncorrectBootLibrary__E               
00008309  ti_sysbios_gates_GateHwi_Instance_init__E                       
00008311  ti_sysbios_knl_Clock_logTick__E                                 
00008319  xdc_runtime_SysCallback_defaultAbort                            
00008321  xdc_runtime_SysCallback_defaultExit                             
00008329  xdc_runtime_System_abortSpin__E                                 
00008331  xdc_runtime_System_exitSpin__E                                  
0000862c  _ctypes_                                                        
0000872d  Display_count                                                   
0000872e  ADC_count                                                       
0000872f  UART_count                                                      
00008730  g_sFontFixed6x8                                                 
00008878  ti_sysbios_knl_Task_Object__PARAMS__C                           
000088b4  PowerMSP432_config                                              
000088ec  ti_sysbios_knl_Mailbox_Object__PARAMS__C                        
00008950  adcMSP432HWAttrs                                                
00008980  ti_sysbios_family_arm_m3_Hwi_Object__PARAMS__C                  
000089b0  ti_sysbios_heaps_HeapMem_Module__FXNS__C                        
000089d8  ADC_config                                                      
000089fc  ti_sysbios_gates_GateHwi_Module__FXNS__C                        
00008a20  ti_sysbios_gates_GateMutexPri_Module__FXNS__C                   
00008a44  ti_sysbios_gates_GateMutex_Module__FXNS__C                      
00008a68  ti_sysbios_heaps_HeapMem_Object__PARAMS__C                      
00008a8c  ti_sysbios_knl_Semaphore_Object__PARAMS__C                      
00008ab0  xdc_runtime_Startup_sfxnTab__A                                  
00008ad4  g_sCrystalfontz128x128_funcs                                    
00008af4  ti_sysbios_family_arm_m3_Hwi_Object__DESC__C                    
00008b14  ti_sysbios_gates_GateHwi_Object__DESC__C                        
00008b34  ti_sysbios_gates_GateMutexPri_Object__DESC__C                   
00008b54  ti_sysbios_gates_GateMutex_Object__DESC__C                      
00008b74  ti_sysbios_heaps_HeapMem_Object__DESC__C                        
00008b94  ti_sysbios_knl_Mailbox_Object__DESC__C                          
00008bb4  ti_sysbios_knl_Queue_Object__DESC__C                            
00008bd4  ti_sysbios_knl_Semaphore_Object__DESC__C                        
00008bf4  ti_sysbios_knl_Task_Object__DESC__C                             
00008c30  ADCMSP432_fxnTable                                              
00008c48  ti_sysbios_gates_GateHwi_Object__PARAMS__C                      
00008c60  ti_sysbios_gates_GateMutexPri_Object__PARAMS__C                 
00008c78  ti_sysbios_gates_GateMutex_Object__PARAMS__C                    
00008c90  ti_sysbios_knl_Queue_Object__PARAMS__C                          
00008ca8  ti_sysbios_knl_Task_hooks__A                                    
00008cc0  xdc_runtime_Startup_sfxnRts__A                                  
00008cd2  ti_sysbios_family_arm_m3_Hwi_Module__id__C                      
00008cd4  xdc_runtime_Startup_firstFxns__A                                
00008ce8  ADC_defaultParams                                               
00008cf0  ti_sysbios_knl_Idle_funcList__A                                 
00008cf8  ti_sysbios_knl_Idle_funcList__C                                 
00008d00  ti_sysbios_knl_Task_hooks__C                                    
00008d08  xdc_runtime_Startup_firstFxns__C                                
00008d10  xdc_runtime_Startup_lastFxns__C                                 
00008d18  ti_sysbios_family_arm_m3_Hwi_E_alreadyDefined__C                
00008d1c  ti_sysbios_family_arm_m3_Hwi_E_badIntNum__C                     
00008d20  ti_sysbios_family_arm_m3_Hwi_NUM_INTERRUPTS__C                  
00008d24  ti_sysbios_family_arm_m3_Hwi_Object__count__C                   
00008d28  ti_sysbios_family_arm_m3_Hwi_ccr__C                             
00008d2c  ti_sysbios_family_arm_m3_Hwi_excHandlerFunc__C                  
00008d30  ti_sysbios_family_arm_m3_Hwi_nullIsrFunc__C                     
00008d34  ti_sysbios_family_arm_m3_Hwi_priGroup__C                        
00008d38  ti_sysbios_family_arm_m3_Hwi_swiDisable__C                      
00008d3c  ti_sysbios_family_arm_m3_Hwi_swiRestore__C                      
00008d40  ti_sysbios_family_arm_m3_TaskSupport_stackAlignment__C          
00008d44  ti_sysbios_family_arm_msp432_Timer_numTimerDevices__C           
00008d48  ti_sysbios_family_arm_msp432_Timer_startupNeeded__C             
00008d4c  ti_sysbios_gates_GateMutexPri_Instance_State_pendQ__O           
00008d50  ti_sysbios_gates_GateMutex_Instance_State_sem__O                
00008d54  ti_sysbios_heaps_HeapMem_E_memory__C                            
00008d58  ti_sysbios_heaps_HeapMem_Module__gateObj__C                     
00008d5c  ti_sysbios_heaps_HeapMem_Object__count__C                       
00008d60  ti_sysbios_heaps_HeapMem_primaryHeapBaseAddr__C                 
00008d64  ti_sysbios_heaps_HeapMem_primaryHeapEndAddr__C                  
00008d68  ti_sysbios_heaps_HeapMem_reqAlign__C                            
00008d6c  ti_sysbios_knl_Clock_Module_State_clockQ__O                     
00008d70  ti_sysbios_knl_Mailbox_Instance_State_dataQue__O                
00008d74  ti_sysbios_knl_Mailbox_Instance_State_dataSem__O                
00008d78  ti_sysbios_knl_Mailbox_Instance_State_freeQue__O                
00008d7c  ti_sysbios_knl_Mailbox_Instance_State_freeSem__O                
00008d80  ti_sysbios_knl_Mailbox_Object__count__C                         
00008d84  ti_sysbios_knl_Mailbox_maxTypeAlign__C                          
00008d88  ti_sysbios_knl_Semaphore_Instance_State_pendQ__O                
00008d8c  ti_sysbios_knl_Swi_Object__count__C                             
00008d90  ti_sysbios_knl_Task_Module_State_inactiveQ__O                   
00008d94  ti_sysbios_knl_Task_Object__count__C                            
00008d98  ti_sysbios_knl_Task_Object__heap__C                             
00008d9c  ti_sysbios_knl_Task_allBlockedFunc__C                           
00008da0  ti_sysbios_knl_Task_defaultStackHeap__C                         
00008da4  ti_sysbios_knl_Task_defaultStackSize__C                         
00008da8  ti_sysbios_knl_Task_numConstructedTasks__C                      
00008dac  xdc_runtime_Error_E_memory__C                                   
00008db0  xdc_runtime_Error_policyFxn__C                                  
00008db4  xdc_runtime_IGateProvider_Interface__BASE__C                    
00008db8  xdc_runtime_IHeap_Interface__BASE__C                            
00008dbc  xdc_runtime_IModule_Interface__BASE__C                          
00008dc0  xdc_runtime_Memory_defaultHeapInstance__C                       
00008dc4  xdc_runtime_Startup_execImpl__C                                 
00008dc8  xdc_runtime_Startup_maxPasses__C                                
00008dcc  xdc_runtime_Startup_sfxnRts__C                                  
00008dd0  xdc_runtime_Startup_sfxnTab__C                                  
00008dd4  xdc_runtime_SysCallback_abortFxn__C                             
00008dd8  xdc_runtime_SysCallback_exitFxn__C                              
00008ddc  xdc_runtime_System_Module__gateObj__C                           
00008de0  xdc_runtime_System_abortFxn__C                                  
00008de4  xdc_runtime_System_exitFxn__C                                   
00008de8  xdc_runtime_System_maxAtexitHandlers__C                         
00008dec  ti_sysbios_family_arm_msp432_init_Boot_bypassHFXT__C            
00008dee  ti_sysbios_family_arm_msp432_init_Boot_bypassLFXT__C            
00008df0  ti_sysbios_family_arm_msp432_init_Boot_enableHFXT__C            
00008df2  ti_sysbios_family_arm_msp432_init_Boot_enableLFXT__C            
00008df4  ti_sysbios_heaps_HeapMem_Module__id__C                          
00008df6  xdc_runtime_Memory_Module__id__C                                
00008df8  xdc_runtime_Error_policy__C                                     
00008e00  __TI_static_base__                                              
00009070  __TI_Handler_Table_Base                                         
0000907c  __TI_Handler_Table_Limit                                        
00009088  __TI_CINIT_Base                                                 
00009098  __TI_CINIT_Limit                                                
20000000  __start___llvm_prf_cnts                                         
20000000  __stop___llvm_prf_cnts                                          
20000000  ti_sysbios_family_arm_m3_Hwi_ramVectors                         
20000140  __primary_heap_start__                                          
20008140  PowerMSP432_perfLevels                                          
20008140  __primary_heap_end__                                            
20008280  _ftable                                                         
200083f8  ti_sysbios_knl_Swi_Module_State_0_readyQ__A                     
20008478  ti_sysbios_knl_Task_Module_State_0_readyQ__A                    
200084f8  _device                                                         
20008570  ti_sysbios_gates_GateMutex_Object__table__V                     
200085c4  _stream                                                         
20008614  ti_sysbios_knl_Task_Object__table__V                            
20008660  ti_sysbios_family_arm_msp432_Timer_Object__table__V             
200086a4  ti_sysbios_knl_Task_Module__state__V                            
200086e8  ti_sysbios_family_arm_m3_Hwi_Module__state__V                   
2000871c  ti_sysbios_knl_Swi_Object__table__V                             
2000874c  PowerMSP432_module                                              
20008778  ti_sysbios_knl_Clock_Module__state__V                           
200087a4  ti_sysbios_BIOS_Module__state__V                                
200087c8  ti_sysbios_family_arm_msp432_Timer_Module_State_0_device__A     
200087e8  xdc_runtime_Error_IgnoreBlock                                   
20008808  ti_sysbios_knl_Swi_Module__state__V                             
20008824  ti_sysbios_family_arm_m3_Hwi_Object__table__V                   
2000883c  ti_sysbios_heaps_HeapMem_Object__table__V                       
20008854  g_sCrystalfontz128x128                                          
20008864  __TI_ft_end                                                     
20008868  __aeabi_stdin                                                   
2000886c  __aeabi_stdout                                                  
20008870  __aeabi_stderr                                                  
20008874  ti_sysbios_family_arm_msp432_Timer_Module_State_0_handles__A    
20008884  __TI_cleanup_ptr                                                
20008888  __TI_dtors_ptr                                                  
2000888c  __TI_enable_exit_profile_output                                 
20008890  ti_sysbios_family_arm_msp432_ClockFreqs_Module__state__V        
2000889c  ti_sysbios_family_arm_msp432_Timer_Module__state__V             
200088a8  _lock                                                           
200088ac  _unlock                                                         
200088b8  ti_sysbios_family_arm_m3_Hwi_Module__root__V                    
200088c0  ti_sysbios_gates_GateHwi_Module__root__V                        
200088c8  ti_sysbios_gates_GateMutexPri_Module__root__V                   
200088d0  ti_sysbios_gates_GateMutex_Module__root__V                      
200088d8  ti_sysbios_heaps_HeapMem_Module__root__V                        
200088e0  ti_sysbios_knl_Mailbox_Module__root__V                          
200088e8  ti_sysbios_knl_Queue_Module__root__V                            
200088f0  ti_sysbios_knl_Semaphore_Module__root__V                        
200088f8  ti_sysbios_knl_Task_Module__root__V                             
20008900  xdc_runtime_Startup_Module__state__V                            
20008908  xdc_runtime_System_Module_State_0_atexitHandlers__A             
20008910  xdc_runtime_System_Module__state__V                             
20008918  main_func_sp                                                    
2000891c  ti_sysbios_family_arm_m3_Hwi_Module_State_0_excContext__A       
20008920  ti_sysbios_family_arm_m3_Hwi_Module_State_0_excStack__A         
20008924  ti_sysbios_gates_GateHwi_Object__table__V                       
20008928  ti_sysbios_knl_Task_Module_State_0_idleTask__A                  
2000892c  ti_sysbios_rts_ti_ReentSupport_Module__state__V                 
20008930  xdc_runtime_Memory_Module__state__V                             
20008934  ti_sysbios_family_arm_m3_Hwi_Module_State_0_excActive__A        
20008938  ti_sysbios_knl_Task_Instance_State_0_stack__A                   
20008b38  ti_sysbios_family_arm_m3_Hwi_dispatchTable                      
20008c78  __CIOBUF_                                                       
20008d98  __TI_tmpnams                                                    
20008e38  g_adc_buf                                                       
20008fd0  adcMSP432Objects                                                
20008fd8  parmbuf                                                         
20008fec  g_adc_mbox                                                      
20008ff0  ti_sysbios_knl_Task_Instance_State_0_hookEnv__A                 
20008ff4  Lcd_ScreenHeigth                                                
20008ff6  Lcd_ScreenWidth                                                 
20008ff8  Lcd_TouchTrim                                                   
20008ffa  Lcd_FlagRead                                                    
20008ffb  Lcd_FontSolid                                                   
20008ffc  Lcd_Orientation                                                 
20008ffd  Lcd_PenSolid                                                    
2000fc00  __stack                                                         
20010000  __STACK_END                                                     
4000480c  WDTCTL_SYM                                                      
e000e000  ti_sysbios_family_arm_m3_Hwi_nvic                               
ffffffff  __TI_pprof_out_hndl                                             
ffffffff  __TI_prof_data_size                                             
ffffffff  __TI_prof_data_start                                            
ffffffff  __binit__                                                       
ffffffff  __c_args__                                                      
ffffffff  binit                                                           
UNDEFED   SHT$$INIT_ARRAY$$Base                                           
UNDEFED   SHT$$INIT_ARRAY$$Limit                                          

[617 symbols]
