******************************************************************************
                  TI ARM Linker PC v20.2.2                     
******************************************************************************
>> Linked Sat Apr 15 16:50:28 2023

OUTPUT FILE NAME:   <snake_game.out>
ENTRY POINT SYMBOL: "_c_int00"  address: 000048a9


MEMORY CONFIGURATION

         name            origin    length      used     unused   attr    fill
----------------------  --------  ---------  --------  --------  ----  --------
  MAIN                  00000000   00040000  000079a2  0003865e  R  X
  INFO                  00200000   00004000  00000000  00004000  R  X
  SRAM_CODE             01000000   00010000  000093d4  00006c2c  RW X
  SRAM_DATA             20000000   00010000  000093d4  00006c2c  RW  


SEGMENT ALLOCATION MAP

run origin  load origin   length   init length attrs members
----------  ----------- ---------- ----------- ----- -------
00000000    00000000    000079a8   000079a8    r-x
  00000000    00000000    0000003c   0000003c    r-- .resetVecs
  00000040    00000040    00006c92   00006c92    r-x .text
  00006cd4    00006cd4    00000a24   00000a24    r-- .const
  000076f8    000076f8    000002b0   000002b0    r-- .cinit
20000140    20000140    00008000   00000000    r--
  20000140    20000140    00008000   00000000    r-- .priheap
20008140    20008140    00000e99   00000000    rw-
  20008140    20008140    00000813   00000000    rw- .data
  20008958    20008958    00000681   00000000    rw- .bss
2000fc00    2000fc00    00000400   00000000    rw-
  2000fc00    2000fc00    00000400   00000000    rw- .stack


SECTION ALLOCATION MAP

 output                                  attributes/
section   page    origin      length       input sections
--------  ----  ----------  ----------   ----------------
.text      0    00000040    00006c92     
                  00000040    000002f8     drivers_msp432p401x.aem4f : PowerMSP432.oem4f (.text:Power_sleep)
                  00000338    000002a0     rtsv7M4_T_le_v4SPD16_eabi.lib : mktime.c.obj (.text:__mktime32)
                  000005d8    0000028a     msp432p4xx_driverlib.lib : pcm.o (.text:__PCM_setPowerStateAdvanced)
                  00000862    00000002     ti_drivers_config.obj (.text:Board_initHook)
                  00000864    00000288     drivers_msp432p401x.aem4f : PowerMSP432.oem4f (.text:initPerfControl)
                  00000aec    0000022a     grlib.a : circle.obj (.text:Graphics_fillCircle)
                  00000d16    00000002     dpl_msp432p401x.aem4f : PowerMSP432_tirtos.oem4f (.text:PowerMSP432_initPolicy)
                  00000d18    00000214     main_tirtos.obj (.text:display_task)
                  00000f2c    000001d8     Crystalfontz128x128_ST7735.obj (.text:Crystalfontz128x128_PixelDrawMultiple)
                  00001104    000001d8     protectedlcd.obj (.text:draw_snake)
                  000012dc    00000160     msp432p4xx_driverlib.lib : adc14.o (.text:_getIndexForMemRegister)
                  0000143c    0000015c                              : pcm.o (.text:__PCM_setPowerModeAdvanced)
                  00001598    00000134     Crystalfontz128x128_ST7735.obj (.text:Crystalfontz128x128_SetDrawFrame)
                  000016cc    00000004     msp432p4xx_driverlib.lib : cpu.o (.text:CPU_wfi)
                  000016d0    00000130     sysbios.aem4f : BIOS.obj (.text:ti_sysbios_knl_Semaphore_pend__E)
                  00001800    0000012c     Crystalfontz128x128_ST7735.obj (.text:Crystalfontz128x128_Init)
                  0000192c    0000011c     main_tirtos.obj (.text:startup_task)
                  00001a48    00000114     rtsv7M4_T_le_v4SPD16_eabi.lib : fputs.c.obj (.text:fputs)
                  00001b5c    00000108     msp432p4xx_driverlib.lib : pcm.o (.text:__PCM_setCoreVoltageLevelAdvanced)
                  00001c64    00000004     dpl_msp432p401x.aem4f : HwiP_tirtos.oem4f (.text:HwiP_disable)
                  00001c68    00000108     sysbios.aem4f : BIOS.obj (.text:ti_sysbios_knl_Task_postInit__I)
                  00001d70    00000108                   : BIOS.obj (.text:xdc_runtime_Startup_startMods__I)
                  00001e78    00000104                   : BIOS.obj (.text:ti_sysbios_knl_Task_Instance_finalize__E)
                  00001f7c    000000fc     drivers_msp432p401x.aem4f : ADCMSP432.oem4f (.text:ADCMSP432_convert)
                  00002078    000000f8     sysbios.aem4f : BIOS.obj (.text:ti_sysbios_family_arm_msp432_init_Boot_configureClocksHigh)
                  00002170    000000f0                   : m3_Hwi_asm.obj (.text:ti_sysbios_family_arm_m3_Hwi_dispatch__I)
                  00002260    000000e4     msp432p4xx_driverlib.lib : cs.o (.text:CS_startHFXTWithTimeout)
                  00002344    000000e0                              : cs.o (.text:CS_startLFXTWithTimeout)
                  00002424    00000004     dpl_msp432p401x.aem4f : SemaphoreP_tirtos.oem4f (.text:SemaphoreP_post)
                  00002428    000000e0     sysbios.aem4f : BIOS.obj (.text:ti_sysbios_knl_Task_Instance_init__E)
                  00002508    000000dc     msp432p4xx_driverlib.lib : cs.o (.text:_CSGetHFXTFrequency)
                  000025e4    000000dc     rtsv7M4_T_le_v4SPD16_eabi.lib : setvbuf.c.obj (.text:setvbuf)
                  000026c0    000000d8     sysbios.aem4f : BIOS.obj (.text:ti_sysbios_knl_Mailbox_Instance_init__E)
                  00002798    000000d0                   : BIOS.obj (.text:ti_sysbios_heaps_HeapMem_alloc__E)
                  00002868    000000c4                   : BIOS.obj (.text:ti_sysbios_knl_Task_sleep__E)
                  0000292c    000000c0     protectedlcd.obj (.text:init_snake)
                  000029ec    00000004     rtsv7M4_T_le_v4SPD16_eabi.lib : exit.c.obj (.text:abort:abort)
                  000029f0    000000b8     sysbios.aem4f : BIOS.obj (.text:ti_sysbios_family_arm_m3_Hwi_Instance_init__E)
                  00002aa8    000000b4     msp432p4xx_driverlib.lib : adc14.o (.text:ADC14_configureConversionMemory)
                  00002b5c    000000b0                              : spi.o (.text:SPI_initMaster)
                  00002c0c    000000ac     main_tirtos.obj (.text:main)
                  00002cb8    000000a8     sysbios.aem4f : BIOS.obj (.text:ti_sysbios_family_arm_msp432_Timer_periodicStub__E)
                  00002d60    000000a8                   : BIOS.obj (.text:ti_sysbios_gates_GateMutexPri_enter__E)
                  00002e08    000000a6                   : BIOS.obj (.text:xdc_runtime_Core_createObject__I)
                  00002eae    00000002     rtsv7M4_T_le_v4SPD16_eabi.lib : _lock.c.obj (.text:_nop)
                  00002eb0    000000a4     sysbios.aem4f : BIOS.obj (.text:ti_sysbios_knl_Task_setPri__E)
                  00002f54    000000a0     auto_init.aem4f : auto_init.oem4f (.text)
                  00002ff4    0000009c     Crystalfontz128x128_ST7735.obj (.text:Crystalfontz128x128_RectFill)
                  00003090    0000009c     grlib.a : line.obj (.text:Graphics_drawLineH)
                  0000312c    0000009c     drivers_msp432p401x.aem4f : PowerMSP432.oem4f (.text:Power_init)
                  000031c8    0000009c     rtsv7M4_T_le_v4SPD16_eabi.lib : memcpy_t2.asm.obj (.text)
                  00003264    00000096                                   : ull_div_t2.asm.obj (.text)
                  000032fa    00000006     drivers_msp432p401x.aem4f : ADCMSP432.oem4f (.text:ADCMSP432_control)
                  00003300    00000094     sysbios.aem4f : BIOS.obj (.text:ti_sysbios_family_arm_m3_Hwi_initNVIC__E)
                  00003394    00000004     release_pem4f.oem4f (.text:ti_sysbios_BIOS_RtsGateProxy_enter__E)
                  00003398    00000094     sysbios.aem4f : BIOS.obj (.text:ti_sysbios_knl_Task_exit__E)
                  0000342c    00000004     release_pem4f.oem4f (.text:ti_sysbios_BIOS_RtsGateProxy_leave__E)
                  00003430    00000090     sysbios.aem4f : BIOS.obj (.text:ti_sysbios_knl_Task_Module_startup__E)
                  000034c0    0000008c     drivers_msp432p401x.aem4f : ADCMSP432.oem4f (.text:ADCMSP432_open)
                  0000354c    0000008c     sysbios.aem4f : m3_TaskSupport_asm.obj (.text:ti_sysbios_family_arm_m3_TaskSupport_buildTaskStack)
                  000035d8    0000008c                   : BIOS.obj (.text:xdc_runtime_Memory_alloc__E)
                  00003664    00000088     msp432p4xx_driverlib.lib : gpio.o (.text:GPIO_setAsPeripheralModuleFunctionOutputPin)
                  000036ec    00000004     release_pem4f.oem4f (.text:ti_sysbios_family_arm_m3_TaskSupport_Module__startupDone__S)
                  000036f0    00000088     sysbios.aem4f : BIOS.obj (.text:ti_sysbios_knl_Mailbox_post__E)
                  00003778    00000086                   : BIOS.obj (.text:xdc_runtime_Core_constructObject__I)
                  000037fe    00000002     rtsv7M4_T_le_v4SPD16_eabi.lib : div0.asm.obj (.text)
                  00003800    00000084     msp432p4xx_driverlib.lib : pcm.o (.text:PCM_gotoLPM3)
                  00003884    00000084     drivers_msp432p401x.aem4f : PowerMSP432.oem4f (.text:restartHFXT)
                  00003908    00000084     sysbios.aem4f : BIOS.obj (.text:ti_sysbios_family_arm_m3_Hwi_postInit__I)
                  0000398c    00000004     release_pem4f.oem4f (.text:ti_sysbios_heaps_HeapMem_Module_GateProxy_enter__E)
                  00003990    00000084     sysbios.aem4f : BIOS.obj (.text:ti_sysbios_heaps_HeapMem_free__E)
                  00003a14    00000004     release_pem4f.oem4f (.text:ti_sysbios_heaps_HeapMem_Module_GateProxy_leave__E)
                  00003a18    00000080     sysbios.aem4f : BIOS.obj (.text:ti_sysbios_knl_Clock_workFunc__E)
                  00003a98    0000007c     rtsv7M4_T_le_v4SPD16_eabi.lib : fflush.c.obj (.text:fflush)
                  00003b14    0000007a                                   : memset_t2.asm.obj (.text)
                  00003b8e    00000002     release_pem4f.oem4f (.text:ti_sysbios_BIOS_nullFunc__I)
                  00003b90    00000074     rtsv7M4_T_le_v4SPD16_eabi.lib : fclose.c.obj (.text:__TI_closefile)
                  00003c04    00000004     release_pem4f.oem4f (.text:ti_sysbios_knl_Clock_TimerProxy_getMaxTicks__E)
                  00003c08    00000074     sysbios.aem4f : BIOS.obj (.text:ti_sysbios_knl_Mailbox_pend__E)
                  00003c7c    00000004     release_pem4f.oem4f (.text:ti_sysbios_knl_Semaphore_delete)
                  00003c80    00000070     sysbios.aem4f : BIOS.obj (.text:ti_sysbios_heaps_HeapMem_initPrimary__I)
                  00003cf0    00000070                   : BIOS.obj (.text:ti_sysbios_knl_Mailbox_Instance_finalize__E)
                  00003d60    0000006e     rtsv7M4_T_le_v4SPD16_eabi.lib : ll_div_t2.asm.obj (.text)
                  00003dce    00000002     --HOLE-- [fill = 0]
                  00003dd0    0000006c                                   : hostrename.c.obj (.text:HOSTrename)
                  00003e3c    00000004     release_pem4f.oem4f (.text:ti_sysbios_knl_Task_delete)
                  00003e40    0000006c     sysbios.aem4f : BIOS.obj (.text:ti_sysbios_family_arm_msp432_Seconds_get__E)
                  00003eac    00000004     release_pem4f.oem4f (.text:xdc_runtime_System_Module_GateProxy_enter__E)
                  00003eb0    0000006c     sysbios.aem4f : BIOS.obj (.text:ti_sysbios_gates_GateMutexPri_leave__E)
                  00003f1c    00000004     release_pem4f.oem4f (.text:xdc_runtime_System_Module_GateProxy_leave__E)
                  00003f20    0000006c     sysbios.aem4f : BIOS.obj (.text:ti_sysbios_knl_Swi_restoreHwi__E)
                  00003f8c    00000068     rtsv7M4_T_le_v4SPD16_eabi.lib : hostlseek.c.obj (.text:HOSTlseek)
                  00003ff4    00000068                                   : copy_decompress_lzss.c.obj (.text:decompress:lzss:__TI_decompress_lzss)
                  0000405c    00000068     main_tirtos.obj (.text:fruit_task)
                  000040c4    00000068     protectedlcd.obj (.text:protected_lcd_init)
                  0000412c    00000004     --HOLE-- [fill = 0]
                  00004130    00000066     sysbios.aem4f : BIOS.obj (.text:xdc_runtime_Core_deleteObject__I)
                  00004196    00000002     --HOLE-- [fill = 0]
                  00004198    00000064     main_tirtos.obj (.text:adc_task)
                  000041fc    00000064     rtsv7M4_T_le_v4SPD16_eabi.lib : fseek.c.obj (.text:fseek)
                  00004260    00000064     sysbios.aem4f : BIOS.obj (.text:ti_sysbios_family_arm_m3_Hwi_dispatchC__I)
                  000042c4    00000062     rtsv7M4_T_le_v4SPD16_eabi.lib : _io_perm.c.obj (.text:__TI_wrt_ok)
                  00004326    00000002     --HOLE-- [fill = 0]
                  00004328    00000060     drivers_msp432p401x.aem4f : ADCMSP432.oem4f (.text:ADCMSP432_convertToMicroVolts)
                  00004388    00000060     Crystalfontz128x128_ST7735.obj (.text:Crystalfontz128x128_LineDrawH)
                  000043e8    00000060     Crystalfontz128x128_ST7735.obj (.text:Crystalfontz128x128_LineDrawV)
                  00004448    00000060     rtsv7M4_T_le_v4SPD16_eabi.lib : hostopen.c.obj (.text:HOSTopen)
                  000044a8    00000060     sysbios.aem4f : BIOS.obj (.text:ti_sysbios_knl_Semaphore_post__E)
                  00004508    00000060                   : BIOS.obj (.text:ti_sysbios_knl_Swi_run__I)
                  00004568    0000005e     msp432p4xx_driverlib.lib : pcm.o (.text:PCM_getCoreVoltageLevel)
                  000045c6    00000002     --HOLE-- [fill = 0]
                  000045c8    0000005c     rtsv7M4_T_le_v4SPD16_eabi.lib : close.c.obj (.text:close)
                  00004624    00000004     --HOLE-- [fill = 0]
                  00004628    0000005c     sysbios.aem4f : BIOS.obj (.text:ti_sysbios_knl_Swi_schedule__I)
                  00004684    00000004     --HOLE-- [fill = 0]
                  00004688    0000005c                   : BIOS.obj (.text:ti_sysbios_knl_Task_startCore__E)
                  000046e4    00000004     --HOLE-- [fill = 0]
                  000046e8    0000005c                   : BIOS.obj (.text:xdc_runtime_Startup_exec__E)
                  00004744    0000005a     msp432p4xx_driverlib.lib : pcm.o (.text:PCM_getPowerMode)
                  0000479e    0000005a     drivers_msp432p401x.aem4f : ADCMSP432.oem4f (.text:initHw)
                  000047f8    00000058     rtsv7M4_T_le_v4SPD16_eabi.lib : hostread.c.obj (.text:HOSTread)
                  00004850    00000058                                   : hostwrite.c.obj (.text:HOSTwrite)
                  000048a8    00000058     boot.aem4f : boot.oem4f (.text)
                  00004900    00000058     sysbios.aem4f : m3_Hwi_asm_switch.obj (.text:ti_sysbios_family_arm_m3_Hwi_initStacks__E)
                  00004958    00000054     Crystalfontz128x128_ST7735.obj (.text:Crystalfontz128x128_SetOrientation)
                  000049ac    00000054     msp432p4xx_driverlib.lib : pcm.o (.text:PCM_shutdownDevice)
                  00004a00    00000054     release_pem4f.oem4f (.text:ti_sysbios_family_arm_m3_Hwi_create)
                  00004a54    00000004     --HOLE-- [fill = 0]
                  00004a58    00000054     sysbios.aem4f : BIOS.obj (.text:ti_sysbios_family_arm_msp432_Timer_initDevice__I)
                  00004aac    00000054     release_pem4f.oem4f (.text:ti_sysbios_knl_Mailbox_create)
                  00004b00    00000052     grlib.a : context.obj (.text:Graphics_initContext)
                  00004b52    00000006     --HOLE-- [fill = 0]
                  00004b58    00000050     sysbios.aem4f : BIOS.obj (.text:ti_sysbios_family_arm_m3_Hwi_Module_startup__E)
                  00004ba8    00000050     release_pem4f.oem4f (.text:ti_sysbios_knl_Task_create)
                  00004bf8    0000004c     dpl_msp432p401x.aem4f : PowerMSP432_tirtos.oem4f (.text:PowerMSP432_sleepPolicy)
                  00004c44    0000004c     rtsv7M4_T_le_v4SPD16_eabi.lib : fflush.c.obj (.text:__TI_doflush)
                  00004c90    0000004c                                   : cpy_tbl.c.obj (.text:copy_in)
                  00004cdc    00000004     --HOLE-- [fill = 0]
                  00004ce0    0000004c     sysbios.aem4f : BIOS.obj (.text:ti_sysbios_family_arm_msp432_Timer_start__E)
                  00004d2c    00000004     --HOLE-- [fill = 0]
                  00004d30    0000004c                   : BIOS.obj (.text:ti_sysbios_heaps_HeapMem_getStats__E)
                  00004d7c    00000004     --HOLE-- [fill = 0]
                  00004d80    0000004c                   : BIOS.obj (.text:ti_sysbios_knl_Swi_runLoop__I)
                  00004dcc    00000004     --HOLE-- [fill = 0]
                  00004dd0    0000004c                   : BIOS.obj (.text:ti_sysbios_knl_Task_allBlockedFunction__I)
                  00004e1c    00000004     --HOLE-- [fill = 0]
                  00004e20    0000004c                   : BIOS.obj (.text:ti_sysbios_knl_Task_block__E)
                  00004e6c    00000004     --HOLE-- [fill = 0]
                  00004e70    0000004c                   : BIOS.obj (.text:ti_sysbios_knl_Task_schedule__I)
                  00004ebc    00000048     drivers_msp432p401x.aem4f : PowerMSP432.oem4f (.text:Power_releaseConstraint)
                  00004f04    00000004     --HOLE-- [fill = 0]
                  00004f08    00000048     sysbios.aem4f : BIOS.obj (.text:ti_sysbios_family_arm_m3_Hwi_disableInterrupt__E)
                  00004f50    00000048                   : BIOS.obj (.text:ti_sysbios_family_arm_m3_Hwi_enableInterrupt__E)
                  00004f98    00000048                   : BIOS.obj (.text:ti_sysbios_knl_Mailbox_Module_startup__E)
                  00004fe0    00000048                   : BIOS.obj (.text:xdc_runtime_Core_assignParams__I)
                  00005028    00000044     drivers_msp432p401x.aem4f : ADC.oem4f (.text:ADC_init)
                  0000506c    00000044     rtsv7M4_T_le_v4SPD16_eabi.lib : hostclose.c.obj (.text:HOSTclose)
                  000050b0    00000044                                   : hostunlink.c.obj (.text:HOSTunlink)
                  000050f4    00000044                                   : getdevice.c.obj (.text:getdevice)
                  00005138    00000044     sysbios.aem4f : BIOS.obj (.text:ti_sysbios_family_arm_m3_Hwi_getStackInfo__E)
                  0000517c    00000004     --HOLE-- [fill = 0]
                  00005180    00000044                   : BIOS.obj (.text:ti_sysbios_knl_Swi_post__E)
                  000051c4    00000040     drivers_msp432p401x.aem4f : ADCMSP432.oem4f (.text:ADCMSP432_close)
                  00005204    00000040                               : ADC.oem4f (.text:ADC_open)
                  00005244    00000040     Crystalfontz128x128_ST7735.obj (.text:Crystalfontz128x128_PixelDraw)
                  00005284    00000040     msp432p4xx_driverlib.lib : gpio.o (.text:GPIO_setAsOutputPin)
                  000052c4    00000040     HAL_MSP_EXP432P401R_Crystalfontz128x128_ST7735.obj (.text:HAL_LCD_SpiInit)
                  00005304    00000040     dpl_msp432p401x.aem4f : HwiP_tirtos.oem4f (.text:HwiP_create)
                  00005344    00000040     msp432p4xx_driverlib.lib : spi.o (.text:is_A_Module)
                  00005384    00000004     --HOLE-- [fill = 0]
                  00005388    00000040     sysbios.aem4f : BIOS.obj (.text:ti_sysbios_family_arm_msp432_Timer_Module_startup__E)
                  000053c8    00000040                   : BIOS.obj (.text:ti_sysbios_family_arm_msp432_Timer_startup__E)
                  00005408    00000040                   : BIOS.obj (.text:ti_sysbios_heaps_HeapMem_Instance_init__E)
                  00005448    0000003c     protectedlcd.obj (.text:protected_lcd_draw_pixel)
                  00005484    00000004     --HOLE-- [fill = 0]
                  00005488    0000003c     sysbios.aem4f : BIOS.obj (.text:ti_sysbios_family_arm_m3_Hwi_Instance_finalize__E)
                  000054c4    00000004     --HOLE-- [fill = 0]
                  000054c8    0000003c                   : BIOS.obj (.text:ti_sysbios_family_arm_msp432_Seconds_Module_startup__E)
                  00005504    00000004     --HOLE-- [fill = 0]
                  00005508    0000003c                   : BIOS.obj (.text:ti_sysbios_knl_Swi_restore__E)
                  00005544    00000038     HAL_MSP_EXP432P401R_Crystalfontz128x128_ST7735.obj (.text:HAL_LCD_writeCommand)
                  0000557c    00000038     drivers_msp432p401x.aem4f : PowerMSP432.oem4f (.text:Power_setConstraint)
                  000055b4    00000038     rtsv7M4_T_le_v4SPD16_eabi.lib : trgmsg.c.obj (.text:__TI_writemsg)
                  000055ec    00000038     drivers_msp432p401x.aem4f : PowerMSP432.oem4f (.text:notify)
                  00005624    00000004     --HOLE-- [fill = 0]
                  00005628    00000038     sysbios.aem4f : BIOS.obj (.text:xdc_runtime_System_atexit__E)
                  00005660    00000036     grlib.a : display.obj (.text:Graphics_drawHorizontalLineOnDisplay)
                  00005696    00000036     rtsv7M4_T_le_v4SPD16_eabi.lib : strncpy.c.obj (.text:strncpy)
                  000056cc    00000034                                   : fopen.c.obj (.text:__TI_cleanup)
                  00005700    00000034                                   : trgmsg.c.obj (.text:__TI_readmsg)
                  00005734    00000034                                   : rand.c.obj (.text:rand)
                  00005768    00000034     release_pem4f.oem4f (.text:ti_sysbios_knl_Semaphore_create)
                  0000579c    00000004     --HOLE-- [fill = 0]
                  000057a0    00000032     sysbios.aem4f : BIOS.obj (.text:ti_sysbios_hal_Hwi_initStack)
                  000057d2    00000002     --HOLE-- [fill = 0]
                  000057d4    00000030     drivers_msp432p401x.aem4f : ADCMSP432.oem4f (.text:ADCMSP432_init)
                  00005804    00000030     HAL_MSP_EXP432P401R_Crystalfontz128x128_ST7735.obj (.text:HAL_LCD_PortInit)
                  00005834    00000030     rtsv7M4_T_le_v4SPD16_eabi.lib : getdevice.c.obj (.text:finddevice)
                  00005864    00000030     release_pem4f.oem4f (.text:ti_sysbios_BIOS_atExitFunc__I)
                  00005894    00000030     release_pem4f.oem4f (.text:ti_sysbios_BIOS_startFunc__I)
                  000058c4    00000004     --HOLE-- [fill = 0]
                  000058c8    00000030     sysbios.aem4f : BIOS.obj (.text:ti_sysbios_family_arm_m3_TaskSupport_start__E)
                  000058f8    00000030                   : BIOS.obj (.text:ti_sysbios_family_arm_msp432_Timer_setPeriod__E)
                  00005928    00000030     release_pem4f.oem4f (.text:ti_sysbios_gates_GateHwi_Object__create__S)
                  00005958    00000030     release_pem4f.oem4f (.text:ti_sysbios_gates_GateMutexPri_Object__create__S)
                  00005988    00000030     release_pem4f.oem4f (.text:ti_sysbios_gates_GateMutexPri_create)
                  000059b8    00000030     release_pem4f.oem4f (.text:ti_sysbios_gates_GateMutex_Object__create__S)
                  000059e8    00000030     sysbios.aem4f : BIOS.obj (.text:ti_sysbios_gates_GateMutex_enter__E)
                  00005a18    00000030     release_pem4f.oem4f (.text:ti_sysbios_heaps_HeapMem_Object__create__S)
                  00005a48    00000030     sysbios.aem4f : BIOS.obj (.text:ti_sysbios_knl_Mailbox_postInit__I)
                  00005a78    00000030     release_pem4f.oem4f (.text:ti_sysbios_knl_Semaphore_construct)
                  00005aa8    00000030     sysbios.aem4f : BIOS.obj (.text:ti_sysbios_knl_Semaphore_pendTimeout__I)
                  00005ad8    00000030                   : BIOS.obj (.text:ti_sysbios_knl_Task_processVitalTaskFlag__I)
                  00005b08    00000030                   : BIOS.obj (.text:ti_sysbios_knl_Task_restore__E)
                  00005b38    00000030                   : BIOS.obj (.text:ti_sysbios_knl_Task_unblockI__E)
                  00005b68    00000030                   : BIOS.obj (.text:xdc_runtime_System_processAtExit__E)
                  00005b98    0000002e     release_pem4f.oem4f (.text:ti_sysbios_rts_MemAlloc_alloc)
                  00005bc6    00000002     --HOLE-- [fill = 0]
                  00005bc8    0000002c     Crystalfontz128x128_ST7735.obj (.text:Crystalfontz128x128_ClearScreen)
                  00005bf4    0000002c     HAL_MSP_EXP432P401R_Crystalfontz128x128_ST7735.obj (.text:HAL_LCD_writeData)
                  00005c20    0000002c     dpl_msp432p401x.aem4f : PowerMSP432_tirtos.oem4f (.text:PowerMSP432_updateFreqs)
                  00005c4c    0000002c     msp432p4xx_driverlib.lib : rtc_c.o (.text:RTC_C_holdClock)
                  00005c78    0000002c     dpl_msp432p401x.aem4f : SemaphoreP_tirtos.oem4f (.text:SemaphoreP_createBinary)
                  00005ca4    00000004     --HOLE-- [fill = 0]
                  00005ca8    0000002c     sysbios.aem4f : BIOS.obj (.text:_pthread_cleanupFxn)
                  00005cd4    00000004     --HOLE-- [fill = 0]
                  00005cd8    0000002c                   : BIOS.obj (.text:_pthread_delete$44)
                  00005d04    0000002c     protectedlcd.obj (.text:draw_fruit)
                  00005d30    0000002c     release_pem4f.oem4f (.text:ti_sysbios_gates_GateHwi_Handle__label__S)
                  00005d5c    0000002c     release_pem4f.oem4f (.text:ti_sysbios_gates_GateMutexPri_Handle__label__S)
                  00005d88    0000002c     release_pem4f.oem4f (.text:ti_sysbios_gates_GateMutex_Handle__label__S)
                  00005db4    0000002c     release_pem4f.oem4f (.text:ti_sysbios_heaps_HeapMem_Handle__label__S)
                  00005de0    0000002c     release_pem4f.oem4f (.text:ti_sysbios_knl_Clock_doTick__I)
                  00005e0c    0000002c     release_pem4f.oem4f (.text:ti_sysbios_knl_Queue_construct)
                  00005e38    0000002c     rtsv7M4_T_le_v4SPD16_eabi.lib : unlink.c.obj (.text:unlink)
                  00005e64    00000028     msp432p4xx_driverlib.lib : adc14.o (.text:ADC14_getResult)
                  00005e8c    00000028     Crystalfontz128x128_ST7735.obj (.text:Crystalfontz128x128_ColorTranslate)
                  00005eb4    00000028     msp432p4xx_driverlib.lib : gpio.o (.text:GPIO_setOutputHighOnPin)
                  00005edc    00000028                              : gpio.o (.text:GPIO_setOutputLowOnPin)
                  00005f04    00000028                              : pcm.o (.text:PCM_gotoLPM0)
                  00005f2c    00000028     drivers_msp432p401x.aem4f : PowerMSP432.oem4f (.text:disableFaultCounter)
                  00005f54    00000028                               : PowerMSP432.oem4f (.text:disableHFXT)
                  00005f7c    00000028     rtsv7M4_T_le_v4SPD16_eabi.lib : lseek.c.obj (.text:lseek)
                  00005fa4    00000028     protectedlcd.obj (.text:protected_lcd_clear)
                  00005fcc    00000028     sysbios.aem4f : m3_Hwi_asm.obj (.text:ti_sysbios_family_arm_m3_Hwi_excHandlerAsm__I)
                  00005ff4    00000004     --HOLE-- [fill = 0]
                  00005ff8    00000028                   : BIOS.obj (.text:ti_sysbios_knl_Clock_addI__E)
                  00006020    00000028                   : BIOS.obj (.text:ti_sysbios_knl_Swi_Module_startup__E)
                  00006048    00000028     rtsv7M4_T_le_v4SPD16_eabi.lib : write.c.obj (.text:write)
                  00006070    00000026     sysbios.aem4f : m3_Hwi_asm.obj (.text:ti_sysbios_family_arm_m3_Hwi_pendSV__I)
                  00006096    00000002     --HOLE-- [fill = 0]
                  00006098    00000024     msp432p4xx_driverlib.lib : wdt_a.o (.text:WDT_A_holdTimer)
                  000060bc    00000024     bsp.obj (.text:led_blocking_wait)
                  000060e0    00000024     rtsv7M4_T_le_v4SPD16_eabi.lib : rand.c.obj (.text:srand)
                  00006104    00000024     release_pem4f.oem4f (.text:ti_sysbios_BIOS_registerRTSLock__I)
                  00006128    00000024     release_pem4f.oem4f (.text:ti_sysbios_BIOS_removeRTSLock__I)
                  0000614c    00000004     --HOLE-- [fill = 0]
                  00006150    00000024     sysbios.aem4f : BIOS.obj (.text:ti_sysbios_family_arm_msp432_ClockFreqs_setFrequency__E)
                  00006174    00000004     --HOLE-- [fill = 0]
                  00006178    00000024                   : BIOS.obj (.text:ti_sysbios_family_arm_msp432_Timer_postInit__I)
                  0000619c    00000024     release_pem4f.oem4f (.text:ti_sysbios_gates_GateMutexPri_Object__delete__S)
                  000061c0    00000024     release_pem4f.oem4f (.text:ti_sysbios_gates_GateMutex_Object__delete__S)
                  000061e4    00000004     --HOLE-- [fill = 0]
                  000061e8    00000024     sysbios.aem4f : BIOS.obj (.text:ti_sysbios_knl_Clock_Module_startup__E)
                  0000620c    00000004     --HOLE-- [fill = 0]
                  00006210    00000024                   : BIOS.obj (.text:ti_sysbios_knl_Semaphore_Instance_init__E)
                  00006234    00000024     release_pem4f.oem4f (.text:ti_sysbios_knl_Semaphore_Object__delete__S)
                  00006258    00000024     sysbios.aem4f : BIOS.obj (.text:ti_sysbios_knl_Task_restoreHwi__E)
                  0000627c    00000004     --HOLE-- [fill = 0]
                  00006280    00000024                   : BIOS.obj (.text:xdc_runtime_Error_policyMin__E)
                  000062a4    00000020     msp432p4xx_driverlib.lib : cs.o (.text:CS_setExternalClockSourceFrequency)
                  000062c4    00000020     rtsv7M4_T_le_v4SPD16_eabi.lib : memchr.c.obj (.text:memchr)
                  000062e4    00000020     release_pem4f.oem4f (.text:ti_sysbios_BIOS_rtsLock__I)
                  00006304    00000020     release_pem4f.oem4f (.text:ti_sysbios_gates_GateHwi_Object__delete__S)
                  00006324    00000020     release_pem4f.oem4f (.text:ti_sysbios_heaps_HeapMem_Object__delete__S)
                  00006344    00000004     --HOLE-- [fill = 0]
                  00006348    00000020     sysbios.aem4f : BIOS.obj (.text:ti_sysbios_knl_Idle_run__E)
                  00006368    00000020     release_pem4f.oem4f (.text:ti_sysbios_knl_Semaphore_destruct)
                  00006388    00000020     release_pem4f.oem4f (.text:ti_sysbios_knl_Task_Object__delete__S)
                  000063a8    0000001e     sysbios.aem4f : m3_Hwi_asm_switch.obj (.text:ti_sysbios_family_xxx_Hwi_switchAndRunFunc)
                  000063c6    0000001c     msp432p4xx_driverlib.lib : spi.o (.text:SPI_enableModule)
                  000063e2    00000002     --HOLE-- [fill = 0]
                  000063e4    0000001c     rtsv7M4_T_le_v4SPD16_eabi.lib : assert.c.obj (.text:_abort_msg)
                  00006400    0000001c     bsp.obj (.text:bsp_led1_off)
                  0000641c    0000001c     bsp.obj (.text:bsp_led1_on)
                  00006438    0000001c     bsp.obj (.text:safe_mode)
                  00006454    00000004     --HOLE-- [fill = 0]
                  00006458    0000001c     sysbios.aem4f : BIOS.obj (.text:ti_sysbios_family_arm_m3_Hwi_excHandler__I)
                  00006474    00000004     --HOLE-- [fill = 0]
                  00006478    0000001c                   : BIOS.obj (.text:ti_sysbios_gates_GateMutexPri_Instance_init__E)
                  00006494    00000004     --HOLE-- [fill = 0]
                  00006498    0000001c                   : BIOS.obj (.text:ti_sysbios_gates_GateMutex_Instance_init__E)
                  000064b4    0000001c     release_pem4f.oem4f (.text:ti_sysbios_knl_Queue_destruct)
                  000064d0    0000001c     sysbios.aem4f : BIOS.obj (.text:ti_sysbios_knl_Queue_get__E)
                  000064ec    00000004     --HOLE-- [fill = 0]
                  000064f0    0000001c                   : BIOS.obj (.text:ti_sysbios_knl_Queue_put__E)
                  0000650c    00000004     --HOLE-- [fill = 0]
                  00006510    0000001c                   : BIOS.obj (.text:ti_sysbios_knl_Task_enter__I)
                  0000652c    00000004     --HOLE-- [fill = 0]
                  00006530    0000001c                   : BIOS.obj (.text:xdc_runtime_Error_check__E)
                  0000654c    00000004     --HOLE-- [fill = 0]
                  00006550    0000001c                   : BIOS.obj (.text:xdc_runtime_Memory_valloc__E)
                  0000656c    00000004     --HOLE-- [fill = 0]
                  00006570    0000001c                   : BIOS.obj (.text:xdc_runtime_System_abort__E)
                  0000658c    0000001a     grlib.a : display.obj (.text:Graphics_clearDisplayOnDisplay)
                  000065a6    0000001a             : context.obj (.text:Graphics_setBackgroundColor)
                  000065c0    0000001a             : context.obj (.text:Graphics_setFont)
                  000065da    0000001a     release_pem4f.oem4f (.text:free)
                  000065f4    00000018     release_pem4f.oem4f (.text:.bootCodeSection:ti_sysbios_family_arm_msp432_init_Boot_init__I)
                  0000660c    00000018     msp432p4xx_driverlib.lib : sysctl_a.o (.text:SysCtl_A_disableNMISource)
                  00006624    00000018                              : sysctl_a.o (.text:SysCtl_A_enableNMISource)
                  0000663c    00000018     rtsv7M4_T_le_v4SPD16_eabi.lib : args_main.c.obj (.text:_args_main)
                  00006654    00000018                                   : strcmp.c.obj (.text:strcmp)
                  0000666c    00000018     release_pem4f.oem4f (.text:ti_sysbios_BIOS_rtsUnlock__I)
                  00006684    00000018     release_pem4f.oem4f (.text:ti_sysbios_family_arm_m3_Hwi_Module__startupDone__F)
                  0000669c    00000018     sysbios.aem4f : m3_TaskSupport_asm.obj (.text:ti_sysbios_family_arm_m3_TaskSupport_swap__E)
                  000066b4    00000018     release_pem4f.oem4f (.text:ti_sysbios_family_arm_msp432_Timer_Module__startupDone__F)
                  000066cc    00000004     --HOLE-- [fill = 0]
                  000066d0    00000018     sysbios.aem4f : BIOS.obj (.text:ti_sysbios_gates_GateMutex_leave__E)
                  000066e8    00000018                   : BIOS.obj (.text:ti_sysbios_knl_Task_sleepTimeout__I)
                  00006700    00000018     release_pem4f.oem4f (.text:time)
                  00006718    00000018     sysbios.aem4f : BIOS.obj (.text:xdc_runtime_Error_init__E)
                  00006730    00000018                   : BIOS.obj (.text:xdc_runtime_System_exit__E)
                  00006748    00000016     msp432p4xx_driverlib.lib : spi.o (.text:EUSCI_A_SPI_enable)
                  0000675e    00000016                              : spi.o (.text:EUSCI_B_SPI_enable)
                  00006774    00000016     grlib.a : context.obj (.text:Graphics_setForegroundColor)
                  0000678a    00000016             : display.obj (.text:Graphics_translateColorOnDisplay)
                  000067a0    00000016     rtsv7M4_T_le_v4SPD16_eabi.lib : strchr.c.obj (.text:strchr)
                  000067b6    00000016     release_pem4f.oem4f (.text:ti_sysbios_BIOS_exitFunc__I)
                  000067cc    00000016     protectedlcd.obj (.text:ti_sysbios_gates_GateMutexPri_Params_init)
                  000067e2    00000016     main_tirtos.obj (.text:ti_sysbios_knl_Mailbox_Params_init)
                  000067f8    00000016     main_tirtos.obj (.text:ti_sysbios_knl_Task_Params_init)
                  0000680e    00000002     --HOLE-- [fill = 0]
                  00006810    00000016     sysbios.aem4f : BIOS.obj (.text:ti_sysbios_knl_Task_unblock__E)
                  00006826    00000002     --HOLE-- [fill = 0]
                  00006828    00000014     msp432p4xx_driverlib.lib : pcm.o (.text:PCM_getPowerState)
                  0000683c    00000014     drivers_msp432p401x.aem4f : PowerMSP432.oem4f (.text:Power_idleFunc)
                  00006850    00000014     rtsv7M4_T_le_v4SPD16_eabi.lib : strcpy.c.obj (.text:strcpy)
                  00006864    00000014                                   : strlen.c.obj (.text:strlen)
                  00006878    00000014     release_pem4f.oem4f (.text:ti_sysbios_family_arm_m3_Hwi_Object__get__S)
                  0000688c    00000004     --HOLE-- [fill = 0]
                  00006890    00000014     sysbios.aem4f : BIOS.obj (.text:ti_sysbios_family_arm_m3_Hwi_switchFromBootStack__E)
                  000068a4    00000014     release_pem4f.oem4f (.text:ti_sysbios_heaps_HeapMem_Object__get__S)
                  000068b8    00000014     release_pem4f.oem4f (.text:ti_sysbios_knl_Swi_Object__get__S)
                  000068cc    00000012     grlib.a : context.obj (.text:Graphics_clearDisplay)
                  000068de    00000012     dpl_msp432p401x.aem4f : SemaphoreP_tirtos.oem4f (.text:SemaphoreP_pend)
                  000068f0    00000012     sysbios.aem4f : BIOS.obj (.text:ti_sysbios_hal_Hwi_Module_startup__E)
                  00006902    00000012     release_pem4f.oem4f (.text:xdc_runtime_Startup_exec__I)
                  00006914    00000010     msp432p4xx_driverlib.lib : adc14.o (.text:ADCIsConversionRunning)
                  00006924    00000010     dpl_msp432p401x.aem4f : HwiP_tirtos.oem4f (.text:HwiP_Params_init)
                  00006934    00000010     msp432p4xx_driverlib.lib : pcm.o (.text:PCM_gotoLPM4)
                  00006944    00000010                              : pcm.o (.text:PCM_setPowerMode)
                  00006954    00000010                              : pcm.o (.text:PCM_setPowerState)
                  00006964    00000010                              : sysctl_a.o (.text:SysCtl_A_getNMISourceStatus)
                  00006974    00000010                              : sysctl.o (.text:SysCtl_getNMISourceStatus)
                  00006984    00000004     --HOLE-- [fill = 0]
                  00006988    00000010     sysbios.aem4f : BIOS.obj (.text:ti_sysbios_BIOS_exit__E)
                  00006998    00000010                   : BIOS.obj (.text:ti_sysbios_BIOS_setCpuFreq__E)
                  000069a8    00000010                   : BIOS.obj (.text:ti_sysbios_BIOS_setThreadType__E)
                  000069b8    00000010                   : BIOS.obj (.text:ti_sysbios_BIOS_start__E)
                  000069c8    00000010                   : m3_TaskSupport_asm.obj (.text:ti_sysbios_family_arm_m3_TaskSupport_glue)
                  000069d8    00000010                   : BIOS.obj (.text:ti_sysbios_family_arm_msp432_init_Boot_disableWatchdog)
                  000069e8    00000010                   : BIOS.obj (.text:ti_sysbios_gates_GateMutexPri_Instance_finalize__E)
                  000069f8    00000010                   : BIOS.obj (.text:ti_sysbios_gates_GateMutex_Instance_finalize__E)
                  00006a08    00000010     release_pem4f.oem4f (.text:ti_sysbios_knl_Mailbox_Object__get__S)
                  00006a18    00000010     sysbios.aem4f : BIOS.obj (.text:ti_sysbios_knl_Semaphore_Instance_finalize__E)
                  00006a28    00000010                   : BIOS.obj (.text:ti_sysbios_knl_Swi_disable__E)
                  00006a38    00000010     release_pem4f.oem4f (.text:ti_sysbios_knl_Task_Object__get__S)
                  00006a48    00000010     sysbios.aem4f : BIOS.obj (.text:ti_sysbios_knl_Task_disable__E)
                  00006a58    00000010                   : BIOS.obj (.text:xdc_runtime_Gate_leaveSystem__E)
                  00006a68    00000010                   : BIOS.obj (.text:xdc_runtime_Memory_free__E)
                  00006a78    00000010                   : BIOS.obj (.text:xdc_runtime_SysCallback_abort__E)
                  00006a88    00000010                   : BIOS.obj (.text:xdc_runtime_SysCallback_exit__E)
                  00006a98    0000000e     bsp.obj (.text:bsp_halt)
                  00006aa6    0000000e     rtsv7M4_T_le_v4SPD16_eabi.lib : copy_decompress_none.c.obj (.text:decompress:none:__TI_decompress_none)
                  00006ab4    00000004     --HOLE-- [fill = 0]
                  00006ab8    0000000e     sysbios.aem4f : BIOS.obj (.text:ti_sysbios_knl_Idle_loop__E)
                  00006ac6    00000002     --HOLE-- [fill = 0]
                  00006ac8    0000000e                   : BIOS.obj (.text:ti_sysbios_knl_Queue_empty__E)
                  00006ad6    0000000c     ti_drivers_config.obj (.text:Board_init)
                  00006ae2    0000000c     msp432p4xx_driverlib.lib : cpu.o (.text:CPU_cpsid)
                  00006aee    0000000c                              : cpu.o (.text:CPU_cpsie)
                  00006afa    00000002     --HOLE-- [fill = 0]
                  00006afc    0000000c     drivers_msp432p401x.aem4f : PowerMSP432.oem4f (.text:Power_getConstraintMask)
                  00006b08    0000000c     dpl_msp432p401x.aem4f : SemaphoreP_tirtos.oem4f (.text:SemaphoreP_delete)
                  00006b14    0000000c     rtsv7M4_T_le_v4SPD16_eabi.lib : _lock.c.obj (.text:_register_lock)
                  00006b20    0000000c                                   : _lock.c.obj (.text:_register_unlock)
                  00006b2c    0000000c     bsp.obj (.text:bsp_master_int_disable)
                  00006b38    0000000c     rtsv7M4_T_le_v4SPD16_eabi.lib : copy_zero_init.c.obj (.text:decompress:ZI:__TI_zero_init)
                  00006b44    0000000c     release_pem4f.oem4f (.text:ti_sysbios_family_arm_m3_Hwi_Params__init__S)
                  00006b50    0000000c     sysbios.aem4f : BIOS.obj (.text:ti_sysbios_family_arm_m3_Hwi_disableFxn__E)
                  00006b5c    00000004     --HOLE-- [fill = 0]
                  00006b60    0000000c                   : BIOS.obj (.text:ti_sysbios_family_arm_m3_TaskSupport_getStackAlignment__E)
                  00006b6c    00000004     --HOLE-- [fill = 0]
                  00006b70    0000000c                   : BIOS.obj (.text:ti_sysbios_family_arm_msp432_Timer_getMaxTicks__E)
                  00006b7c    00000004     --HOLE-- [fill = 0]
                  00006b80    0000000c                   : BIOS.obj (.text:ti_sysbios_gates_GateHwi_enter__E)
                  00006b8c    0000000c     release_pem4f.oem4f (.text:ti_sysbios_gates_GateMutexPri_Params__init__S)
                  00006b98    0000000c     release_pem4f.oem4f (.text:ti_sysbios_knl_Mailbox_Params__init__S)
                  00006ba4    0000000c     release_pem4f.oem4f (.text:ti_sysbios_knl_Queue_Object__get__S)
                  00006bb0    0000000c     release_pem4f.oem4f (.text:ti_sysbios_knl_Semaphore_Params__init__S)
                  00006bbc    0000000c     release_pem4f.oem4f (.text:ti_sysbios_knl_Task_Params__init__S)
                  00006bc8    0000000c     sysbios.aem4f : BIOS.obj (.text:ti_sysbios_rts_ti_ReentSupport_taskRegHook__I)
                  00006bd4    00000004     --HOLE-- [fill = 0]
                  00006bd8    0000000c                   : BIOS.obj (.text:xdc_runtime_Gate_enterSystem__E)
                  00006be4    00000004     --HOLE-- [fill = 0]
                  00006be8    0000000c                   : BIOS.obj (.text:xdc_runtime_Memory_calloc__E)
                  00006bf4    00000004     --HOLE-- [fill = 0]
                  00006bf8    0000000c                   : BIOS.obj (.text:xdc_runtime_Startup_rtsDone__E)
                  00006c04    0000000a     drivers_msp432p401x.aem4f : ADC.oem4f (.text:ADC_Params_init)
                  00006c0e    0000000a                               : ADC.oem4f (.text:ADC_convert)
                  00006c18    0000000a     Crystalfontz128x128_ST7735.obj (.text:Crystalfontz128x128_Flush)
                  00006c22    0000000a     release_pem4f.oem4f (.text:xdc_runtime_IHeap_alloc)
                  00006c2c    0000000a     release_pem4f.oem4f (.text:xdc_runtime_IHeap_free)
                  00006c36    00000002     --HOLE-- [fill = 0]
                  00006c38    00000008     sysbios.aem4f : BIOS.obj (.text:ti_sysbios_family_arm_m3_Hwi_doSwiRestore__I)
                  00006c40    00000008                   : BIOS.obj (.text:ti_sysbios_family_arm_m3_Hwi_startup__E)
                  00006c48    00000006                   : BIOS.obj (.text:ti_sysbios_family_arm_m3_Hwi_doTaskRestore__I)
                  00006c4e    00000002     --HOLE-- [fill = 0]
                  00006c50    00000006                   : BIOS.obj (.text:ti_sysbios_family_arm_m3_Hwi_restoreFxn__E)
                  00006c56    00000002     --HOLE-- [fill = 0]
                  00006c58    00000006                   : BIOS.obj (.text:ti_sysbios_gates_GateHwi_leave__E)
                  00006c5e    00000002     --HOLE-- [fill = 0]
                  00006c60    00000006                   : BIOS.obj (.text:ti_sysbios_heaps_HeapMem_isBlocking__E)
                  00006c66    00000002     --HOLE-- [fill = 0]
                  00006c68    00000006                   : BIOS.obj (.text:ti_sysbios_knl_Queue_Instance_init__E)
                  00006c6e    00000002     --HOLE-- [fill = 0]
                  00006c70    00000006                   : BIOS.obj (.text:ti_sysbios_knl_Swi_startup__E)
                  00006c76    00000002     --HOLE-- [fill = 0]
                  00006c78    00000006                   : BIOS.obj (.text:xdc_runtime_System_Module_startup__E)
                  00006c7e    00000002     --HOLE-- [fill = 0]
                  00006c80    00000004                   : BIOS.obj (.text:ti_sysbios_gates_GateHwi_query__E)
                  00006c84    00000004     --HOLE-- [fill = 0]
                  00006c88    00000004                   : BIOS.obj (.text:ti_sysbios_gates_GateMutexPri_query__E)
                  00006c8c    00000004     --HOLE-- [fill = 0]
                  00006c90    00000004                   : BIOS.obj (.text:ti_sysbios_gates_GateMutex_query__E)
                  00006c94    00000004     --HOLE-- [fill = 0]
                  00006c98    00000004                   : BIOS.obj (.text:ti_sysbios_knl_Task_startup__E)
                  00006c9c    00000004     --HOLE-- [fill = 0]
                  00006ca0    00000002                   : BIOS.obj (.text:ti_sysbios_BIOS_linkedWithIncorrectBootLibrary__E)
                  00006ca2    00000006     --HOLE-- [fill = 0]
                  00006ca8    00000002                   : BIOS.obj (.text:ti_sysbios_gates_GateHwi_Instance_init__E)
                  00006caa    00000006     --HOLE-- [fill = 0]
                  00006cb0    00000002                   : BIOS.obj (.text:ti_sysbios_knl_Clock_logTick__E)
                  00006cb2    00000006     --HOLE-- [fill = 0]
                  00006cb8    00000002                   : BIOS.obj (.text:xdc_runtime_SysCallback_defaultAbort)
                  00006cba    00000006     --HOLE-- [fill = 0]
                  00006cc0    00000002                   : BIOS.obj (.text:xdc_runtime_SysCallback_defaultExit)
                  00006cc2    00000006     --HOLE-- [fill = 0]
                  00006cc8    00000002                   : BIOS.obj (.text:xdc_runtime_System_abortSpin__E)
                  00006cca    00000006     --HOLE-- [fill = 0]
                  00006cd0    00000002                   : BIOS.obj (.text:xdc_runtime_System_exitSpin__E)

.const     0    00006cd4    00000a24     
                  00006cd4    000002f8     grlib.a : fontfixed6x8.obj (.const:.string:g_pucFontFixed6x8Data)
                  00006fcc    000000c8             : fontfixed6x8.obj (.const:g_sFontFixed6x8)
                  00007094    00000080     msp432p4xx_driverlib.lib : adc14.o (.const:_ctlRegs)
                  00007114    00000060     rtsv7M4_T_le_v4SPD16_eabi.lib : mktime.c.obj (.const:$O1$$)
                  00007174    0000003c     release_pem4f.oem4f (.const:ti_sysbios_knl_Task_Object__PARAMS__C)
                  000071b0    00000038     ti_drivers_config.obj (.const:PowerMSP432_config)
                  000071e8    00000034     release_pem4f.oem4f (.const:ti_sysbios_knl_Mailbox_Object__PARAMS__C)
                  0000721c    00000030     msp432p4xx_driverlib.lib : gpio.o (.const:GPIO_PORT_TO_BASE)
                  0000724c    00000030     ti_drivers_config.obj (.const:adcMSP432HWAttrs)
                  0000727c    00000030     release_pem4f.oem4f (.const:ti_sysbios_family_arm_m3_Hwi_Object__PARAMS__C)
                  000072ac    00000028     release_pem4f.oem4f (.const:ti_sysbios_heaps_HeapMem_Module__FXNS__C)
                  000072d4    00000024     ti_drivers_config.obj (.const:ADC_config)
                  000072f8    00000024     release_pem4f.oem4f (.const:ti_sysbios_gates_GateHwi_Module__FXNS__C)
                  0000731c    00000024     release_pem4f.oem4f (.const:ti_sysbios_gates_GateMutexPri_Module__FXNS__C)
                  00007340    00000024     release_pem4f.oem4f (.const:ti_sysbios_gates_GateMutex_Module__FXNS__C)
                  00007364    00000024     release_pem4f.oem4f (.const:ti_sysbios_heaps_HeapMem_Object__PARAMS__C)
                  00007388    00000024     release_pem4f.oem4f (.const:ti_sysbios_knl_Semaphore_Object__PARAMS__C)
                  000073ac    00000024     release_pem4f.oem4f (.const:xdc_runtime_Startup_sfxnTab__A)
                  000073d0    00000020     Crystalfontz128x128_ST7735.obj (.const:g_sCrystalfontz128x128_funcs)
                  000073f0    00000020     release_pem4f.oem4f (.const:ti_sysbios_family_arm_m3_Hwi_Object__DESC__C)
                  00007410    00000020     release_pem4f.oem4f (.const:ti_sysbios_gates_GateHwi_Object__DESC__C)
                  00007430    00000020     release_pem4f.oem4f (.const:ti_sysbios_gates_GateMutexPri_Object__DESC__C)
                  00007450    00000020     release_pem4f.oem4f (.const:ti_sysbios_gates_GateMutex_Object__DESC__C)
                  00007470    00000020     release_pem4f.oem4f (.const:ti_sysbios_heaps_HeapMem_Object__DESC__C)
                  00007490    00000020     release_pem4f.oem4f (.const:ti_sysbios_knl_Mailbox_Object__DESC__C)
                  000074b0    00000020     release_pem4f.oem4f (.const:ti_sysbios_knl_Queue_Object__DESC__C)
                  000074d0    00000020     release_pem4f.oem4f (.const:ti_sysbios_knl_Semaphore_Object__DESC__C)
                  000074f0    00000020     release_pem4f.oem4f (.const:ti_sysbios_knl_Task_Object__DESC__C)
                  00007510    0000001c     HAL_MSP_EXP432P401R_Crystalfontz128x128_ST7735.obj (.const:$P$T0$1)
                  0000752c    00000018     drivers_msp432p401x.aem4f : ADCMSP432.oem4f (.const:ADCMSP432_fxnTable)
                  00007544    00000018     release_pem4f.oem4f (.const:ti_sysbios_gates_GateHwi_Object__PARAMS__C)
                  0000755c    00000018     release_pem4f.oem4f (.const:ti_sysbios_gates_GateMutexPri_Object__PARAMS__C)
                  00007574    00000018     release_pem4f.oem4f (.const:ti_sysbios_gates_GateMutex_Object__PARAMS__C)
                  0000758c    00000018     release_pem4f.oem4f (.const:ti_sysbios_knl_Queue_Object__PARAMS__C)
                  000075a4    00000018     release_pem4f.oem4f (.const:ti_sysbios_knl_Task_hooks__A)
                  000075bc    00000012     release_pem4f.oem4f (.const:xdc_runtime_Startup_sfxnRts__A)
                  000075ce    00000002     release_pem4f.oem4f (.const:ti_sysbios_family_arm_m3_Hwi_Module__id__C)
                  000075d0    0000000c     release_pem4f.oem4f (.const:xdc_runtime_Startup_firstFxns__A)
                  000075dc    00000008     Crystalfontz128x128_ST7735.obj (.const:$P$T0$1)
                  000075e4    00000008     drivers_msp432p401x.aem4f : ADC.oem4f (.const:ADC_defaultParams)
                  000075ec    00000008     release_pem4f.oem4f (.const:ti_sysbios_knl_Idle_funcList__A)
                  000075f4    00000008     release_pem4f.oem4f (.const:ti_sysbios_knl_Idle_funcList__C)
                  000075fc    00000008     release_pem4f.oem4f (.const:ti_sysbios_knl_Task_hooks__C)
                  00007604    00000008     release_pem4f.oem4f (.const:xdc_runtime_Startup_firstFxns__C)
                  0000760c    00000008     release_pem4f.oem4f (.const:xdc_runtime_Startup_lastFxns__C)
                  00007614    00000004     release_pem4f.oem4f (.const:ti_sysbios_family_arm_m3_Hwi_E_alreadyDefined__C)
                  00007618    00000004     release_pem4f.oem4f (.const:ti_sysbios_family_arm_m3_Hwi_E_badIntNum__C)
                  0000761c    00000004     release_pem4f.oem4f (.const:ti_sysbios_family_arm_m3_Hwi_NUM_INTERRUPTS__C)
                  00007620    00000004     release_pem4f.oem4f (.const:ti_sysbios_family_arm_m3_Hwi_Object__count__C)
                  00007624    00000004     release_pem4f.oem4f (.const:ti_sysbios_family_arm_m3_Hwi_ccr__C)
                  00007628    00000004     release_pem4f.oem4f (.const:ti_sysbios_family_arm_m3_Hwi_excHandlerFunc__C)
                  0000762c    00000004     release_pem4f.oem4f (.const:ti_sysbios_family_arm_m3_Hwi_nullIsrFunc__C)
                  00007630    00000004     release_pem4f.oem4f (.const:ti_sysbios_family_arm_m3_Hwi_priGroup__C)
                  00007634    00000004     release_pem4f.oem4f (.const:ti_sysbios_family_arm_m3_Hwi_swiDisable__C)
                  00007638    00000004     release_pem4f.oem4f (.const:ti_sysbios_family_arm_m3_Hwi_swiRestore__C)
                  0000763c    00000004     release_pem4f.oem4f (.const:ti_sysbios_family_arm_m3_TaskSupport_stackAlignment__C)
                  00007640    00000004     release_pem4f.oem4f (.const:ti_sysbios_family_arm_msp432_Timer_numTimerDevices__C)
                  00007644    00000004     release_pem4f.oem4f (.const:ti_sysbios_family_arm_msp432_Timer_startupNeeded__C)
                  00007648    00000004     release_pem4f.oem4f (.const:ti_sysbios_gates_GateMutexPri_Instance_State_pendQ__O)
                  0000764c    00000004     release_pem4f.oem4f (.const:ti_sysbios_gates_GateMutex_Instance_State_sem__O)
                  00007650    00000004     release_pem4f.oem4f (.const:ti_sysbios_heaps_HeapMem_E_memory__C)
                  00007654    00000004     release_pem4f.oem4f (.const:ti_sysbios_heaps_HeapMem_Module__gateObj__C)
                  00007658    00000004     release_pem4f.oem4f (.const:ti_sysbios_heaps_HeapMem_Object__count__C)
                  0000765c    00000004     release_pem4f.oem4f (.const:ti_sysbios_heaps_HeapMem_primaryHeapBaseAddr__C)
                  00007660    00000004     release_pem4f.oem4f (.const:ti_sysbios_heaps_HeapMem_primaryHeapEndAddr__C)
                  00007664    00000004     release_pem4f.oem4f (.const:ti_sysbios_heaps_HeapMem_reqAlign__C)
                  00007668    00000004     release_pem4f.oem4f (.const:ti_sysbios_knl_Clock_Module_State_clockQ__O)
                  0000766c    00000004     release_pem4f.oem4f (.const:ti_sysbios_knl_Mailbox_Instance_State_dataQue__O)
                  00007670    00000004     release_pem4f.oem4f (.const:ti_sysbios_knl_Mailbox_Instance_State_dataSem__O)
                  00007674    00000004     release_pem4f.oem4f (.const:ti_sysbios_knl_Mailbox_Instance_State_freeQue__O)
                  00007678    00000004     release_pem4f.oem4f (.const:ti_sysbios_knl_Mailbox_Instance_State_freeSem__O)
                  0000767c    00000004     release_pem4f.oem4f (.const:ti_sysbios_knl_Mailbox_Object__count__C)
                  00007680    00000004     release_pem4f.oem4f (.const:ti_sysbios_knl_Mailbox_maxTypeAlign__C)
                  00007684    00000004     release_pem4f.oem4f (.const:ti_sysbios_knl_Semaphore_Instance_State_pendQ__O)
                  00007688    00000004     release_pem4f.oem4f (.const:ti_sysbios_knl_Swi_Object__count__C)
                  0000768c    00000004     release_pem4f.oem4f (.const:ti_sysbios_knl_Task_Module_State_inactiveQ__O)
                  00007690    00000004     release_pem4f.oem4f (.const:ti_sysbios_knl_Task_Object__count__C)
                  00007694    00000004     release_pem4f.oem4f (.const:ti_sysbios_knl_Task_Object__heap__C)
                  00007698    00000004     release_pem4f.oem4f (.const:ti_sysbios_knl_Task_allBlockedFunc__C)
                  0000769c    00000004     release_pem4f.oem4f (.const:ti_sysbios_knl_Task_defaultStackHeap__C)
                  000076a0    00000004     release_pem4f.oem4f (.const:ti_sysbios_knl_Task_defaultStackSize__C)
                  000076a4    00000004     release_pem4f.oem4f (.const:ti_sysbios_knl_Task_numConstructedTasks__C)
                  000076a8    00000004     release_pem4f.oem4f (.const:xdc_runtime_Error_E_memory__C)
                  000076ac    00000004     release_pem4f.oem4f (.const:xdc_runtime_Error_policyFxn__C)
                  000076b0    00000004     release_pem4f.oem4f (.const:xdc_runtime_IGateProvider_Interface__BASE__C)
                  000076b4    00000004     release_pem4f.oem4f (.const:xdc_runtime_IHeap_Interface__BASE__C)
                  000076b8    00000004     release_pem4f.oem4f (.const:xdc_runtime_IModule_Interface__BASE__C)
                  000076bc    00000004     release_pem4f.oem4f (.const:xdc_runtime_Memory_defaultHeapInstance__C)
                  000076c0    00000004     release_pem4f.oem4f (.const:xdc_runtime_Startup_execImpl__C)
                  000076c4    00000004     release_pem4f.oem4f (.const:xdc_runtime_Startup_maxPasses__C)
                  000076c8    00000004     release_pem4f.oem4f (.const:xdc_runtime_Startup_sfxnRts__C)
                  000076cc    00000004     release_pem4f.oem4f (.const:xdc_runtime_Startup_sfxnTab__C)
                  000076d0    00000004     release_pem4f.oem4f (.const:xdc_runtime_SysCallback_abortFxn__C)
                  000076d4    00000004     release_pem4f.oem4f (.const:xdc_runtime_SysCallback_exitFxn__C)
                  000076d8    00000004     release_pem4f.oem4f (.const:xdc_runtime_System_Module__gateObj__C)
                  000076dc    00000004     release_pem4f.oem4f (.const:xdc_runtime_System_abortFxn__C)
                  000076e0    00000004     release_pem4f.oem4f (.const:xdc_runtime_System_exitFxn__C)
                  000076e4    00000004     release_pem4f.oem4f (.const:xdc_runtime_System_maxAtexitHandlers__C)
                  000076e8    00000003     ti_drivers_config.obj (.const)
                  000076eb    00000001     release_pem4f.oem4f (.const:xdc_runtime_Error_policy__C)
                  000076ec    00000002     release_pem4f.oem4f (.const:ti_sysbios_family_arm_msp432_init_Boot_bypassHFXT__C)
                  000076ee    00000002     release_pem4f.oem4f (.const:ti_sysbios_family_arm_msp432_init_Boot_bypassLFXT__C)
                  000076f0    00000002     release_pem4f.oem4f (.const:ti_sysbios_family_arm_msp432_init_Boot_enableHFXT__C)
                  000076f2    00000002     release_pem4f.oem4f (.const:ti_sysbios_family_arm_msp432_init_Boot_enableLFXT__C)
                  000076f4    00000002     release_pem4f.oem4f (.const:ti_sysbios_heaps_HeapMem_Module__id__C)
                  000076f6    00000002     release_pem4f.oem4f (.const:xdc_runtime_Memory_Module__id__C)

.cinit     0    000076f8    000002b0     
                  000076f8    00000286     (.cinit..data.load) [load image, compression = lzss]
                  0000797e    00000002     --HOLE-- [fill = 0]
                  00007980    0000000c     (__TI_handler_table)
                  0000798c    00000004     --HOLE-- [fill = 0]
                  00007990    00000008     (.cinit..bss.load) [load image, compression = zero_init]
                  00007998    00000010     (__TI_cinit_table)

.init_array 
*          0    00000000    00000000     UNINITIALIZED

.data      0    20008140    00000813     UNINITIALIZED
                  20008140    00000140     drivers_msp432p401x.aem4f : PowerMSP432.oem4f (.data:PowerMSP432_perfLevels)
                  20008280    000000f0     rtsv7M4_T_le_v4SPD16_eabi.lib : defs.c.obj (.data:_ftable)
                  20008370    00000088     sysbios.aem4f : BIOS.obj (.data:$O1$$)
                  200083f8    00000080     release_pem4f.oem4f (.data:ti_sysbios_knl_Swi_Module_State_0_readyQ__A)
                  20008478    00000080     release_pem4f.oem4f (.data:ti_sysbios_knl_Task_Module_State_0_readyQ__A)
                  200084f8    00000078     rtsv7M4_T_le_v4SPD16_eabi.lib : host_device.c.obj (.data:_device)
                  20008570    00000054     release_pem4f.oem4f (.data:ti_sysbios_gates_GateMutex_Object__table__V)
                  200085c4    00000050     rtsv7M4_T_le_v4SPD16_eabi.lib : host_device.c.obj (.data:_stream)
                  20008614    0000004c     release_pem4f.oem4f (.data:ti_sysbios_knl_Task_Object__table__V)
                  20008660    00000044     release_pem4f.oem4f (.data:ti_sysbios_family_arm_msp432_Timer_Object__table__V)
                  200086a4    00000044     release_pem4f.oem4f (.data:ti_sysbios_knl_Task_Module__state__V)
                  200086e8    00000034     release_pem4f.oem4f (.data:ti_sysbios_family_arm_m3_Hwi_Module__state__V)
                  2000871c    00000030     release_pem4f.oem4f (.data:ti_sysbios_knl_Swi_Object__table__V)
                  2000874c    0000002c     drivers_msp432p401x.aem4f : PowerMSP432.oem4f (.data:PowerMSP432_module)
                  20008778    0000002c     release_pem4f.oem4f (.data:ti_sysbios_knl_Clock_Module__state__V)
                  200087a4    00000024     release_pem4f.oem4f (.data:ti_sysbios_BIOS_Module__state__V)
                  200087c8    00000020     release_pem4f.oem4f (.data:ti_sysbios_family_arm_msp432_Timer_Module_State_0_device__A)
                  200087e8    00000020     release_pem4f.oem4f (.data:xdc_runtime_Error_IgnoreBlock)
                  20008808    0000001c     release_pem4f.oem4f (.data:ti_sysbios_knl_Swi_Module__state__V)
                  20008824    00000018     release_pem4f.oem4f (.data:ti_sysbios_family_arm_m3_Hwi_Object__table__V)
                  2000883c    00000018     release_pem4f.oem4f (.data:ti_sysbios_heaps_HeapMem_Object__table__V)
                  20008854    00000010     rtsv7M4_T_le_v4SPD16_eabi.lib : tmzone.c.obj (.data:_tz)
                  20008864    00000010     Crystalfontz128x128_ST7735.obj (.data:g_sCrystalfontz128x128)
                  20008874    00000010     rtsv7M4_T_le_v4SPD16_eabi.lib : defs.c.obj (.data)
                  20008884    00000010     release_pem4f.oem4f (.data:ti_sysbios_family_arm_msp432_Timer_Module_State_0_handles__A)
                  20008894    0000000c     rtsv7M4_T_le_v4SPD16_eabi.lib : exit.c.obj (.data:$O1$$)
                  200088a0    0000000c     release_pem4f.oem4f (.data:ti_sysbios_family_arm_msp432_ClockFreqs_Module__state__V)
                  200088ac    0000000c     release_pem4f.oem4f (.data:ti_sysbios_family_arm_msp432_Timer_Module__state__V)
                  200088b8    00000008     rtsv7M4_T_le_v4SPD16_eabi.lib : _lock.c.obj (.data:$O1$$)
                  200088c0    00000008     drivers_msp432p401x.aem4f : ADCMSP432.oem4f (.data)
                  200088c8    00000008     protectedlcd.obj (.data:moves)
                  200088d0    00000008     release_pem4f.oem4f (.data:ti_sysbios_family_arm_m3_Hwi_Module__root__V)
                  200088d8    00000008     release_pem4f.oem4f (.data:ti_sysbios_gates_GateHwi_Module__root__V)
                  200088e0    00000008     release_pem4f.oem4f (.data:ti_sysbios_gates_GateMutexPri_Module__root__V)
                  200088e8    00000008     release_pem4f.oem4f (.data:ti_sysbios_gates_GateMutex_Module__root__V)
                  200088f0    00000008     release_pem4f.oem4f (.data:ti_sysbios_heaps_HeapMem_Module__root__V)
                  200088f8    00000008     release_pem4f.oem4f (.data:ti_sysbios_knl_Mailbox_Module__root__V)
                  20008900    00000008     release_pem4f.oem4f (.data:ti_sysbios_knl_Queue_Module__root__V)
                  20008908    00000008     release_pem4f.oem4f (.data:ti_sysbios_knl_Semaphore_Module__root__V)
                  20008910    00000008     release_pem4f.oem4f (.data:ti_sysbios_knl_Task_Module__root__V)
                  20008918    00000008     release_pem4f.oem4f (.data:xdc_runtime_Startup_Module__state__V)
                  20008920    00000008     release_pem4f.oem4f (.data:xdc_runtime_System_Module_State_0_atexitHandlers__A)
                  20008928    00000008     release_pem4f.oem4f (.data:xdc_runtime_System_Module__state__V)
                  20008930    00000004     rtsv7M4_T_le_v4SPD16_eabi.lib : rand.c.obj (.data)
                  20008934    00000004                                   : stkdepth_vars.c.obj (.data)
                  20008938    00000004     release_pem4f.oem4f (.data:ti_sysbios_family_arm_m3_Hwi_Module_State_0_excContext__A)
                  2000893c    00000004     release_pem4f.oem4f (.data:ti_sysbios_family_arm_m3_Hwi_Module_State_0_excStack__A)
                  20008940    00000004     release_pem4f.oem4f (.data:ti_sysbios_gates_GateHwi_Object__table__V)
                  20008944    00000004     release_pem4f.oem4f (.data:ti_sysbios_knl_Task_Module_State_0_idleTask__A)
                  20008948    00000004     release_pem4f.oem4f (.data:ti_sysbios_rts_ti_ReentSupport_Module__state__V)
                  2000894c    00000004     release_pem4f.oem4f (.data:xdc_runtime_Memory_Module__state__V)
                  20008950    00000002     release_pem4f.oem4f (.data:ti_sysbios_family_arm_m3_Hwi_Module_State_0_excActive__A)
                  20008952    00000001     drivers_msp432p401x.aem4f : ADC.oem4f (.data)

.bss       0    20008958    00000681     UNINITIALIZED
                  20008958    00000200     release_pem4f.oem4f (.bss:taskStackSection)
                  20008b58    00000140     (.common:ti_sysbios_family_arm_m3_Hwi_dispatchTable)
                  20008c98    0000012c     protectedlcd.obj (.bss:snake)
                  20008dc4    00000120     rtsv7M4_T_le_v4SPD16_eabi.lib : trgmsg.c.obj (.bss:_CIOBUF_)
                  20008ee4    000000a0     (.common:__TI_tmpnams)
                  20008f84    0000001c     protectedlcd.obj (.bss:g_context)
                  20008fa0    00000008     msp432p4xx_driverlib.lib : cs.o (.bss)
                  20008fa8    00000008     (.common:adcMSP432Objects)
                  20008fb0    00000008     (.common:parmbuf)
                  20008fb8    00000004     protectedlcd.obj (.bss)
                  20008fbc    00000004     (.common:g_mail_adc)
                  20008fc0    00000004     (.common:g_mail_adc_x)
                  20008fc4    00000004     (.common:ti_sysbios_knl_Task_Instance_State_0_hookEnv__A)
                  20008fc8    00000002     (.common:Lcd_ScreenHeigth)
                  20008fca    00000002     (.common:Lcd_ScreenWidth)
                  20008fcc    00000002     (.common:Lcd_TouchTrim)
                  20008fce    00000002     (.common:snakeLength)
                  20008fd0    00000001     (.common:Lcd_FlagRead)
                  20008fd1    00000001     (.common:Lcd_FontSolid)
                  20008fd2    00000001     (.common:Lcd_Orientation)
                  20008fd3    00000001     (.common:Lcd_PenSolid)
                  20008fd4    00000001     (.common:dirX)
                  20008fd5    00000001     (.common:dirY)
                  20008fd6    00000001     (.common:isFruit)
                  20008fd7    00000001     (.common:xFruit)
                  20008fd8    00000001     (.common:yFruit)

.priheap   0    20000140    00008000     UNINITIALIZED
                  20000140    00008000     --HOLE--

.stack     0    2000fc00    00000400     UNINITIALIZED
                  2000fc00    00000400     --HOLE--

.bootVecs 
*          0    00000000    00000008     DSECT
                  00000000    00000008     boot.aem4f : boot.oem4f (.bootVecs)

.resetVecs 
*          0    00000000    0000003c     
                  00000000    0000003c     release_pem4f.oem4f (.resetVecs)

.vecs      0    20000000    00000140     NOLOAD SECTION
                  20000000    00000140     release_pem4f.oem4f (.vecs)

xdc.meta   0    00000000    00000101     COPY SECTION
                  00000000    00000101     release_pem4f.oem4f (xdc.meta)

xdc.noload 
*          0    00000000    00000000     COPY SECTION

__llvm_prf_cnts 
*          0    20000000    00000000     UNINITIALIZED

.binit     0    00000000    00000000     

MODULE SUMMARY

       Module                                               code    ro data   rw data
       ------                                               ----    -------   -------
    .\
       protectedlcd.obj                                     934     0         680    
       main_tirtos.obj                                      1236    0         30     
       bsp.obj                                              146     0         0      
    +--+----------------------------------------------------+-------+---------+---------+
       Total:                                               2316    0         710    
                                                                                     
    .\LcdDriver\
       Crystalfontz128x128_ST7735.obj                       1670    40        52     
       HAL_MSP_EXP432P401R_Crystalfontz128x128_ST7735.obj   212     28        0      
    +--+----------------------------------------------------+-------+---------+---------+
       Total:                                               1882    68        52     
                                                                                     
    .\syscfg\
       ti_drivers_config.obj                                14      143       16     
    +--+----------------------------------------------------+-------+---------+---------+
       Total:                                               14      143       16     
                                                                                     
    C:\Users\a0491002\workspace_v10\tirtos_builds_MSP_EXP432P401R_release_ccs\Debug\configPkg\package\cfg\
       release_pem4f.oem4f                                  1774    1181      4380   
    +--+----------------------------------------------------+-------+---------+---------+
       Total:                                               1774    1181      4380   
                                                                                     
    C:/ti/simplelink_msp432p4_sdk_3_40_01_02/kernel/tirtos/packages/ti/dpl/lib/dpl_msp432p401x.aem4f
       PowerMSP432_tirtos.oem4f                             122     0         0      
       HwiP_tirtos.oem4f                                    84      0         0      
       SemaphoreP_tirtos.oem4f                              78      0         0      
    +--+----------------------------------------------------+-------+---------+---------+
       Total:                                               284     0         0      
                                                                                     
    C:/ti/simplelink_msp432p4_sdk_3_40_01_02/source/ti/devices/msp432p4xx/driverlib/ccs/msp432p4xx_driverlib.lib
       pcm.o                                                1770    0         0      
       cs.o                                                 704     0         16     
       adc14.o                                              588     128       0      
       gpio.o                                               280     48        0      
       spi.o                                                312     0         0      
       sysctl_a.o                                           64      0         0      
       rtc_c.o                                              44      0         0      
       wdt_a.o                                              36      0         0      
       cpu.o                                                28      0         0      
       sysctl.o                                             16      0         0      
    +--+----------------------------------------------------+-------+---------+---------+
       Total:                                               3842    176       16     
                                                                                     
    C:/ti/simplelink_msp432p4_sdk_3_40_01_02/source/ti/drivers/lib/drivers_msp432p401x.aem4f
       PowerMSP432.oem4f                                    1992    0         728    
       ADCMSP432.oem4f                                      696     24        16     
       ADC.oem4f                                            152     8         2      
    +--+----------------------------------------------------+-------+---------+---------+
       Total:                                               2840    32        746    
                                                                                     
    C:/ti/simplelink_msp432p4_sdk_3_40_01_02/source/ti/grlib/lib/ccs/m4f/grlib.a
       fontfixed6x8.obj                                     0       960       0      
       circle.obj                                           554     0         0      
       context.obj                                          174     0         0      
       line.obj                                             156     0         0      
       display.obj                                          102     0         0      
    +--+----------------------------------------------------+-------+---------+---------+
       Total:                                               986     960       0      
                                                                                     
    C:\Users\a0491002\workspace_v10\tirtos_builds_MSP_EXP432P401R_release_ccs\src\sysbios\sysbios.aem4f
       BIOS.obj                                             8824    0         272    
       m3_Hwi_asm.obj                                       318     0         0      
       m3_TaskSupport_asm.obj                               180     0         0      
       m3_Hwi_asm_switch.obj                                118     0         0      
    +--+----------------------------------------------------+-------+---------+---------+
       Total:                                               9440    0         272    
                                                                                     
    C:\ti\ccs1020\ccs\tools\compiler\ti-cgt-arm_20.2.2.LTS\lib\rtsv7M4_T_le_v4SPD16_eabi.lib
       defs.c.obj                                           0       0         832    
       mktime.c.obj                                         672     96        0      
       trgmsg.c.obj                                         108     0         576    
       host_device.c.obj                                    0       0         400    
       fputs.c.obj                                          276     0         0      
       setvbuf.c.obj                                        220     0         0      
       fflush.c.obj                                         200     0         0      
       memcpy_t2.asm.obj                                    156     0         0      
       ull_div_t2.asm.obj                                   150     0         0      
       memset_t2.asm.obj                                    122     0         0      
       fclose.c.obj                                         116     0         0      
       getdevice.c.obj                                      116     0         0      
       hostopen.c.obj                                       96      0         16     
       ll_div_t2.asm.obj                                    110     0         0      
       hostrename.c.obj                                     108     0         0      
       copy_decompress_lzss.c.obj                           104     0         0      
       hostlseek.c.obj                                      104     0         0      
       fseek.c.obj                                          100     0         0      
       _io_perm.c.obj                                       98      0         0      
       rand.c.obj                                           88      0         8      
       close.c.obj                                          92      0         0      
       hostread.c.obj                                       88      0         0      
       hostwrite.c.obj                                      88      0         0      
       cpy_tbl.c.obj                                        76      0         0      
       hostclose.c.obj                                      68      0         0      
       hostunlink.c.obj                                     68      0         0      
       strncpy.c.obj                                        54      0         0      
       fopen.c.obj                                          52      0         0      
       unlink.c.obj                                         44      0         0      
       _lock.c.obj                                          26      0         16     
       lseek.c.obj                                          40      0         0      
       write.c.obj                                          40      0         0      
       memchr.c.obj                                         32      0         0      
       tmzone.c.obj                                         0       0         32     
       assert.c.obj                                         28      0         0      
       exit.c.obj                                           4       0         24     
       args_main.c.obj                                      24      0         0      
       strcmp.c.obj                                         24      0         0      
       strchr.c.obj                                         22      0         0      
       strcpy.c.obj                                         20      0         0      
       strlen.c.obj                                         20      0         0      
       copy_decompress_none.c.obj                           14      0         0      
       copy_zero_init.c.obj                                 12      0         0      
       stkdepth_vars.c.obj                                  0       0         8      
       div0.asm.obj                                         2       0         0      
    +--+----------------------------------------------------+-------+---------+---------+
       Total:                                               3882    96        1912   
                                                                                     
    C:\ti\simplelink_msp432p4_sdk_3_40_01_02\kernel\tirtos\packages\ti\targets\arm\rtsarm\lib\auto_init.aem4f
       auto_init.oem4f                                      160     0         0      
    +--+----------------------------------------------------+-------+---------+---------+
[...]
00006a99  bsp_halt                                                        
00006aa7  __TI_decompress_none                                            
00006ab9  ti_sysbios_knl_Idle_loop__E                                     
00006ac9  ti_sysbios_knl_Queue_empty__E                                   
00006ad7  Board_init                                                      
00006ae3  CPU_cpsid                                                       
00006aef  CPU_cpsie                                                       
00006afd  Power_getConstraintMask                                         
00006b09  SemaphoreP_delete                                               
00006b15  _register_lock                                                  
00006b21  _register_unlock                                                
00006b39  __TI_zero_init                                                  
00006b45  ti_sysbios_family_arm_m3_Hwi_Params__init__S                    
00006b45  ti_sysbios_hal_Hwi_HwiProxy_Params__init__S                     
00006b51  ti_sysbios_family_arm_m3_Hwi_disableFxn__E                      
00006b51  ti_sysbios_hal_Hwi_HwiProxy_disable__E                          
00006b61  ti_sysbios_family_arm_m3_TaskSupport_getStackAlignment__E       
00006b61  ti_sysbios_knl_Task_SupportProxy_getStackAlignment__E           
00006b71  ti_sysbios_family_arm_msp432_Timer_getMaxTicks__E               
00006b81  ti_sysbios_gates_GateHwi_enter__E                               
00006b8d  ti_sysbios_gates_GateMutexPri_Params__init__S                   
00006b99  ti_sysbios_knl_Mailbox_Params__init__S                          
00006ba5  ti_sysbios_knl_Queue_Object__get__S                             
00006bb1  ti_sysbios_knl_Semaphore_Params__init__S                        
00006bbd  ti_sysbios_knl_Task_Params__init__S                             
00006bc9  ti_sysbios_rts_ti_ReentSupport_taskRegHook__I                   
00006bd9  xdc_runtime_Gate_enterSystem__E                                 
00006be9  xdc_runtime_Memory_calloc__E                                    
00006bf9  xdc_runtime_Startup_rtsDone__E                                  
00006c05  ADC_Params_init                                                 
00006c0f  ADC_convert                                                     
00006c23  xdc_runtime_Memory_HeapProxy_alloc__E                           
00006c2d  xdc_runtime_Memory_HeapProxy_free__E                            
00006c39  ti_sysbios_family_arm_m3_Hwi_doSwiRestore__I                    
00006c41  ti_sysbios_family_arm_m3_Hwi_startup__E                         
00006c41  ti_sysbios_hal_Hwi_HwiProxy_startup__E                          
00006c41  ti_sysbios_hal_Hwi_startup__E                                   
00006c49  ti_sysbios_family_arm_m3_Hwi_doTaskRestore__I                   
00006c51  HwiP_restore                                                    
00006c51  ti_sysbios_family_arm_m3_Hwi_restoreFxn__E                      
00006c51  ti_sysbios_hal_Hwi_HwiProxy_restore__E                          
00006c59  ti_sysbios_gates_GateHwi_leave__E                               
00006c61  ti_sysbios_heaps_HeapMem_isBlocking__E                          
00006c69  ti_sysbios_knl_Queue_Instance_init__E                           
00006c71  ti_sysbios_knl_Swi_startup__E                                   
00006c79  xdc_runtime_System_Module_startup__E                            
00006c81  ti_sysbios_gates_GateHwi_query__E                               
00006c81  xdc_runtime_Main_Module_GateProxy_query__E                      
00006c81  xdc_runtime_System_Module_GateProxy_query__E                    
00006c89  ti_sysbios_gates_GateMutexPri_query__E                          
00006c91  ti_sysbios_BIOS_RtsGateProxy_query__E                           
00006c91  ti_sysbios_gates_GateMutex_query__E                             
00006c91  ti_sysbios_heaps_HeapMem_Module_GateProxy_query__E              
00006c99  ti_sysbios_knl_Task_startup__E                                  
00006ca1  ti_sysbios_BIOS_linkedWithIncorrectBootLibrary__E               
00006ca9  ti_sysbios_gates_GateHwi_Instance_init__E                       
00006cb1  ti_sysbios_knl_Clock_logTick__E                                 
00006cb9  xdc_runtime_SysCallback_defaultAbort                            
00006cc1  xdc_runtime_SysCallback_defaultExit                             
00006cc9  xdc_runtime_System_abortSpin__E                                 
00006cd1  xdc_runtime_System_exitSpin__E                                  
00006fcc  g_sFontFixed6x8                                                 
00007174  ti_sysbios_knl_Task_Object__PARAMS__C                           
000071b0  PowerMSP432_config                                              
000071e8  ti_sysbios_knl_Mailbox_Object__PARAMS__C                        
0000724c  adcMSP432HWAttrs                                                
0000727c  ti_sysbios_family_arm_m3_Hwi_Object__PARAMS__C                  
000072ac  ti_sysbios_heaps_HeapMem_Module__FXNS__C                        
000072d4  ADC_config                                                      
000072f8  ti_sysbios_gates_GateHwi_Module__FXNS__C                        
0000731c  ti_sysbios_gates_GateMutexPri_Module__FXNS__C                   
00007340  ti_sysbios_gates_GateMutex_Module__FXNS__C                      
00007364  ti_sysbios_heaps_HeapMem_Object__PARAMS__C                      
00007388  ti_sysbios_knl_Semaphore_Object__PARAMS__C                      
000073ac  xdc_runtime_Startup_sfxnTab__A                                  
000073d0  g_sCrystalfontz128x128_funcs                                    
000073f0  ti_sysbios_family_arm_m3_Hwi_Object__DESC__C                    
00007410  ti_sysbios_gates_GateHwi_Object__DESC__C                        
00007430  ti_sysbios_gates_GateMutexPri_Object__DESC__C                   
00007450  ti_sysbios_gates_GateMutex_Object__DESC__C                      
00007470  ti_sysbios_heaps_HeapMem_Object__DESC__C                        
00007490  ti_sysbios_knl_Mailbox_Object__DESC__C                          
000074b0  ti_sysbios_knl_Queue_Object__DESC__C                            
000074d0  ti_sysbios_knl_Semaphore_Object__DESC__C                        
000074f0  ti_sysbios_knl_Task_Object__DESC__C                             
0000752c  ADCMSP432_fxnTable                                              
00007544  ti_sysbios_gates_GateHwi_Object__PARAMS__C                      
0000755c  ti_sysbios_gates_GateMutexPri_Object__PARAMS__C                 
00007574  ti_sysbios_gates_GateMutex_Object__PARAMS__C                    
0000758c  ti_sysbios_knl_Queue_Object__PARAMS__C                          
000075a4  ti_sysbios_knl_Task_hooks__A                                    
000075bc  xdc_runtime_Startup_sfxnRts__A                                  
000075ce  ti_sysbios_family_arm_m3_Hwi_Module__id__C                      
000075d0  xdc_runtime_Startup_firstFxns__A                                
000075e4  ADC_defaultParams                                               
000075ec  ti_sysbios_knl_Idle_funcList__A                                 
000075f4  ti_sysbios_knl_Idle_funcList__C                                 
000075fc  ti_sysbios_knl_Task_hooks__C                                    
00007604  xdc_runtime_Startup_firstFxns__C                                
0000760c  xdc_runtime_Startup_lastFxns__C                                 
00007614  ti_sysbios_family_arm_m3_Hwi_E_alreadyDefined__C                
00007618  ti_sysbios_family_arm_m3_Hwi_E_badIntNum__C                     
0000761c  ti_sysbios_family_arm_m3_Hwi_NUM_INTERRUPTS__C                  
00007620  ti_sysbios_family_arm_m3_Hwi_Object__count__C                   
00007624  ti_sysbios_family_arm_m3_Hwi_ccr__C                             
00007628  ti_sysbios_family_arm_m3_Hwi_excHandlerFunc__C                  
0000762c  ti_sysbios_family_arm_m3_Hwi_nullIsrFunc__C                     
00007630  ti_sysbios_family_arm_m3_Hwi_priGroup__C                        
00007634  ti_sysbios_family_arm_m3_Hwi_swiDisable__C                      
00007638  ti_sysbios_family_arm_m3_Hwi_swiRestore__C                      
0000763c  ti_sysbios_family_arm_m3_TaskSupport_stackAlignment__C          
00007640  ti_sysbios_family_arm_msp432_Timer_numTimerDevices__C           
00007644  ti_sysbios_family_arm_msp432_Timer_startupNeeded__C             
00007648  ti_sysbios_gates_GateMutexPri_Instance_State_pendQ__O           
0000764c  ti_sysbios_gates_GateMutex_Instance_State_sem__O                
00007650  ti_sysbios_heaps_HeapMem_E_memory__C                            
00007654  ti_sysbios_heaps_HeapMem_Module__gateObj__C                     
00007658  ti_sysbios_heaps_HeapMem_Object__count__C                       
0000765c  ti_sysbios_heaps_HeapMem_primaryHeapBaseAddr__C                 
00007660  ti_sysbios_heaps_HeapMem_primaryHeapEndAddr__C                  
00007664  ti_sysbios_heaps_HeapMem_reqAlign__C                            
00007668  ti_sysbios_knl_Clock_Module_State_clockQ__O                     
0000766c  ti_sysbios_knl_Mailbox_Instance_State_dataQue__O                
00007670  ti_sysbios_knl_Mailbox_Instance_State_dataSem__O                
00007674  ti_sysbios_knl_Mailbox_Instance_State_freeQue__O                
00007678  ti_sysbios_knl_Mailbox_Instance_State_freeSem__O                
0000767c  ti_sysbios_knl_Mailbox_Object__count__C                         
00007680  ti_sysbios_knl_Mailbox_maxTypeAlign__C                          
00007684  ti_sysbios_knl_Semaphore_Instance_State_pendQ__O                
00007688  ti_sysbios_knl_Swi_Object__count__C                             
0000768c  ti_sysbios_knl_Task_Module_State_inactiveQ__O                   
00007690  ti_sysbios_knl_Task_Object__count__C                            
00007694  ti_sysbios_knl_Task_Object__heap__C                             
00007698  ti_sysbios_knl_Task_allBlockedFunc__C                           
0000769c  ti_sysbios_knl_Task_defaultStackHeap__C                         
000076a0  ti_sysbios_knl_Task_defaultStackSize__C                         
000076a4  ti_sysbios_knl_Task_numConstructedTasks__C                      
000076a8  xdc_runtime_Error_E_memory__C                                   
000076ac  xdc_runtime_Error_policyFxn__C                                  
000076b0  xdc_runtime_IGateProvider_Interface__BASE__C                    
000076b4  xdc_runtime_IHeap_Interface__BASE__C                            
000076b8  xdc_runtime_IModule_Interface__BASE__C                          
000076bc  xdc_runtime_Memory_defaultHeapInstance__C                       
000076c0  xdc_runtime_Startup_execImpl__C                                 
000076c4  xdc_runtime_Startup_maxPasses__C                                
000076c8  xdc_runtime_Startup_sfxnRts__C                                  
000076cc  xdc_runtime_Startup_sfxnTab__C                                  
000076d0  xdc_runtime_SysCallback_abortFxn__C                             
000076d4  xdc_runtime_SysCallback_exitFxn__C                              
000076d8  xdc_runtime_System_Module__gateObj__C                           
000076dc  xdc_runtime_System_abortFxn__C                                  
000076e0  xdc_runtime_System_exitFxn__C                                   
000076e4  xdc_runtime_System_maxAtexitHandlers__C                         
000076e8  Display_count                                                   
000076e9  ADC_count                                                       
000076ea  UART_count                                                      
000076eb  xdc_runtime_Error_policy__C                                     
000076ec  ti_sysbios_family_arm_msp432_init_Boot_bypassHFXT__C            
000076ee  ti_sysbios_family_arm_msp432_init_Boot_bypassLFXT__C            
000076f0  ti_sysbios_family_arm_msp432_init_Boot_enableHFXT__C            
000076f2  ti_sysbios_family_arm_msp432_init_Boot_enableLFXT__C            
000076f4  ti_sysbios_heaps_HeapMem_Module__id__C                          
000076f6  xdc_runtime_Memory_Module__id__C                                
000076f8  __TI_static_base__                                              
00007980  __TI_Handler_Table_Base                                         
0000798c  __TI_Handler_Table_Limit                                        
00007998  __TI_CINIT_Base                                                 
000079a8  __TI_CINIT_Limit                                                
00008000  HEAPSIZE                                                        
20000000  __start___llvm_prf_cnts                                         
20000000  __stop___llvm_prf_cnts                                          
20000000  ti_sysbios_family_arm_m3_Hwi_ramVectors                         
20000140  __primary_heap_start__                                          
20008140  PowerMSP432_perfLevels                                          
20008140  __primary_heap_end__                                            
20008280  _ftable                                                         
200083f8  ti_sysbios_knl_Swi_Module_State_0_readyQ__A                     
20008478  ti_sysbios_knl_Task_Module_State_0_readyQ__A                    
200084f8  _device                                                         
20008570  ti_sysbios_gates_GateMutex_Object__table__V                     
200085c4  _stream                                                         
20008614  ti_sysbios_knl_Task_Object__table__V                            
20008660  ti_sysbios_family_arm_msp432_Timer_Object__table__V             
200086a4  ti_sysbios_knl_Task_Module__state__V                            
200086e8  ti_sysbios_family_arm_m3_Hwi_Module__state__V                   
2000871c  ti_sysbios_knl_Swi_Object__table__V                             
2000874c  PowerMSP432_module                                              
20008778  ti_sysbios_knl_Clock_Module__state__V                           
200087a4  ti_sysbios_BIOS_Module__state__V                                
200087c8  ti_sysbios_family_arm_msp432_Timer_Module_State_0_device__A     
200087e8  xdc_runtime_Error_IgnoreBlock                                   
20008808  ti_sysbios_knl_Swi_Module__state__V                             
20008824  ti_sysbios_family_arm_m3_Hwi_Object__table__V                   
2000883c  ti_sysbios_heaps_HeapMem_Object__table__V                       
20008854  _tz                                                             
20008864  g_sCrystalfontz128x128                                          
20008874  __TI_ft_end                                                     
20008878  __aeabi_stdin                                                   
2000887c  __aeabi_stdout                                                  
20008880  __aeabi_stderr                                                  
20008884  ti_sysbios_family_arm_msp432_Timer_Module_State_0_handles__A    
20008894  __TI_cleanup_ptr                                                
20008898  __TI_dtors_ptr                                                  
2000889c  __TI_enable_exit_profile_output                                 
200088a0  ti_sysbios_family_arm_msp432_ClockFreqs_Module__state__V        
200088ac  ti_sysbios_family_arm_msp432_Timer_Module__state__V             
200088b8  _lock                                                           
200088bc  _unlock                                                         
200088d0  ti_sysbios_family_arm_m3_Hwi_Module__root__V                    
200088d8  ti_sysbios_gates_GateHwi_Module__root__V                        
200088e0  ti_sysbios_gates_GateMutexPri_Module__root__V                   
200088e8  ti_sysbios_gates_GateMutex_Module__root__V                      
200088f0  ti_sysbios_heaps_HeapMem_Module__root__V                        
200088f8  ti_sysbios_knl_Mailbox_Module__root__V                          
20008900  ti_sysbios_knl_Queue_Module__root__V                            
20008908  ti_sysbios_knl_Semaphore_Module__root__V                        
20008910  ti_sysbios_knl_Task_Module__root__V                             
20008918  xdc_runtime_Startup_Module__state__V                            
20008920  xdc_runtime_System_Module_State_0_atexitHandlers__A             
20008928  xdc_runtime_System_Module__state__V                             
20008934  main_func_sp                                                    
20008938  ti_sysbios_family_arm_m3_Hwi_Module_State_0_excContext__A       
2000893c  ti_sysbios_family_arm_m3_Hwi_Module_State_0_excStack__A         
20008940  ti_sysbios_gates_GateHwi_Object__table__V                       
20008944  ti_sysbios_knl_Task_Module_State_0_idleTask__A                  
20008948  ti_sysbios_rts_ti_ReentSupport_Module__state__V                 
2000894c  xdc_runtime_Memory_Module__state__V                             
20008950  ti_sysbios_family_arm_m3_Hwi_Module_State_0_excActive__A        
20008958  ti_sysbios_knl_Task_Instance_State_0_stack__A                   
20008b58  ti_sysbios_family_arm_m3_Hwi_dispatchTable                      
20008dc4  __CIOBUF_                                                       
20008ee4  __TI_tmpnams                                                    
20008fa8  adcMSP432Objects                                                
20008fb0  parmbuf                                                         
20008fbc  g_mail_adc                                                      
20008fc0  g_mail_adc_x                                                    
20008fc4  ti_sysbios_knl_Task_Instance_State_0_hookEnv__A                 
20008fc8  Lcd_ScreenHeigth                                                
20008fca  Lcd_ScreenWidth                                                 
20008fcc  Lcd_TouchTrim                                                   
20008fce  snakeLength                                                     
20008fd0  Lcd_FlagRead                                                    
20008fd1  Lcd_FontSolid                                                   
20008fd2  Lcd_Orientation                                                 
20008fd3  Lcd_PenSolid                                                    
20008fd4  dirX                                                            
20008fd5  dirY                                                            
20008fd6  isFruit                                                         
20008fd7  xFruit                                                          
20008fd8  yFruit                                                          
2000fc00  __stack                                                         
20010000  __STACK_END                                                     
4000480c  WDTCTL_SYM                                                      
e000e000  ti_sysbios_family_arm_m3_Hwi_nvic                               
ffffffff  __TI_pprof_out_hndl                                             
ffffffff  __TI_prof_data_size                                             
ffffffff  __TI_prof_data_start                                            
ffffffff  __binit__                                                       
ffffffff  __c_args__                                                      
ffffffff  binit                                                           
UNDEFED   SHT$$INIT_ARRAY$$Base                                           
UNDEFED   SHT$$INIT_ARRAY$$Limit                                          

[609 symbols]
